# ******************************************************************************
# ***            This file is generated and should not be edited             ***
# ******************************************************************************
#
# This file contains variables, rules, and pools with name prefixes indicating
# they were generated by the following Go packages:
#
#     bob       [from Go package bob]
#     bootstrap [from Go package github.com/google/blueprint/bootstrap]
#
ninja_required_version = 1.7.0

g.bob.BuildDir = redacted

g.bob.SrcDir = redacted

g.bootstrap.BinDir = redacted/.bootstrap/bin

g.bootstrap.buildDir = redacted

g.bootstrap.ninjaBuildDir = redacted

# Limit the parallelization of linking, which is memory intensive
pool g.bob.link
    depth = 1

builddir = ${g.bootstrap.ninjaBuildDir}

rule g.bob.cc
    command = ${build_wrapper} ${ccompiler} -c ${cflags} ${conlyflags} -MD -MF ${depfile} ${in} -o ${out}
    depfile = ${out}.d
    deps = gcc
    description = ${out}

rule g.bob.executable
    pool = g.bob.link
    command = ${build_wrapper} ${linker} ${in} -o ${out} ${ldflags} ${static_libs} -L${shared_libs_dir} ${shared_libs_flags} ${ldlibs}
    description = ${out}

rule g.bob.static_library
    command = rm -f ${out} && ${build_wrapper} ${ar} -rcs ${out} ${in}
    description = ${out}

rule g.bootstrap.cp
    command = cp ${in} ${out}
    description = cp ${out}

# # # # # # # # # # # # # # # # # # # # # # # # # # # # # # # # # # # # # # # #
# Module:  bin
# Variant: target
# Type:    bob_binary
# Factory: github.com/ARM-software/bob-build/core.Main.func1.1
# Defined: build.bp:redacted

m.bin_target.cflags = 
m.bin_target.conlyflags = -DANDROID -Wno-unused-but-set-variable -march=armv8-a+crypto+sha2 -nostdlibinc -fPIC -Wno-nullability-extension -Wno-gcc-compat -Wno-deprecated-non-prototypes -Wno-shorten-64-to-32 -Wno-unused-but-set-variable -Wno-implicit-function-declaration -Wno-int-conversion -I/android/prebuilts/clang/host/linux-x86/clang-r522817/include/c++/v1/ -isystem /android/prebuilts/vndk/v34/arm64/include/generated-headers/bionic/libc/libc/android_vendor.34_arm64_armv8-a_shared/gen/include -isystem /android/prebuilts/vndk/v34/arm64/include/bionic/libc/kernel/uapi/asm-arm64/ -isystem /android/prebuilts/vndk/v34/arm64/include/bionic/libc/kernel/android/uapi/ -isystem /android/prebuilts/vndk/v34/arm64/include/bionic/libc/kernel/uapi/ -isystem /android/prebuilts/runtime/mainline/runtime/sdk/common_os/include/bionic/libc -Wno-format-insufficient-args -Wno-misleading-indentation -Wno-bitwise-instead-of-logical -Wno-unused -Wno-unused-parameter -Wno-unused-but-set-parameter -Wno-unqualified-std-cast-call -Wno-array-parameter -Wno-gnu-offsetof-extensions -Wno-fortify-source -Wno-tautological-constant-compare -Wno-tautological-type-limit-compare -Wno-implicit-int-float-conversion -Wno-tautological-overlap-compare -Wno-deprecated-copy -Wno-range-loop-construct -Wno-zero-as-null-pointer-constant -Wno-deprecated-anon-enum-enum-conversion -Wno-deprecated-enum-enum-conversion -Wno-pessimizing-move -Wno-non-c-typedef-for-linkage -Wno-align-mismatch -Wno-error=unused-but-set-variable -Wno-error=unused-but-set-parameter -Wno-error=deprecated-builtins -Wno-error=deprecated -Wno-error=single-bit-bitfield-constant-conversion -Wno-error=enum-constexpr-conversion -Wno-error=invalid-offsetof -Wno-error=thread-safety-reference-return -Wno-deprecated-dynamic-exception-spec -Wno-vla-cxx-extension -Wno-unused-variable -Wno-missing-field-initializers -Wno-packed-non-pod -Wno-void-pointer-to-enum-cast -Wno-void-pointer-to-int-cast -Wno-pointer-to-int-cast -Wno-error=deprecated-declarations -Wno-missing-field-initializers -Wno-gnu-include-next -Wno-unused-function -Wno-missing-field-initializers -Wno-unused-parameter -Wno-tautological-constant-out-of-range-compare -Wno-unknown-warning-option -Wno-tautological-constant-out-of-range-compare -Wno-duplicate-decl-specifier -Wno-format-pedantic -Wno-gnu-zero-variadic-macro-arguments -Wno-gnu-redeclared-enum -Wno-newline-eof -Wno-expansion-to-defined -Wno-embedded-directive -Wno-implicit-fallthrough -Wno-zero-length-array -Wno-c11-extensions -Wno-gnu-include-next -Wno-long-long -Wno-variadic-macros -Wno-overlength-strings -Wno-attributes -Wno-unused-parameter -Wno-type-limits -Wno-error=nested-anon-types -Wno-error=gnu-anonymous-struct -Wno-missing-field-initializers -Wno-disabled-macro-expansion -Wno-padded -Wno-unused-macros -Wno-c++98-compat -Wno-c++98-compat-pedantic -Wno-c++2a-compat -Wno-c++2a-compat-pedantic -Wno-return-std-move-in-c++11 -Wno-reserved-identifier -Wno-gnu-zero-variadic-macro-arguments -Wno-enum-compare -Wno-enum-compare-switch -Wno-null-pointer-arithmetic -Wno-null-dereference -Wno-pointer-compare -Wno-final-dtor-non-final-class -Wno-psabi -Wno-null-pointer-subtraction -Wno-string-concatenation -Wno-deprecated-non-prototype -Wno-unused -Wno-deprecated -Wno-error=deprecated-declarations -Wno-c99-designator -Wno-gnu-folding-constant -Wno-inconsistent-missing-override -Wno-error=reorder-init-list -Wno-reorder-init-list -Wno-sign-compare -Wno-unused -Wno-strict-prototypes -target aarch64-linux-android10000

build ${g.bob.BuildDir}/target/objects/bin/main.c.o: g.bob.cc $
        ${g.bob.SrcDir}/main.c
    build_wrapper = 
    ccompiler = prebuilts/clang/host/linux-x86/clang-r522817/bin/clang
    cflags = ${m.bin_target.cflags}
    conlyflags = ${m.bin_target.conlyflags}

build ${g.bob.BuildDir}/target/objects/bin/src/dummy01.c.o: g.bob.cc $
        ${g.bob.SrcDir}/src/dummy01.c
    build_wrapper = 
    ccompiler = prebuilts/clang/host/linux-x86/clang-r522817/bin/clang
    cflags = ${m.bin_target.cflags}
    conlyflags = ${m.bin_target.conlyflags}

build $
        ${g.bob.BuildDir}/target/objects/bin/gen/nested_generated_source/nested_generated.c.o $
        : g.bob.cc $
        ${g.bob.BuildDir}/gen/nested_generated_source/nested_generated.c
    build_wrapper = 
    ccompiler = prebuilts/clang/host/linux-x86/clang-r522817/bin/clang
    cflags = ${m.bin_target.cflags}
    conlyflags = ${m.bin_target.conlyflags}

build $
        ${g.bob.BuildDir}/target/objects/bin/gen/nested_transform_source/nested_out01.c.o $
        : g.bob.cc $
        ${g.bob.BuildDir}/gen/nested_transform_source/nested_out01.c
    build_wrapper = 
    ccompiler = prebuilts/clang/host/linux-x86/clang-r522817/bin/clang
    cflags = ${m.bin_target.cflags}
    conlyflags = ${m.bin_target.conlyflags}

build $
        ${g.bob.BuildDir}/target/objects/bin/gen/nested_transform_source/nested_out02.c.o $
        : g.bob.cc $
        ${g.bob.BuildDir}/gen/nested_transform_source/nested_out02.c
    build_wrapper = 
    ccompiler = prebuilts/clang/host/linux-x86/clang-r522817/bin/clang
    cflags = ${m.bin_target.cflags}
    conlyflags = ${m.bin_target.conlyflags}

build $
        ${g.bob.BuildDir}/target/objects/bin/gen/nested_transform_source/transform_source/out01.c.o $
        : g.bob.cc $
        ${g.bob.BuildDir}/gen/nested_transform_source/transform_source/out01.c
    build_wrapper = 
    ccompiler = prebuilts/clang/host/linux-x86/clang-r522817/bin/clang
    cflags = ${m.bin_target.cflags}
    conlyflags = ${m.bin_target.conlyflags}

build $
        ${g.bob.BuildDir}/target/objects/bin/gen/nested_transform_source/transform_source/out02.c.o $
        : g.bob.cc $
        ${g.bob.BuildDir}/gen/nested_transform_source/transform_source/out02.c
    build_wrapper = 
    ccompiler = prebuilts/clang/host/linux-x86/clang-r522817/bin/clang
    cflags = ${m.bin_target.cflags}
    conlyflags = ${m.bin_target.conlyflags}

build ${g.bob.BuildDir}/target/objects/bin/gen/genrule/genrule_dummy01.c.o: $
        g.bob.cc ${g.bob.BuildDir}/gen/genrule/genrule_dummy01.c
    build_wrapper = 
    ccompiler = prebuilts/clang/host/linux-x86/clang-r522817/bin/clang
    cflags = ${m.bin_target.cflags}
    conlyflags = ${m.bin_target.conlyflags}

build ${g.bob.BuildDir}/target/objects/bin/gen/genrule/genrule_dummy02.c.o: $
        g.bob.cc ${g.bob.BuildDir}/gen/genrule/genrule_dummy02.c
    build_wrapper = 
    ccompiler = prebuilts/clang/host/linux-x86/clang-r522817/bin/clang
    cflags = ${m.bin_target.cflags}
    conlyflags = ${m.bin_target.conlyflags}

build ${g.bob.BuildDir}/target/executable/bin: g.bob.executable $
        ${g.bob.BuildDir}/target/objects/bin/main.c.o $
        ${g.bob.BuildDir}/target/objects/bin/src/dummy01.c.o $
        ${g.bob.BuildDir}/target/objects/bin/gen/nested_generated_source/nested_generated.c.o $
        ${g.bob.BuildDir}/target/objects/bin/gen/nested_transform_source/nested_out01.c.o $
        ${g.bob.BuildDir}/target/objects/bin/gen/nested_transform_source/nested_out02.c.o $
        ${g.bob.BuildDir}/target/objects/bin/gen/nested_transform_source/transform_source/out01.c.o $
        ${g.bob.BuildDir}/target/objects/bin/gen/nested_transform_source/transform_source/out02.c.o $
        ${g.bob.BuildDir}/target/objects/bin/gen/genrule/genrule_dummy01.c.o $
        ${g.bob.BuildDir}/target/objects/bin/gen/genrule/genrule_dummy02.c.o
    build_wrapper = 
    ldflags = -target aarch64-linux-android10000 -Wl,--as-needed
    ldlibs = 
    linker = prebuilts/clang/host/linux-x86/clang-r522817/bin/clang++
    shared_libs_dir = ${g.bob.BuildDir}/target/shared
    shared_libs_flags = -Wl,-rpath-link,${g.bob.BuildDir}/target/shared
    static_libs = 

build bin: phony ${g.bob.BuildDir}/target/executable/bin
default bin

# # # # # # # # # # # # # # # # # # # # # # # # # # # # # # # # # # # # # # # #
# Module:  generated_source
# Variant:
# Type:    bob_generate_source
# Factory: github.com/ARM-software/bob-build/core.Main.func1.1
# Defined: build.bp:redacted

rule m.generated_source_.gen_generated_source
    command = touch ${_out_}
    description = ${out}
    restat = true

build ${g.bob.BuildDir}/gen/generated_source/generated.c: $
        m.generated_source_.gen_generated_source
    _out_ = ${g.bob.BuildDir}/gen/generated_source/generated.c

build generated_source: phony $
        ${g.bob.BuildDir}/gen/generated_source/generated.c

# # # # # # # # # # # # # # # # # # # # # # # # # # # # # # # # # # # # # # # #
# Module:  genrule
# Variant:
# Type:    bob_genrule
# Factory: github.com/ARM-software/bob-build/core.Main.func1.1
# Defined: build.bp:redacted

rule m.genrule_.gen_genrule
    command = touch ${_out_}
    description = ${out}
    restat = true

build ${g.bob.BuildDir}/gen/genrule/genrule_dummy01.c $
        ${g.bob.BuildDir}/gen/genrule/genrule_dummy02.c: $
        m.genrule_.gen_genrule ${g.bob.SrcDir}/dummy01.c $
        ${g.bob.SrcDir}/dummy02.c
    _out_ = ${g.bob.BuildDir}/gen/genrule/genrule_dummy01.c ${g.bob.BuildDir}/gen/genrule/genrule_dummy02.c

build genrule: phony ${g.bob.BuildDir}/gen/genrule/genrule_dummy01.c $
        ${g.bob.BuildDir}/gen/genrule/genrule_dummy02.c

# # # # # # # # # # # # # # # # # # # # # # # # # # # # # # # # # # # # # # # #
# Module:  lib
# Variant: target
# Type:    bob_static_library
# Factory: github.com/ARM-software/bob-build/core.Main.func1.1
# Defined: build.bp:redacted

m.lib_target.cflags = 
m.lib_target.conlyflags = -DANDROID -Wno-unused-but-set-variable -march=armv8-a+crypto+sha2 -nostdlibinc -fPIC -Wno-nullability-extension -Wno-gcc-compat -Wno-deprecated-non-prototypes -Wno-shorten-64-to-32 -Wno-unused-but-set-variable -Wno-implicit-function-declaration -Wno-int-conversion -I/android/prebuilts/clang/host/linux-x86/clang-r522817/include/c++/v1/ -isystem /android/prebuilts/vndk/v34/arm64/include/generated-headers/bionic/libc/libc/android_vendor.34_arm64_armv8-a_shared/gen/include -isystem /android/prebuilts/vndk/v34/arm64/include/bionic/libc/kernel/uapi/asm-arm64/ -isystem /android/prebuilts/vndk/v34/arm64/include/bionic/libc/kernel/android/uapi/ -isystem /android/prebuilts/vndk/v34/arm64/include/bionic/libc/kernel/uapi/ -isystem /android/prebuilts/runtime/mainline/runtime/sdk/common_os/include/bionic/libc -Wno-format-insufficient-args -Wno-misleading-indentation -Wno-bitwise-instead-of-logical -Wno-unused -Wno-unused-parameter -Wno-unused-but-set-parameter -Wno-unqualified-std-cast-call -Wno-array-parameter -Wno-gnu-offsetof-extensions -Wno-fortify-source -Wno-tautological-constant-compare -Wno-tautological-type-limit-compare -Wno-implicit-int-float-conversion -Wno-tautological-overlap-compare -Wno-deprecated-copy -Wno-range-loop-construct -Wno-zero-as-null-pointer-constant -Wno-deprecated-anon-enum-enum-conversion -Wno-deprecated-enum-enum-conversion -Wno-pessimizing-move -Wno-non-c-typedef-for-linkage -Wno-align-mismatch -Wno-error=unused-but-set-variable -Wno-error=unused-but-set-parameter -Wno-error=deprecated-builtins -Wno-error=deprecated -Wno-error=single-bit-bitfield-constant-conversion -Wno-error=enum-constexpr-conversion -Wno-error=invalid-offsetof -Wno-error=thread-safety-reference-return -Wno-deprecated-dynamic-exception-spec -Wno-vla-cxx-extension -Wno-unused-variable -Wno-missing-field-initializers -Wno-packed-non-pod -Wno-void-pointer-to-enum-cast -Wno-void-pointer-to-int-cast -Wno-pointer-to-int-cast -Wno-error=deprecated-declarations -Wno-missing-field-initializers -Wno-gnu-include-next -Wno-unused-function -Wno-missing-field-initializers -Wno-unused-parameter -Wno-tautological-constant-out-of-range-compare -Wno-unknown-warning-option -Wno-tautological-constant-out-of-range-compare -Wno-duplicate-decl-specifier -Wno-format-pedantic -Wno-gnu-zero-variadic-macro-arguments -Wno-gnu-redeclared-enum -Wno-newline-eof -Wno-expansion-to-defined -Wno-embedded-directive -Wno-implicit-fallthrough -Wno-zero-length-array -Wno-c11-extensions -Wno-gnu-include-next -Wno-long-long -Wno-variadic-macros -Wno-overlength-strings -Wno-attributes -Wno-unused-parameter -Wno-type-limits -Wno-error=nested-anon-types -Wno-error=gnu-anonymous-struct -Wno-missing-field-initializers -Wno-disabled-macro-expansion -Wno-padded -Wno-unused-macros -Wno-c++98-compat -Wno-c++98-compat-pedantic -Wno-c++2a-compat -Wno-c++2a-compat-pedantic -Wno-return-std-move-in-c++11 -Wno-reserved-identifier -Wno-gnu-zero-variadic-macro-arguments -Wno-enum-compare -Wno-enum-compare-switch -Wno-null-pointer-arithmetic -Wno-null-dereference -Wno-pointer-compare -Wno-final-dtor-non-final-class -Wno-psabi -Wno-null-pointer-subtraction -Wno-string-concatenation -Wno-deprecated-non-prototype -Wno-unused -Wno-deprecated -Wno-error=deprecated-declarations -Wno-c99-designator -Wno-gnu-folding-constant -Wno-inconsistent-missing-override -Wno-error=reorder-init-list -Wno-reorder-init-list -Wno-sign-compare -Wno-unused -Wno-strict-prototypes -target aarch64-linux-android10000

build ${g.bob.BuildDir}/target/objects/lib/main.c.o: g.bob.cc $
        ${g.bob.SrcDir}/main.c
    build_wrapper = 
    ccompiler = prebuilts/clang/host/linux-x86/clang-r522817/bin/clang
    cflags = ${m.lib_target.cflags}
    conlyflags = ${m.lib_target.conlyflags}

build ${g.bob.BuildDir}/target/objects/lib/src/dummy01.c.o: g.bob.cc $
        ${g.bob.SrcDir}/src/dummy01.c
    build_wrapper = 
    ccompiler = prebuilts/clang/host/linux-x86/clang-r522817/bin/clang
    cflags = ${m.lib_target.cflags}
    conlyflags = ${m.lib_target.conlyflags}

build $
        ${g.bob.BuildDir}/target/objects/lib/gen/nested_generated_source/nested_generated.c.o $
        : g.bob.cc $
        ${g.bob.BuildDir}/gen/nested_generated_source/nested_generated.c
    build_wrapper = 
    ccompiler = prebuilts/clang/host/linux-x86/clang-r522817/bin/clang
    cflags = ${m.lib_target.cflags}
    conlyflags = ${m.lib_target.conlyflags}

build $
        ${g.bob.BuildDir}/target/objects/lib/gen/nested_transform_source/nested_out01.c.o $
        : g.bob.cc $
        ${g.bob.BuildDir}/gen/nested_transform_source/nested_out01.c
    build_wrapper = 
    ccompiler = prebuilts/clang/host/linux-x86/clang-r522817/bin/clang
    cflags = ${m.lib_target.cflags}
    conlyflags = ${m.lib_target.conlyflags}

build $
        ${g.bob.BuildDir}/target/objects/lib/gen/nested_transform_source/nested_out02.c.o $
        : g.bob.cc $
        ${g.bob.BuildDir}/gen/nested_transform_source/nested_out02.c
    build_wrapper = 
    ccompiler = prebuilts/clang/host/linux-x86/clang-r522817/bin/clang
    cflags = ${m.lib_target.cflags}
    conlyflags = ${m.lib_target.conlyflags}

build $
        ${g.bob.BuildDir}/target/objects/lib/gen/nested_transform_source/transform_source/out01.c.o $
        : g.bob.cc $
        ${g.bob.BuildDir}/gen/nested_transform_source/transform_source/out01.c
    build_wrapper = 
    ccompiler = prebuilts/clang/host/linux-x86/clang-r522817/bin/clang
    cflags = ${m.lib_target.cflags}
    conlyflags = ${m.lib_target.conlyflags}

build $
        ${g.bob.BuildDir}/target/objects/lib/gen/nested_transform_source/transform_source/out02.c.o $
        : g.bob.cc $
        ${g.bob.BuildDir}/gen/nested_transform_source/transform_source/out02.c
    build_wrapper = 
    ccompiler = prebuilts/clang/host/linux-x86/clang-r522817/bin/clang
    cflags = ${m.lib_target.cflags}
    conlyflags = ${m.lib_target.conlyflags}

build ${g.bob.BuildDir}/target/objects/lib/gen/genrule/genrule_dummy01.c.o: $
        g.bob.cc ${g.bob.BuildDir}/gen/genrule/genrule_dummy01.c
    build_wrapper = 
    ccompiler = prebuilts/clang/host/linux-x86/clang-r522817/bin/clang
    cflags = ${m.lib_target.cflags}
    conlyflags = ${m.lib_target.conlyflags}

build ${g.bob.BuildDir}/target/objects/lib/gen/genrule/genrule_dummy02.c.o: $
        g.bob.cc ${g.bob.BuildDir}/gen/genrule/genrule_dummy02.c
    build_wrapper = 
    ccompiler = prebuilts/clang/host/linux-x86/clang-r522817/bin/clang
    cflags = ${m.lib_target.cflags}
    conlyflags = ${m.lib_target.conlyflags}

build ${g.bob.BuildDir}/target/static/lib.a: g.bob.static_library $
        ${g.bob.BuildDir}/target/objects/lib/main.c.o $
        ${g.bob.BuildDir}/target/objects/lib/src/dummy01.c.o $
        ${g.bob.BuildDir}/target/objects/lib/gen/nested_generated_source/nested_generated.c.o $
        ${g.bob.BuildDir}/target/objects/lib/gen/nested_transform_source/nested_out01.c.o $
        ${g.bob.BuildDir}/target/objects/lib/gen/nested_transform_source/nested_out02.c.o $
        ${g.bob.BuildDir}/target/objects/lib/gen/nested_transform_source/transform_source/out01.c.o $
        ${g.bob.BuildDir}/target/objects/lib/gen/nested_transform_source/transform_source/out02.c.o $
        ${g.bob.BuildDir}/target/objects/lib/gen/genrule/genrule_dummy01.c.o $
        ${g.bob.BuildDir}/target/objects/lib/gen/genrule/genrule_dummy02.c.o
    ar = ar
    build_wrapper = 

build lib: phony ${g.bob.BuildDir}/target/static/lib.a

# # # # # # # # # # # # # # # # # # # # # # # # # # # # # # # # # # # # # # # #
# Module:  nested_generated_source
# Variant:
# Type:    bob_generate_source
# Factory: github.com/ARM-software/bob-build/core.Main.func1.1
# Defined: build.bp:redacted

rule m.nested_generated_source_.gen_nested_generated_source
    command = touch ${_out_}
    description = ${out}
    restat = true

build ${g.bob.BuildDir}/gen/nested_generated_source/nested_generated.c: $
        m.nested_generated_source_.gen_nested_generated_source $
        ${g.bob.BuildDir}/gen/generated_source/generated.c
    _out_ = ${g.bob.BuildDir}/gen/nested_generated_source/nested_generated.c

build nested_generated_source: phony $
        ${g.bob.BuildDir}/gen/nested_generated_source/nested_generated.c

# # # # # # # # # # # # # # # # # # # # # # # # # # # # # # # # # # # # # # # #
# Module:  nested_transform_source
# Variant:
# Type:    bob_transform_source
# Factory: github.com/ARM-software/bob-build/core.Main.func1.1
# Defined: build.bp:redacted

rule m.nested_transform_source_.gen_nested_transform_source
    command = some_tool
    description = ${out}
    restat = true

build ${g.bob.BuildDir}/gen/nested_transform_source/nested_out01.c: $
        m.nested_transform_source_.gen_nested_transform_source $
        ${g.bob.SrcDir}/dummy01.c
    _out_ = ${g.bob.BuildDir}/gen/nested_transform_source/nested_out01.c

build ${g.bob.BuildDir}/gen/nested_transform_source/nested_out02.c: $
        m.nested_transform_source_.gen_nested_transform_source $
        ${g.bob.SrcDir}/dummy02.c
    _out_ = ${g.bob.BuildDir}/gen/nested_transform_source/nested_out02.c

build ${g.bob.BuildDir}/gen/nested_transform_source/transform_source/out01.c: $
        m.nested_transform_source_.gen_nested_transform_source $
        ${g.bob.BuildDir}/gen/transform_source/out01.c
    _out_ = ${g.bob.BuildDir}/gen/nested_transform_source/transform_source/out01.c

build ${g.bob.BuildDir}/gen/nested_transform_source/transform_source/out02.c: $
        m.nested_transform_source_.gen_nested_transform_source $
        ${g.bob.BuildDir}/gen/transform_source/out02.c
    _out_ = ${g.bob.BuildDir}/gen/nested_transform_source/transform_source/out02.c

build nested_transform_source: phony $
        ${g.bob.BuildDir}/gen/nested_transform_source/nested_out01.c $
        ${g.bob.BuildDir}/gen/nested_transform_source/nested_out02.c $
        ${g.bob.BuildDir}/gen/nested_transform_source/transform_source/out01.c $
        ${g.bob.BuildDir}/gen/nested_transform_source/transform_source/out02.c

# # # # # # # # # # # # # # # # # # # # # # # # # # # # # # # # # # # # # # # #
# Module:  transform_source
# Variant:
# Type:    bob_transform_source
# Factory: github.com/ARM-software/bob-build/core.Main.func1.1
# Defined: build.bp:redacted

rule m.transform_source_.gen_transform_source
    command = some_tool
    description = ${out}
    restat = true

build ${g.bob.BuildDir}/gen/transform_source/out01.c: $
        m.transform_source_.gen_transform_source ${g.bob.SrcDir}/dummy01.c
    _out_ = ${g.bob.BuildDir}/gen/transform_source/out01.c

build ${g.bob.BuildDir}/gen/transform_source/out02.c: $
        m.transform_source_.gen_transform_source ${g.bob.SrcDir}/dummy02.c
    _out_ = ${g.bob.BuildDir}/gen/transform_source/out02.c

build transform_source: phony ${g.bob.BuildDir}/gen/transform_source/out01.c $
        ${g.bob.BuildDir}/gen/transform_source/out02.c

# # # # # # # # # # # # # # # # # # # # # # # # # # # # # # # # # # # # # # # #
# Singleton: bootstrap
# Factory:   github.com/google/blueprint/bootstrap.Main.newSingletonFactory.func4

build ${g.bootstrap.buildDir}/bin/minibp: g.bootstrap.cp $
        ${g.bootstrap.BinDir}/minibp
default ${g.bootstrap.buildDir}/bin/minibp

build blueprint_tools: phony
default blueprint_tools

