
genrule {
    name: "_check_buildbp_updates_redacted",
    srcs: ["build.bp"],
    out: ["androidbp_up_to_date"],
    tool_files: ["scripts/verify_hash.py"],
    cmd: "python $(location scripts/verify_hash.py) --hash redacted --out $(out) -- $(in)",
}

cc_library_shared {
    name: "libstripped_library",
    srcs: ["lib.c"],
    compile_multilib: "both",
    strip: {
        all: true,
    },
}

