
genrule {
    name: "_check_buildbp_updates_redacted",
    srcs: ["build.bp"],
    out: ["androidbp_up_to_date"],
    tool_files: ["scripts/verify_hash.py"],
    cmd: "python $(location scripts/verify_hash.py) --hash redacted --out $(out) -- $(in)",
}

gensrcs {
    name: "gensrcs_single_cpp",
    srcs: ["f1.in"],
    cmd: "python $(location) --in $(in) --gen $(out)",
    export_include_dirs: ["."],
    tool_files: ["generator.py"],
    output_extension: "cpp",
}

