# ******************************************************************************
# ***            This file is generated and should not be edited             ***
# ******************************************************************************
#
# This file contains variables, rules, and pools with name prefixes indicating
# they were generated by the following Go packages:
#
#     bob       [from Go package bob]
#     bootstrap [from Go package github.com/google/blueprint/bootstrap]
#
ninja_required_version = 1.7.0

g.bob.BuildDir = redacted

g.bob.SrcDir = redacted

g.bootstrap.BinDir = redacted/.bootstrap/bin

g.bootstrap.buildDir = redacted

g.bootstrap.ninjaBuildDir = redacted

# Limit the parallelization of linking, which is memory intensive
pool g.bob.link
    depth = 1

builddir = ${g.bootstrap.ninjaBuildDir}

rule g.bob.as
    command = ${build_wrapper} ${ascompiler} ${asflags} ${in} -MD ${depfile} -o ${out}
    depfile = ${out}.d
    deps = gcc
    description = ${out}

rule g.bob.cc
    command = ${build_wrapper} ${ccompiler} -c ${cflags} ${conlyflags} -MD -MF ${depfile} ${in} -o ${out}
    depfile = ${out}.d
    deps = gcc
    description = ${out}

rule g.bob.cxx
    command = ${build_wrapper} ${cxxcompiler} -c ${cflags} ${cxxflags} -MD -MF ${depfile} ${in} -o ${out}
    depfile = ${out}.d
    deps = gcc
    description = ${out}

rule g.bob.executable
    pool = g.bob.link
    command = ${build_wrapper} ${linker} ${in} -o ${out} ${ldflags} ${static_libs} -L${shared_libs_dir} ${shared_libs_flags} ${ldlibs}
    description = ${out}

rule g.bob.static_library
    command = rm -f ${out} && ${build_wrapper} ${ar} -rcs ${out} ${in}
    description = ${out}

rule g.bootstrap.cp
    command = cp ${in} ${out}
    description = cp ${out}

# # # # # # # # # # # # # # # # # # # # # # # # # # # # # # # # # # # # # # # #
# Module:  bin_consumer
# Variant: target
# Type:    bob_binary
# Factory: github.com/ARM-software/bob-build/core.Main.func1.1
# Defined: build.bp:redacted

m.bin_consumer_target.asflags = -DASFLAGS_BIN
m.bin_consumer_target.cflags = -DCFLAGS_BIN -DCFLAGS_PROVIDER_EXPORT -I${g.bob.SrcDir}/local/include/bin/consumer -Iinclude/bin/consumer -I${g.bob.SrcDir}/export/local/include/lib/provider -isystem ${g.bob.SrcDir}/export/local/system/include/lib/provider -I${g.bob.SrcDir}/export/local/include/lib/consumer -isystem ${g.bob.SrcDir}/export/local/system/include/lib/consumer
m.bin_consumer_target.conlyflags = -DANDROID -Wno-unused-but-set-variable -march=armv8-a+crypto+sha2 -nostdlibinc -fPIC -Wno-nullability-extension -Wno-gcc-compat -Wno-deprecated-non-prototypes -Wno-shorten-64-to-32 -Wno-unused-but-set-variable -Wno-implicit-function-declaration -Wno-int-conversion -I/android/prebuilts/clang/host/linux-x86/clang-r522817/include/c++/v1/ -isystem /android/prebuilts/vndk/v34/arm64/include/generated-headers/bionic/libc/libc/android_vendor.34_arm64_armv8-a_shared/gen/include -isystem /android/prebuilts/vndk/v34/arm64/include/bionic/libc/kernel/uapi/asm-arm64/ -isystem /android/prebuilts/vndk/v34/arm64/include/bionic/libc/kernel/android/uapi/ -isystem /android/prebuilts/vndk/v34/arm64/include/bionic/libc/kernel/uapi/ -isystem /android/prebuilts/runtime/mainline/runtime/sdk/common_os/include/bionic/libc -Wno-format-insufficient-args -Wno-misleading-indentation -Wno-bitwise-instead-of-logical -Wno-unused -Wno-unused-parameter -Wno-unused-but-set-parameter -Wno-unqualified-std-cast-call -Wno-array-parameter -Wno-gnu-offsetof-extensions -Wno-fortify-source -Wno-tautological-constant-compare -Wno-tautological-type-limit-compare -Wno-implicit-int-float-conversion -Wno-tautological-overlap-compare -Wno-deprecated-copy -Wno-range-loop-construct -Wno-zero-as-null-pointer-constant -Wno-deprecated-anon-enum-enum-conversion -Wno-deprecated-enum-enum-conversion -Wno-pessimizing-move -Wno-non-c-typedef-for-linkage -Wno-align-mismatch -Wno-error=unused-but-set-variable -Wno-error=unused-but-set-parameter -Wno-error=deprecated-builtins -Wno-error=deprecated -Wno-error=single-bit-bitfield-constant-conversion -Wno-error=enum-constexpr-conversion -Wno-error=invalid-offsetof -Wno-error=thread-safety-reference-return -Wno-deprecated-dynamic-exception-spec -Wno-vla-cxx-extension -Wno-unused-variable -Wno-missing-field-initializers -Wno-packed-non-pod -Wno-void-pointer-to-enum-cast -Wno-void-pointer-to-int-cast -Wno-pointer-to-int-cast -Wno-error=deprecated-declarations -Wno-missing-field-initializers -Wno-gnu-include-next -Wno-unused-function -Wno-missing-field-initializers -Wno-unused-parameter -Wno-tautological-constant-out-of-range-compare -Wno-unknown-warning-option -Wno-tautological-constant-out-of-range-compare -Wno-duplicate-decl-specifier -Wno-format-pedantic -Wno-gnu-zero-variadic-macro-arguments -Wno-gnu-redeclared-enum -Wno-newline-eof -Wno-expansion-to-defined -Wno-embedded-directive -Wno-implicit-fallthrough -Wno-zero-length-array -Wno-c11-extensions -Wno-gnu-include-next -Wno-long-long -Wno-variadic-macros -Wno-overlength-strings -Wno-attributes -Wno-unused-parameter -Wno-type-limits -Wno-error=nested-anon-types -Wno-error=gnu-anonymous-struct -Wno-missing-field-initializers -Wno-disabled-macro-expansion -Wno-padded -Wno-unused-macros -Wno-c++98-compat -Wno-c++98-compat-pedantic -Wno-c++2a-compat -Wno-c++2a-compat-pedantic -Wno-return-std-move-in-c++11 -Wno-reserved-identifier -Wno-gnu-zero-variadic-macro-arguments -Wno-enum-compare -Wno-enum-compare-switch -Wno-null-pointer-arithmetic -Wno-null-dereference -Wno-pointer-compare -Wno-final-dtor-non-final-class -Wno-psabi -Wno-null-pointer-subtraction -Wno-string-concatenation -Wno-deprecated-non-prototype -Wno-unused -Wno-deprecated -Wno-error=deprecated-declarations -Wno-c99-designator -Wno-gnu-folding-constant -Wno-inconsistent-missing-override -Wno-error=reorder-init-list -Wno-reorder-init-list -Wno-sign-compare -Wno-unused -Wno-strict-prototypes -target aarch64-linux-android10000 -DCONLYFLAGS_BIN
m.bin_consumer_target.cxxflags = -DANDROID -Wno-unused-but-set-variable -march=armv8-a+crypto+sha2 -nostdlibinc -fPIC -Wno-nullability-extension -Wno-gcc-compat -Wno-deprecated-non-prototypes -Wno-shorten-64-to-32 -Wno-unused-but-set-variable -Wno-implicit-function-declaration -Wno-int-conversion -I/android/prebuilts/clang/host/linux-x86/clang-r522817/include/c++/v1/ -isystem /android/prebuilts/vndk/v34/arm64/include/generated-headers/bionic/libc/libc/android_vendor.34_arm64_armv8-a_shared/gen/include -isystem /android/prebuilts/vndk/v34/arm64/include/bionic/libc/kernel/uapi/asm-arm64/ -isystem /android/prebuilts/vndk/v34/arm64/include/bionic/libc/kernel/android/uapi/ -isystem /android/prebuilts/vndk/v34/arm64/include/bionic/libc/kernel/uapi/ -isystem /android/prebuilts/runtime/mainline/runtime/sdk/common_os/include/bionic/libc -Wno-format-insufficient-args -Wno-misleading-indentation -Wno-bitwise-instead-of-logical -Wno-unused -Wno-unused-parameter -Wno-unused-but-set-parameter -Wno-unqualified-std-cast-call -Wno-array-parameter -Wno-gnu-offsetof-extensions -Wno-fortify-source -Wno-tautological-constant-compare -Wno-tautological-type-limit-compare -Wno-implicit-int-float-conversion -Wno-tautological-overlap-compare -Wno-deprecated-copy -Wno-range-loop-construct -Wno-zero-as-null-pointer-constant -Wno-deprecated-anon-enum-enum-conversion -Wno-deprecated-enum-enum-conversion -Wno-pessimizing-move -Wno-non-c-typedef-for-linkage -Wno-align-mismatch -Wno-error=unused-but-set-variable -Wno-error=unused-but-set-parameter -Wno-error=deprecated-builtins -Wno-error=deprecated -Wno-error=single-bit-bitfield-constant-conversion -Wno-error=enum-constexpr-conversion -Wno-error=invalid-offsetof -Wno-error=thread-safety-reference-return -Wno-deprecated-dynamic-exception-spec -Wno-vla-cxx-extension -Wno-unused-variable -Wno-missing-field-initializers -Wno-packed-non-pod -Wno-void-pointer-to-enum-cast -Wno-void-pointer-to-int-cast -Wno-pointer-to-int-cast -Wno-error=deprecated-declarations -Wno-missing-field-initializers -Wno-gnu-include-next -Wno-unused-function -Wno-missing-field-initializers -Wno-unused-parameter -Wno-tautological-constant-out-of-range-compare -Wno-unknown-warning-option -Wno-tautological-constant-out-of-range-compare -Wno-duplicate-decl-specifier -Wno-format-pedantic -Wno-gnu-zero-variadic-macro-arguments -Wno-gnu-redeclared-enum -Wno-newline-eof -Wno-expansion-to-defined -Wno-embedded-directive -Wno-implicit-fallthrough -Wno-zero-length-array -Wno-c11-extensions -Wno-gnu-include-next -Wno-long-long -Wno-variadic-macros -Wno-overlength-strings -Wno-attributes -Wno-unused-parameter -Wno-type-limits -Wno-error=nested-anon-types -Wno-error=gnu-anonymous-struct -Wno-missing-field-initializers -Wno-disabled-macro-expansion -Wno-padded -Wno-unused-macros -Wno-c++98-compat -Wno-c++98-compat-pedantic -Wno-c++2a-compat -Wno-c++2a-compat-pedantic -Wno-return-std-move-in-c++11 -Wno-reserved-identifier -Wno-gnu-zero-variadic-macro-arguments -Wno-enum-compare -Wno-enum-compare-switch -Wno-null-pointer-arithmetic -Wno-null-dereference -Wno-pointer-compare -Wno-final-dtor-non-final-class -Wno-psabi -Wno-null-pointer-subtraction -Wno-string-concatenation -Wno-deprecated-non-prototype -Wno-unused -Wno-deprecated -Wno-error=deprecated-declarations -Wno-c99-designator -Wno-gnu-folding-constant -Wno-inconsistent-missing-override -Wno-error=reorder-init-list -Wno-reorder-init-list -Wno-sign-compare -Wno-unused -Wno-strict-prototypes -target aarch64-linux-android10000 -DCXXFLAGS_BIN

build ${g.bob.BuildDir}/target/objects/bin_consumer/src/bin_consumer.c.o: $
        g.bob.cc ${g.bob.SrcDir}/src/bin_consumer.c
    build_wrapper = 
    ccompiler = prebuilts/clang/host/linux-x86/clang-r522817/bin/clang
    cflags = ${m.bin_consumer_target.cflags}
    conlyflags = ${m.bin_consumer_target.conlyflags}

build ${g.bob.BuildDir}/target/objects/bin_consumer/src/bin_consumer.s.o: $
        g.bob.as ${g.bob.SrcDir}/src/bin_consumer.s
    ascompiler = prebuilts/clang/host/linux-x86/clang-r522817/bin/as
    asflags = ${m.bin_consumer_target.asflags}
    build_wrapper = 

build ${g.bob.BuildDir}/target/objects/bin_consumer/src/bin_consumer.cpp.o: $
        g.bob.cxx ${g.bob.SrcDir}/src/bin_consumer.cpp
    build_wrapper = 
    cflags = ${m.bin_consumer_target.cflags}
    cxxcompiler = prebuilts/clang/host/linux-x86/clang-r522817/bin/clang++
    cxxflags = ${m.bin_consumer_target.cxxflags}

build ${g.bob.BuildDir}/target/executable/bin_consumer: g.bob.executable $
        ${g.bob.BuildDir}/target/objects/bin_consumer/src/bin_consumer.c.o $
        ${g.bob.BuildDir}/target/objects/bin_consumer/src/bin_consumer.s.o $
        ${g.bob.BuildDir}/target/objects/bin_consumer/src/bin_consumer.cpp.o | $
        ${g.bob.BuildDir}/target/static/lib_consumer.a $
        ${g.bob.BuildDir}/target/static/lib_provider.a
    build_wrapper = 
    ldflags = -target aarch64-linux-android10000 -O3 -Wl,--as-needed
    ldlibs = 
    linker = prebuilts/clang/host/linux-x86/clang-r522817/bin/clang++
    shared_libs_dir = ${g.bob.BuildDir}/target/shared
    shared_libs_flags = -Wl,-rpath-link,${g.bob.BuildDir}/target/shared
    static_libs = ${g.bob.BuildDir}/target/static/lib_consumer.a ${g.bob.BuildDir}/target/static/lib_provider.a

build bin_consumer: phony ${g.bob.BuildDir}/target/executable/bin_consumer
default bin_consumer

# # # # # # # # # # # # # # # # # # # # # # # # # # # # # # # # # # # # # # # #
# Module:  lib_consumer
# Variant: target
# Type:    bob_static_library
# Factory: github.com/ARM-software/bob-build/core.Main.func1.1
# Defined: build.bp:redacted

m.lib_consumer_target.asflags = -DASFLAGS_LIB
m.lib_consumer_target.cflags = -DCFLAGS_LIB -DCFLAGS_PROVIDER_EXPORT -I${g.bob.SrcDir}/local/include/lib/consumer -I${g.bob.SrcDir}/export/local/include/lib/consumer -I${g.bob.SrcDir}/export/local/system/include/lib/consumer -Iinclude/lib/consumer -I${g.bob.SrcDir}/export/local/include/lib/provider -isystem ${g.bob.SrcDir}/export/local/system/include/lib/provider
m.lib_consumer_target.conlyflags = -DANDROID -Wno-unused-but-set-variable -march=armv8-a+crypto+sha2 -nostdlibinc -fPIC -Wno-nullability-extension -Wno-gcc-compat -Wno-deprecated-non-prototypes -Wno-shorten-64-to-32 -Wno-unused-but-set-variable -Wno-implicit-function-declaration -Wno-int-conversion -I/android/prebuilts/clang/host/linux-x86/clang-r522817/include/c++/v1/ -isystem /android/prebuilts/vndk/v34/arm64/include/generated-headers/bionic/libc/libc/android_vendor.34_arm64_armv8-a_shared/gen/include -isystem /android/prebuilts/vndk/v34/arm64/include/bionic/libc/kernel/uapi/asm-arm64/ -isystem /android/prebuilts/vndk/v34/arm64/include/bionic/libc/kernel/android/uapi/ -isystem /android/prebuilts/vndk/v34/arm64/include/bionic/libc/kernel/uapi/ -isystem /android/prebuilts/runtime/mainline/runtime/sdk/common_os/include/bionic/libc -Wno-format-insufficient-args -Wno-misleading-indentation -Wno-bitwise-instead-of-logical -Wno-unused -Wno-unused-parameter -Wno-unused-but-set-parameter -Wno-unqualified-std-cast-call -Wno-array-parameter -Wno-gnu-offsetof-extensions -Wno-fortify-source -Wno-tautological-constant-compare -Wno-tautological-type-limit-compare -Wno-implicit-int-float-conversion -Wno-tautological-overlap-compare -Wno-deprecated-copy -Wno-range-loop-construct -Wno-zero-as-null-pointer-constant -Wno-deprecated-anon-enum-enum-conversion -Wno-deprecated-enum-enum-conversion -Wno-pessimizing-move -Wno-non-c-typedef-for-linkage -Wno-align-mismatch -Wno-error=unused-but-set-variable -Wno-error=unused-but-set-parameter -Wno-error=deprecated-builtins -Wno-error=deprecated -Wno-error=single-bit-bitfield-constant-conversion -Wno-error=enum-constexpr-conversion -Wno-error=invalid-offsetof -Wno-error=thread-safety-reference-return -Wno-deprecated-dynamic-exception-spec -Wno-vla-cxx-extension -Wno-unused-variable -Wno-missing-field-initializers -Wno-packed-non-pod -Wno-void-pointer-to-enum-cast -Wno-void-pointer-to-int-cast -Wno-pointer-to-int-cast -Wno-error=deprecated-declarations -Wno-missing-field-initializers -Wno-gnu-include-next -Wno-unused-function -Wno-missing-field-initializers -Wno-unused-parameter -Wno-tautological-constant-out-of-range-compare -Wno-unknown-warning-option -Wno-tautological-constant-out-of-range-compare -Wno-duplicate-decl-specifier -Wno-format-pedantic -Wno-gnu-zero-variadic-macro-arguments -Wno-gnu-redeclared-enum -Wno-newline-eof -Wno-expansion-to-defined -Wno-embedded-directive -Wno-implicit-fallthrough -Wno-zero-length-array -Wno-c11-extensions -Wno-gnu-include-next -Wno-long-long -Wno-variadic-macros -Wno-overlength-strings -Wno-attributes -Wno-unused-parameter -Wno-type-limits -Wno-error=nested-anon-types -Wno-error=gnu-anonymous-struct -Wno-missing-field-initializers -Wno-disabled-macro-expansion -Wno-padded -Wno-unused-macros -Wno-c++98-compat -Wno-c++98-compat-pedantic -Wno-c++2a-compat -Wno-c++2a-compat-pedantic -Wno-return-std-move-in-c++11 -Wno-reserved-identifier -Wno-gnu-zero-variadic-macro-arguments -Wno-enum-compare -Wno-enum-compare-switch -Wno-null-pointer-arithmetic -Wno-null-dereference -Wno-pointer-compare -Wno-final-dtor-non-final-class -Wno-psabi -Wno-null-pointer-subtraction -Wno-string-concatenation -Wno-deprecated-non-prototype -Wno-unused -Wno-deprecated -Wno-error=deprecated-declarations -Wno-c99-designator -Wno-gnu-folding-constant -Wno-inconsistent-missing-override -Wno-error=reorder-init-list -Wno-reorder-init-list -Wno-sign-compare -Wno-unused -Wno-strict-prototypes -target aarch64-linux-android10000 -DCONLYFLAGS_LIB
m.lib_consumer_target.cxxflags = -DANDROID -Wno-unused-but-set-variable -march=armv8-a+crypto+sha2 -nostdlibinc -fPIC -Wno-nullability-extension -Wno-gcc-compat -Wno-deprecated-non-prototypes -Wno-shorten-64-to-32 -Wno-unused-but-set-variable -Wno-implicit-function-declaration -Wno-int-conversion -I/android/prebuilts/clang/host/linux-x86/clang-r522817/include/c++/v1/ -isystem /android/prebuilts/vndk/v34/arm64/include/generated-headers/bionic/libc/libc/android_vendor.34_arm64_armv8-a_shared/gen/include -isystem /android/prebuilts/vndk/v34/arm64/include/bionic/libc/kernel/uapi/asm-arm64/ -isystem /android/prebuilts/vndk/v34/arm64/include/bionic/libc/kernel/android/uapi/ -isystem /android/prebuilts/vndk/v34/arm64/include/bionic/libc/kernel/uapi/ -isystem /android/prebuilts/runtime/mainline/runtime/sdk/common_os/include/bionic/libc -Wno-format-insufficient-args -Wno-misleading-indentation -Wno-bitwise-instead-of-logical -Wno-unused -Wno-unused-parameter -Wno-unused-but-set-parameter -Wno-unqualified-std-cast-call -Wno-array-parameter -Wno-gnu-offsetof-extensions -Wno-fortify-source -Wno-tautological-constant-compare -Wno-tautological-type-limit-compare -Wno-implicit-int-float-conversion -Wno-tautological-overlap-compare -Wno-deprecated-copy -Wno-range-loop-construct -Wno-zero-as-null-pointer-constant -Wno-deprecated-anon-enum-enum-conversion -Wno-deprecated-enum-enum-conversion -Wno-pessimizing-move -Wno-non-c-typedef-for-linkage -Wno-align-mismatch -Wno-error=unused-but-set-variable -Wno-error=unused-but-set-parameter -Wno-error=deprecated-builtins -Wno-error=deprecated -Wno-error=single-bit-bitfield-constant-conversion -Wno-error=enum-constexpr-conversion -Wno-error=invalid-offsetof -Wno-error=thread-safety-reference-return -Wno-deprecated-dynamic-exception-spec -Wno-vla-cxx-extension -Wno-unused-variable -Wno-missing-field-initializers -Wno-packed-non-pod -Wno-void-pointer-to-enum-cast -Wno-void-pointer-to-int-cast -Wno-pointer-to-int-cast -Wno-error=deprecated-declarations -Wno-missing-field-initializers -Wno-gnu-include-next -Wno-unused-function -Wno-missing-field-initializers -Wno-unused-parameter -Wno-tautological-constant-out-of-range-compare -Wno-unknown-warning-option -Wno-tautological-constant-out-of-range-compare -Wno-duplicate-decl-specifier -Wno-format-pedantic -Wno-gnu-zero-variadic-macro-arguments -Wno-gnu-redeclared-enum -Wno-newline-eof -Wno-expansion-to-defined -Wno-embedded-directive -Wno-implicit-fallthrough -Wno-zero-length-array -Wno-c11-extensions -Wno-gnu-include-next -Wno-long-long -Wno-variadic-macros -Wno-overlength-strings -Wno-attributes -Wno-unused-parameter -Wno-type-limits -Wno-error=nested-anon-types -Wno-error=gnu-anonymous-struct -Wno-missing-field-initializers -Wno-disabled-macro-expansion -Wno-padded -Wno-unused-macros -Wno-c++98-compat -Wno-c++98-compat-pedantic -Wno-c++2a-compat -Wno-c++2a-compat-pedantic -Wno-return-std-move-in-c++11 -Wno-reserved-identifier -Wno-gnu-zero-variadic-macro-arguments -Wno-enum-compare -Wno-enum-compare-switch -Wno-null-pointer-arithmetic -Wno-null-dereference -Wno-pointer-compare -Wno-final-dtor-non-final-class -Wno-psabi -Wno-null-pointer-subtraction -Wno-string-concatenation -Wno-deprecated-non-prototype -Wno-unused -Wno-deprecated -Wno-error=deprecated-declarations -Wno-c99-designator -Wno-gnu-folding-constant -Wno-inconsistent-missing-override -Wno-error=reorder-init-list -Wno-reorder-init-list -Wno-sign-compare -Wno-unused -Wno-strict-prototypes -target aarch64-linux-android10000 -DCXXFLAGS_LIB

build ${g.bob.BuildDir}/target/objects/lib_consumer/src/lib_consumer.c.o: $
        g.bob.cc ${g.bob.SrcDir}/src/lib_consumer.c
    build_wrapper = 
    ccompiler = prebuilts/clang/host/linux-x86/clang-r522817/bin/clang
    cflags = ${m.lib_consumer_target.cflags}
    conlyflags = ${m.lib_consumer_target.conlyflags}

build ${g.bob.BuildDir}/target/objects/lib_consumer/src/lib_consumer.s.o: $
        g.bob.as ${g.bob.SrcDir}/src/lib_consumer.s
    ascompiler = prebuilts/clang/host/linux-x86/clang-r522817/bin/as
    asflags = ${m.lib_consumer_target.asflags}
    build_wrapper = 

build ${g.bob.BuildDir}/target/objects/lib_consumer/src/lib_consumer.cpp.o: $
        g.bob.cxx ${g.bob.SrcDir}/src/lib_consumer.cpp
    build_wrapper = 
    cflags = ${m.lib_consumer_target.cflags}
    cxxcompiler = prebuilts/clang/host/linux-x86/clang-r522817/bin/clang++
    cxxflags = ${m.lib_consumer_target.cxxflags}

build ${g.bob.BuildDir}/target/static/lib_consumer.a: g.bob.static_library $
        ${g.bob.BuildDir}/target/objects/lib_consumer/src/lib_consumer.c.o $
        ${g.bob.BuildDir}/target/objects/lib_consumer/src/lib_consumer.s.o $
        ${g.bob.BuildDir}/target/objects/lib_consumer/src/lib_consumer.cpp.o
    ar = ar
    build_wrapper = 

build lib_consumer: phony ${g.bob.BuildDir}/target/static/lib_consumer.a

# # # # # # # # # # # # # # # # # # # # # # # # # # # # # # # # # # # # # # # #
# Module:  lib_provider
# Variant: target
# Type:    bob_static_library
# Factory: github.com/ARM-software/bob-build/core.Main.func1.1
# Defined: build.bp:redacted

m.lib_provider_target.asflags = -DASFLAGS_PROVIDER_LIB
m.lib_provider_target.cflags = -DCFLAGS_PROVIDER_LIB -DCFLAGS_PROVIDER_EXPORT -I${g.bob.SrcDir}/local/include/lib/provider -I${g.bob.SrcDir}/export/local/include/lib/provider -I${g.bob.SrcDir}/export/local/system/include/lib/provider -Iinclude/lib/provider
m.lib_provider_target.conlyflags = -DANDROID -Wno-unused-but-set-variable -march=armv8-a+crypto+sha2 -nostdlibinc -fPIC -Wno-nullability-extension -Wno-gcc-compat -Wno-deprecated-non-prototypes -Wno-shorten-64-to-32 -Wno-unused-but-set-variable -Wno-implicit-function-declaration -Wno-int-conversion -I/android/prebuilts/clang/host/linux-x86/clang-r522817/include/c++/v1/ -isystem /android/prebuilts/vndk/v34/arm64/include/generated-headers/bionic/libc/libc/android_vendor.34_arm64_armv8-a_shared/gen/include -isystem /android/prebuilts/vndk/v34/arm64/include/bionic/libc/kernel/uapi/asm-arm64/ -isystem /android/prebuilts/vndk/v34/arm64/include/bionic/libc/kernel/android/uapi/ -isystem /android/prebuilts/vndk/v34/arm64/include/bionic/libc/kernel/uapi/ -isystem /android/prebuilts/runtime/mainline/runtime/sdk/common_os/include/bionic/libc -Wno-format-insufficient-args -Wno-misleading-indentation -Wno-bitwise-instead-of-logical -Wno-unused -Wno-unused-parameter -Wno-unused-but-set-parameter -Wno-unqualified-std-cast-call -Wno-array-parameter -Wno-gnu-offsetof-extensions -Wno-fortify-source -Wno-tautological-constant-compare -Wno-tautological-type-limit-compare -Wno-implicit-int-float-conversion -Wno-tautological-overlap-compare -Wno-deprecated-copy -Wno-range-loop-construct -Wno-zero-as-null-pointer-constant -Wno-deprecated-anon-enum-enum-conversion -Wno-deprecated-enum-enum-conversion -Wno-pessimizing-move -Wno-non-c-typedef-for-linkage -Wno-align-mismatch -Wno-error=unused-but-set-variable -Wno-error=unused-but-set-parameter -Wno-error=deprecated-builtins -Wno-error=deprecated -Wno-error=single-bit-bitfield-constant-conversion -Wno-error=enum-constexpr-conversion -Wno-error=invalid-offsetof -Wno-error=thread-safety-reference-return -Wno-deprecated-dynamic-exception-spec -Wno-vla-cxx-extension -Wno-unused-variable -Wno-missing-field-initializers -Wno-packed-non-pod -Wno-void-pointer-to-enum-cast -Wno-void-pointer-to-int-cast -Wno-pointer-to-int-cast -Wno-error=deprecated-declarations -Wno-missing-field-initializers -Wno-gnu-include-next -Wno-unused-function -Wno-missing-field-initializers -Wno-unused-parameter -Wno-tautological-constant-out-of-range-compare -Wno-unknown-warning-option -Wno-tautological-constant-out-of-range-compare -Wno-duplicate-decl-specifier -Wno-format-pedantic -Wno-gnu-zero-variadic-macro-arguments -Wno-gnu-redeclared-enum -Wno-newline-eof -Wno-expansion-to-defined -Wno-embedded-directive -Wno-implicit-fallthrough -Wno-zero-length-array -Wno-c11-extensions -Wno-gnu-include-next -Wno-long-long -Wno-variadic-macros -Wno-overlength-strings -Wno-attributes -Wno-unused-parameter -Wno-type-limits -Wno-error=nested-anon-types -Wno-error=gnu-anonymous-struct -Wno-missing-field-initializers -Wno-disabled-macro-expansion -Wno-padded -Wno-unused-macros -Wno-c++98-compat -Wno-c++98-compat-pedantic -Wno-c++2a-compat -Wno-c++2a-compat-pedantic -Wno-return-std-move-in-c++11 -Wno-reserved-identifier -Wno-gnu-zero-variadic-macro-arguments -Wno-enum-compare -Wno-enum-compare-switch -Wno-null-pointer-arithmetic -Wno-null-dereference -Wno-pointer-compare -Wno-final-dtor-non-final-class -Wno-psabi -Wno-null-pointer-subtraction -Wno-string-concatenation -Wno-deprecated-non-prototype -Wno-unused -Wno-deprecated -Wno-error=deprecated-declarations -Wno-c99-designator -Wno-gnu-folding-constant -Wno-inconsistent-missing-override -Wno-error=reorder-init-list -Wno-reorder-init-list -Wno-sign-compare -Wno-unused -Wno-strict-prototypes -target aarch64-linux-android10000 -DCONLYFLAGS_PROVIDER_LIB
m.lib_provider_target.cxxflags = -DANDROID -Wno-unused-but-set-variable -march=armv8-a+crypto+sha2 -nostdlibinc -fPIC -Wno-nullability-extension -Wno-gcc-compat -Wno-deprecated-non-prototypes -Wno-shorten-64-to-32 -Wno-unused-but-set-variable -Wno-implicit-function-declaration -Wno-int-conversion -I/android/prebuilts/clang/host/linux-x86/clang-r522817/include/c++/v1/ -isystem /android/prebuilts/vndk/v34/arm64/include/generated-headers/bionic/libc/libc/android_vendor.34_arm64_armv8-a_shared/gen/include -isystem /android/prebuilts/vndk/v34/arm64/include/bionic/libc/kernel/uapi/asm-arm64/ -isystem /android/prebuilts/vndk/v34/arm64/include/bionic/libc/kernel/android/uapi/ -isystem /android/prebuilts/vndk/v34/arm64/include/bionic/libc/kernel/uapi/ -isystem /android/prebuilts/runtime/mainline/runtime/sdk/common_os/include/bionic/libc -Wno-format-insufficient-args -Wno-misleading-indentation -Wno-bitwise-instead-of-logical -Wno-unused -Wno-unused-parameter -Wno-unused-but-set-parameter -Wno-unqualified-std-cast-call -Wno-array-parameter -Wno-gnu-offsetof-extensions -Wno-fortify-source -Wno-tautological-constant-compare -Wno-tautological-type-limit-compare -Wno-implicit-int-float-conversion -Wno-tautological-overlap-compare -Wno-deprecated-copy -Wno-range-loop-construct -Wno-zero-as-null-pointer-constant -Wno-deprecated-anon-enum-enum-conversion -Wno-deprecated-enum-enum-conversion -Wno-pessimizing-move -Wno-non-c-typedef-for-linkage -Wno-align-mismatch -Wno-error=unused-but-set-variable -Wno-error=unused-but-set-parameter -Wno-error=deprecated-builtins -Wno-error=deprecated -Wno-error=single-bit-bitfield-constant-conversion -Wno-error=enum-constexpr-conversion -Wno-error=invalid-offsetof -Wno-error=thread-safety-reference-return -Wno-deprecated-dynamic-exception-spec -Wno-vla-cxx-extension -Wno-unused-variable -Wno-missing-field-initializers -Wno-packed-non-pod -Wno-void-pointer-to-enum-cast -Wno-void-pointer-to-int-cast -Wno-pointer-to-int-cast -Wno-error=deprecated-declarations -Wno-missing-field-initializers -Wno-gnu-include-next -Wno-unused-function -Wno-missing-field-initializers -Wno-unused-parameter -Wno-tautological-constant-out-of-range-compare -Wno-unknown-warning-option -Wno-tautological-constant-out-of-range-compare -Wno-duplicate-decl-specifier -Wno-format-pedantic -Wno-gnu-zero-variadic-macro-arguments -Wno-gnu-redeclared-enum -Wno-newline-eof -Wno-expansion-to-defined -Wno-embedded-directive -Wno-implicit-fallthrough -Wno-zero-length-array -Wno-c11-extensions -Wno-gnu-include-next -Wno-long-long -Wno-variadic-macros -Wno-overlength-strings -Wno-attributes -Wno-unused-parameter -Wno-type-limits -Wno-error=nested-anon-types -Wno-error=gnu-anonymous-struct -Wno-missing-field-initializers -Wno-disabled-macro-expansion -Wno-padded -Wno-unused-macros -Wno-c++98-compat -Wno-c++98-compat-pedantic -Wno-c++2a-compat -Wno-c++2a-compat-pedantic -Wno-return-std-move-in-c++11 -Wno-reserved-identifier -Wno-gnu-zero-variadic-macro-arguments -Wno-enum-compare -Wno-enum-compare-switch -Wno-null-pointer-arithmetic -Wno-null-dereference -Wno-pointer-compare -Wno-final-dtor-non-final-class -Wno-psabi -Wno-null-pointer-subtraction -Wno-string-concatenation -Wno-deprecated-non-prototype -Wno-unused -Wno-deprecated -Wno-error=deprecated-declarations -Wno-c99-designator -Wno-gnu-folding-constant -Wno-inconsistent-missing-override -Wno-error=reorder-init-list -Wno-reorder-init-list -Wno-sign-compare -Wno-unused -Wno-strict-prototypes -target aarch64-linux-android10000 -DCXXFLAGS_PROVIDER_LIB

build ${g.bob.BuildDir}/target/objects/lib_provider/src/lib_provider.c.o: $
        g.bob.cc ${g.bob.SrcDir}/src/lib_provider.c
    build_wrapper = 
    ccompiler = prebuilts/clang/host/linux-x86/clang-r522817/bin/clang
    cflags = ${m.lib_provider_target.cflags}
    conlyflags = ${m.lib_provider_target.conlyflags}

build ${g.bob.BuildDir}/target/objects/lib_provider/src/lib_provider.s.o: $
        g.bob.as ${g.bob.SrcDir}/src/lib_provider.s
    ascompiler = prebuilts/clang/host/linux-x86/clang-r522817/bin/as
    asflags = ${m.lib_provider_target.asflags}
    build_wrapper = 

build ${g.bob.BuildDir}/target/objects/lib_provider/src/lib_provider.cpp.o: $
        g.bob.cxx ${g.bob.SrcDir}/src/lib_provider.cpp
    build_wrapper = 
    cflags = ${m.lib_provider_target.cflags}
    cxxcompiler = prebuilts/clang/host/linux-x86/clang-r522817/bin/clang++
    cxxflags = ${m.lib_provider_target.cxxflags}

build ${g.bob.BuildDir}/target/static/lib_provider.a: g.bob.static_library $
        ${g.bob.BuildDir}/target/objects/lib_provider/src/lib_provider.c.o $
        ${g.bob.BuildDir}/target/objects/lib_provider/src/lib_provider.s.o $
        ${g.bob.BuildDir}/target/objects/lib_provider/src/lib_provider.cpp.o
    ar = ar
    build_wrapper = 

build lib_provider: phony ${g.bob.BuildDir}/target/static/lib_provider.a

# # # # # # # # # # # # # # # # # # # # # # # # # # # # # # # # # # # # # # # #
# Singleton: bootstrap
# Factory:   github.com/google/blueprint/bootstrap.Main.newSingletonFactory.func4

build ${g.bootstrap.buildDir}/bin/minibp: g.bootstrap.cp $
        ${g.bootstrap.BinDir}/minibp

build blueprint_tools: phony

