# ******************************************************************************
# ***            This file is generated and should not be edited             ***
# ******************************************************************************
#
# This file contains variables, rules, and pools with name prefixes indicating
# they were generated by the following Go packages:
#
#     bob       [from Go package bob]
#     bootstrap [from Go package github.com/google/blueprint/bootstrap]
#
ninja_required_version = 1.7.0

g.bob.BobScriptsDir = redacted/scripts

g.bob.BuildDir = redacted

g.bob.SrcDir = redacted

g.bob.toc = ${g.bob.BobScriptsDir}/library_toc.py

g.bob.whole_static_tool = ${g.bob.BobScriptsDir}/whole_static.py

g.bootstrap.BinDir = redacted/.bootstrap/bin

g.bootstrap.buildDir = redacted

g.bootstrap.ninjaBuildDir = redacted

# Limit the parallelization of linking, which is memory intensive
pool g.bob.link
    depth = 1

builddir = ${g.bootstrap.ninjaBuildDir}

rule g.bob.cc
    command = ${build_wrapper} ${ccompiler} -c ${cflags} ${conlyflags} -MD -MF ${depfile} ${in} -o ${out}
    depfile = ${out}.d
    deps = gcc
    description = ${out}

rule g.bob.executable
    pool = g.bob.link
    command = ${build_wrapper} ${linker} ${in} -o ${out} ${ldflags} ${static_libs} -L${shared_libs_dir} ${shared_libs_flags} ${ldlibs}
    description = ${out}

rule g.bob.shared_library
    pool = g.bob.link
    command = ${build_wrapper} ${linker} -shared ${in} -o ${out} ${ldflags} ${static_libs} -L${shared_libs_dir} ${shared_libs_flags} ${ldlibs}
    description = ${out}

rule g.bob.shared_library_toc
    command = ${g.bob.toc} ${in} -o ${out} ${tocflags}
    description = Generate toc ${out}
    restat = true

rule g.bob.static_library
    command = rm -f ${out} && ${build_wrapper} ${ar} -rcs ${out} ${in}
    description = ${out}

rule g.bob.whole_static_library
    command = ${g.bob.whole_static_tool} --build-wrapper "${build_wrapper}" --ar ${ar} --out ${out} ${in} ${whole_static_libs}
    description = ${out}

rule g.bootstrap.cp
    command = cp ${in} ${out}
    description = cp ${out}

# # # # # # # # # # # # # # # # # # # # # # # # # # # # # # # # # # # # # # # #
# Module:  binary_with_shared_lib
# Variant: target
# Type:    bob_binary
# Factory: github.com/ARM-software/bob-build/core.Main.func1.1
# Defined: build.bp:redacted

m.binary_with_shared_lib_target.cflags = 
m.binary_with_shared_lib_target.conlyflags = 

build ${g.bob.BuildDir}/target/objects/binary_with_shared_lib/src2.c.o: $
        g.bob.cc ${g.bob.SrcDir}/src2.c
    build_wrapper = 
    ccompiler = gcc
    cflags = ${m.binary_with_shared_lib_target.cflags}
    conlyflags = ${m.binary_with_shared_lib_target.conlyflags}

build ${g.bob.BuildDir}/target/executable/binary_with_shared_lib: $
        g.bob.executable $
        ${g.bob.BuildDir}/target/objects/binary_with_shared_lib/src2.c.o | $
        ${g.bob.BuildDir}/target/shared/libfinal.so.toc || $
        ${g.bob.BuildDir}/target/shared/libfinal.so
    build_wrapper = 
    ldflags = -Wl,--as-needed
    ldlibs = 
    linker = g++
    shared_libs_dir = ${g.bob.BuildDir}/target/shared
    shared_libs_flags = -Wl,--copy-dt-needed-entries -Wl,--no-as-needed -lfinal -Wl,--as-needed -Wl,--no-copy-dt-needed-entries -fuse-ld=bfd -Wl,-rpath-link,${g.bob.BuildDir}/target/shared
    static_libs = 

build binary_with_shared_lib: phony $
        ${g.bob.BuildDir}/target/executable/binary_with_shared_lib
default binary_with_shared_lib

# # # # # # # # # # # # # # # # # # # # # # # # # # # # # # # # # # # # # # # #
# Module:  binary_with_static_lib
# Variant: target
# Type:    bob_binary
# Factory: github.com/ARM-software/bob-build/core.Main.func1.1
# Defined: build.bp:redacted

m.binary_with_static_lib_target.cflags = 
m.binary_with_static_lib_target.conlyflags = 

build ${g.bob.BuildDir}/target/objects/binary_with_static_lib/src1.c.o: $
        g.bob.cc ${g.bob.SrcDir}/src1.c
    build_wrapper = 
    ccompiler = gcc
    cflags = ${m.binary_with_static_lib_target.cflags}
    conlyflags = ${m.binary_with_static_lib_target.conlyflags}

build ${g.bob.BuildDir}/target/executable/binary_with_static_lib: $
        g.bob.executable $
        ${g.bob.BuildDir}/target/objects/binary_with_static_lib/src1.c.o | $
        ${g.bob.BuildDir}/target/static/libstatic_6.a $
        ${g.bob.BuildDir}/target/static/libstatic_4.a $
        ${g.bob.BuildDir}/target/static/libstatic_3.a $
        ${g.bob.BuildDir}/target/static/libstatic_2.a $
        ${g.bob.BuildDir}/target/static/libstatic_1.a $
        ${g.bob.BuildDir}/target/shared/libbaar.so.toc || $
        ${g.bob.BuildDir}/target/shared/libbaar.so
    build_wrapper = 
    ldflags = -Wl,--as-needed
    ldlibs = 
    linker = g++
    shared_libs_dir = ${g.bob.BuildDir}/target/shared
    shared_libs_flags = -lbaar -Wl,-rpath-link,${g.bob.BuildDir}/target/shared
    static_libs = ${g.bob.BuildDir}/target/static/libstatic_6.a ${g.bob.BuildDir}/target/static/libstatic_4.a ${g.bob.BuildDir}/target/static/libstatic_3.a ${g.bob.BuildDir}/target/static/libstatic_2.a ${g.bob.BuildDir}/target/static/libstatic_1.a

build binary_with_static_lib: phony $
        ${g.bob.BuildDir}/target/executable/binary_with_static_lib
default binary_with_static_lib

# # # # # # # # # # # # # # # # # # # # # # # # # # # # # # # # # # # # # # # #
# Module:  libbaar
# Variant: target
# Type:    bob_shared_library
# Factory: github.com/ARM-software/bob-build/core.Main.func1.1
# Defined: build.bp:redacted

m.libbaar_target.cflags = 
m.libbaar_target.conlyflags = 

build ${g.bob.BuildDir}/target/objects/libbaar/baar.c.o: g.bob.cc $
        ${g.bob.SrcDir}/baar.c
    build_wrapper = 
    ccompiler = gcc
    cflags = ${m.libbaar_target.cflags}
    conlyflags = ${m.libbaar_target.conlyflags}

build ${g.bob.BuildDir}/target/shared/libbaar.so: g.bob.shared_library $
        ${g.bob.BuildDir}/target/objects/libbaar/baar.c.o
    build_wrapper = 
    ldflags = -Wl,--as-needed
    ldlibs = 
    linker = g++
    shared_libs_dir = ${g.bob.BuildDir}/target/shared
    shared_libs_flags = -Wl,-rpath-link,${g.bob.BuildDir}/target/shared
    static_libs = 

build ${g.bob.BuildDir}/target/shared/libbaar.so.toc: g.bob.shared_library_toc $
        ${g.bob.BuildDir}/target/shared/libbaar.so | ${g.bob.toc}
    tocflags = --format elf --objdump-tool objdump

build libbaar: phony ${g.bob.BuildDir}/target/shared/libbaar.so

# # # # # # # # # # # # # # # # # # # # # # # # # # # # # # # # # # # # # # # #
# Module:  libfinal
# Variant: target
# Type:    bob_shared_library
# Factory: github.com/ARM-software/bob-build/core.Main.func1.1
# Defined: build.bp:redacted

build ${g.bob.BuildDir}/target/shared/libfinal.so: g.bob.shared_library | $
        ${g.bob.BuildDir}/target/static/libstatic_6.a $
        ${g.bob.BuildDir}/target/static/libstatic_4.a $
        ${g.bob.BuildDir}/target/static/libstatic_3.a $
        ${g.bob.BuildDir}/target/static/libstatic_2.a $
        ${g.bob.BuildDir}/target/static/libstatic_1.a $
        ${g.bob.BuildDir}/target/shared/libbaar.so.toc || $
        ${g.bob.BuildDir}/target/shared/libbaar.so
    build_wrapper = 
    ldflags = -Wl,--no-as-needed
    ldlibs = 
    linker = g++
    shared_libs_dir = ${g.bob.BuildDir}/target/shared
    shared_libs_flags = -lbaar -Wl,-rpath-link,${g.bob.BuildDir}/target/shared
    static_libs = -Wl,--whole-archive ${g.bob.BuildDir}/target/static/libstatic_6.a -Wl,--no-whole-archive ${g.bob.BuildDir}/target/static/libstatic_4.a ${g.bob.BuildDir}/target/static/libstatic_3.a ${g.bob.BuildDir}/target/static/libstatic_2.a ${g.bob.BuildDir}/target/static/libstatic_1.a

build ${g.bob.BuildDir}/target/shared/libfinal.so.toc: $
        g.bob.shared_library_toc ${g.bob.BuildDir}/target/shared/libfinal.so | $
        ${g.bob.toc}
    tocflags = --format elf --objdump-tool objdump

build libfinal: phony ${g.bob.BuildDir}/target/shared/libfinal.so
default libfinal

# # # # # # # # # # # # # # # # # # # # # # # # # # # # # # # # # # # # # # # #
# Module:  libstatic_1
# Variant: target
# Type:    bob_static_library
# Factory: github.com/ARM-software/bob-build/core.Main.func1.1
# Defined: build.bp:redacted

m.libstatic_1_target.cflags = 
m.libstatic_1_target.conlyflags = 

build ${g.bob.BuildDir}/target/objects/libstatic_1/lib1.c.o: g.bob.cc $
        ${g.bob.SrcDir}/lib1.c
    build_wrapper = 
    ccompiler = gcc
    cflags = ${m.libstatic_1_target.cflags}
    conlyflags = ${m.libstatic_1_target.conlyflags}

build ${g.bob.BuildDir}/target/static/libstatic_1.a: g.bob.static_library $
        ${g.bob.BuildDir}/target/objects/libstatic_1/lib1.c.o
    ar = ar
    build_wrapper = 

build libstatic_1: phony ${g.bob.BuildDir}/target/static/libstatic_1.a

# # # # # # # # # # # # # # # # # # # # # # # # # # # # # # # # # # # # # # # #
# Module:  libstatic_2
# Variant: target
# Type:    bob_static_library
# Factory: github.com/ARM-software/bob-build/core.Main.func1.1
# Defined: build.bp:redacted

m.libstatic_2_target.cflags = 
m.libstatic_2_target.conlyflags = 

build ${g.bob.BuildDir}/target/objects/libstatic_2/lib2.c.o: g.bob.cc $
        ${g.bob.SrcDir}/lib2.c
    build_wrapper = 
    ccompiler = gcc
    cflags = ${m.libstatic_2_target.cflags}
    conlyflags = ${m.libstatic_2_target.conlyflags}

build ${g.bob.BuildDir}/target/static/libstatic_2.a: g.bob.static_library $
        ${g.bob.BuildDir}/target/objects/libstatic_2/lib2.c.o
    ar = ar
    build_wrapper = 

build libstatic_2: phony ${g.bob.BuildDir}/target/static/libstatic_2.a

# # # # # # # # # # # # # # # # # # # # # # # # # # # # # # # # # # # # # # # #
# Module:  libstatic_3
# Variant: target
# Type:    bob_static_library
# Factory: github.com/ARM-software/bob-build/core.Main.func1.1
# Defined: build.bp:redacted

m.libstatic_3_target.cflags = 
m.libstatic_3_target.conlyflags = 

build ${g.bob.BuildDir}/target/objects/libstatic_3/lib3.c.o: g.bob.cc $
        ${g.bob.SrcDir}/lib3.c
    build_wrapper = 
    ccompiler = gcc
    cflags = ${m.libstatic_3_target.cflags}
    conlyflags = ${m.libstatic_3_target.conlyflags}

build ${g.bob.BuildDir}/target/static/libstatic_3.a: g.bob.static_library $
        ${g.bob.BuildDir}/target/objects/libstatic_3/lib3.c.o
    ar = ar
    build_wrapper = 

build libstatic_3: phony ${g.bob.BuildDir}/target/static/libstatic_3.a

# # # # # # # # # # # # # # # # # # # # # # # # # # # # # # # # # # # # # # # #
# Module:  libstatic_4
# Variant: target
# Type:    bob_static_library
# Factory: github.com/ARM-software/bob-build/core.Main.func1.1
# Defined: build.bp:redacted

m.libstatic_4_target.cflags = 
m.libstatic_4_target.conlyflags = 

build ${g.bob.BuildDir}/target/objects/libstatic_4/lib4.c.o: g.bob.cc $
        ${g.bob.SrcDir}/lib4.c
    build_wrapper = 
    ccompiler = gcc
    cflags = ${m.libstatic_4_target.cflags}
    conlyflags = ${m.libstatic_4_target.conlyflags}

build ${g.bob.BuildDir}/target/static/libstatic_4.a: g.bob.static_library $
        ${g.bob.BuildDir}/target/objects/libstatic_4/lib4.c.o
    ar = ar
    build_wrapper = 

build libstatic_4: phony ${g.bob.BuildDir}/target/static/libstatic_4.a

# # # # # # # # # # # # # # # # # # # # # # # # # # # # # # # # # # # # # # # #
# Module:  libstatic_5
# Variant: target
# Type:    bob_static_library
# Factory: github.com/ARM-software/bob-build/core.Main.func1.1
# Defined: build.bp:redacted

m.libstatic_5_target.cflags = 
m.libstatic_5_target.conlyflags = 

build ${g.bob.BuildDir}/target/objects/libstatic_5/lib5.c.o: g.bob.cc $
        ${g.bob.SrcDir}/lib5.c
    build_wrapper = 
    ccompiler = gcc
    cflags = ${m.libstatic_5_target.cflags}
    conlyflags = ${m.libstatic_5_target.conlyflags}

build ${g.bob.BuildDir}/target/static/libstatic_5.a: g.bob.static_library $
        ${g.bob.BuildDir}/target/objects/libstatic_5/lib5.c.o
    ar = ar
    build_wrapper = 

build libstatic_5: phony ${g.bob.BuildDir}/target/static/libstatic_5.a

# # # # # # # # # # # # # # # # # # # # # # # # # # # # # # # # # # # # # # # #
# Module:  libstatic_6
# Variant: target
# Type:    bob_static_library
# Factory: github.com/ARM-software/bob-build/core.Main.func1.1
# Defined: build.bp:redacted

m.libstatic_6_target.cflags = 
m.libstatic_6_target.conlyflags = 

build ${g.bob.BuildDir}/target/objects/libstatic_6/lib6.c.o: g.bob.cc $
        ${g.bob.SrcDir}/lib6.c
    build_wrapper = 
    ccompiler = gcc
    cflags = ${m.libstatic_6_target.cflags}
    conlyflags = ${m.libstatic_6_target.conlyflags}

build ${g.bob.BuildDir}/target/static/libstatic_6.a: $
        g.bob.whole_static_library $
        ${g.bob.BuildDir}/target/objects/libstatic_6/lib6.c.o | $
        ${g.bob.whole_static_tool} $
        ${g.bob.BuildDir}/target/static/libstatic_5.a
    ar = ar
    build_wrapper = 
    whole_static_libs = ${g.bob.BuildDir}/target/static/libstatic_5.a

build libstatic_6: phony ${g.bob.BuildDir}/target/static/libstatic_6.a

# # # # # # # # # # # # # # # # # # # # # # # # # # # # # # # # # # # # # # # #
# Singleton: bootstrap
# Factory:   github.com/google/blueprint/bootstrap.Main.newSingletonFactory.func4

build ${g.bootstrap.buildDir}/bin/minibp: g.bootstrap.cp $
        ${g.bootstrap.BinDir}/minibp
default ${g.bootstrap.buildDir}/bin/minibp

build blueprint_tools: phony
default blueprint_tools

