# gazelle:bob_ignore ignored
# gazelle:bob_ignore repo1/ignored
