
genrule {
    name: "_check_buildbp_updates_redacted",
    srcs: ["build.bp"],
    out: ["androidbp_up_to_date"],
    tool_files: ["scripts/verify_hash.py"],
    cmd: "python $(location scripts/verify_hash.py) --hash redacted --out $(out) -- $(in)",
}

cc_binary {
    name: "hello_world",
    srcs: ["hello_world.cpp"],
    cflags: [
        "-DANDROID",
        "-Wl,-rpath=otherthing",
        "-Wall",
        "-pedantic",
        "-D=\"CFLAG WITH SPACES\"",
    ],
    compile_multilib: "both",
    multilib: {
        lib32: {
            relative_install_path: "",
        },
        lib64: {
            relative_install_path: "64",
        },
    },
}

