# ******************************************************************************
# ***            This file is generated and should not be edited             ***
# ******************************************************************************
#
# This file contains variables, rules, and pools with name prefixes indicating
# they were generated by the following Go packages:
#
#     bob       [from Go package bob]
#     bootstrap [from Go package github.com/google/blueprint/bootstrap]
#
ninja_required_version = 1.7.0

g.bob.BuildDir = redacted

g.bob.SrcDir = redacted

g.bootstrap.BinDir = redacted/.bootstrap/bin

g.bootstrap.buildDir = redacted

g.bootstrap.ninjaBuildDir = redacted

g.bootstrap.srcDir = redacted

# Limit the parallelization of linking, which is memory intensive
pool g.bob.link
    depth = 1

builddir = ${g.bootstrap.ninjaBuildDir}

rule g.bob.cc
    command = ${build_wrapper} ${ccompiler} -c ${cflags} ${conlyflags} -MD -MF ${depfile} ${in} -o ${out}
    depfile = ${out}.d
    deps = gcc
    description = ${out}

rule g.bob.executable
    pool = g.bob.link
    command = ${build_wrapper} ${linker} ${in} -o ${out} ${ldflags} ${static_libs} -L${shared_libs_dir} ${shared_libs_flags} ${ldlibs}
    description = ${out}

rule g.bootstrap.cp
    command = cp ${in} ${out}
    description = cp ${out}

# # # # # # # # # # # # # # # # # # # # # # # # # # # # # # # # # # # # # # # #
# Module:  standalone
# Variant: target
# Type:    bob_binary
# Factory: github.com/ARM-software/bob-build/core.Main.func1.1
# Defined: build.bp:redacted

m.standalone_target.cflags = -DEXTRA_CFLAGS
m.standalone_target.conlyflags = -DEXTRA_CONLYFLAGS

build ${g.bob.BuildDir}/target/objects/standalone/main.c.o: g.bob.cc $
        ${g.bob.SrcDir}/main.c
    build_wrapper = 
    ccompiler = gcc
    cflags = ${m.standalone_target.cflags}
    conlyflags = ${m.standalone_target.conlyflags}

build ${g.bob.BuildDir}/target/executable/standalone: g.bob.executable $
        ${g.bob.BuildDir}/target/objects/standalone/main.c.o
    build_wrapper = 
    ldflags = -Wl,--as-needed
    ldlibs = 
    linker = g++
    shared_libs_dir = ${g.bob.BuildDir}/target/shared
    shared_libs_flags = -Wl,-rpath-link,${g.bob.BuildDir}/target/shared
    static_libs = 

build standalone: phony ${g.bob.BuildDir}/target/executable/standalone
default standalone

# # # # # # # # # # # # # # # # # # # # # # # # # # # # # # # # # # # # # # # #
# Singleton: bootstrap
# Factory:   github.com/google/blueprint/bootstrap.Main.newSingletonFactory.func4

rule s.bootstrap.bigbpDocs
    command = ${g.bootstrap.BinDir}/minibp -p -l redacted/bplist -b ${g.bootstrap.buildDir} --docs ${out} ${g.bootstrap.srcDir}/build.bp
    description = minibp docs ${out}

build ${g.bootstrap.buildDir}/bin/minibp: g.bootstrap.cp $
        ${g.bootstrap.BinDir}/minibp
default ${g.bootstrap.buildDir}/bin/minibp

build ${g.bootstrap.buildDir}/.primary/docs/minibp.html: s.bootstrap.bigbpDocs $
        | ${g.bootstrap.BinDir}/minibp
default ${g.bootstrap.buildDir}/.primary/docs/minibp.html

build blueprint_docs: phony ${g.bootstrap.buildDir}/.primary/docs/minibp.html
default blueprint_docs

build blueprint_tools: phony
default blueprint_tools

