# ******************************************************************************
# ***            This file is generated and should not be edited             ***
# ******************************************************************************
#
# This file contains variables, rules, and pools with name prefixes indicating
# they were generated by the following Go packages:
#
#     bob       [from Go package bob]
#     bootstrap [from Go package github.com/google/blueprint/bootstrap]
#
ninja_required_version = 1.7.0

g.bob.BuildDir = redacted

g.bob.SrcDir = redacted

g.bootstrap.BinDir = redacted/.bootstrap/bin

g.bootstrap.buildDir = redacted

g.bootstrap.ninjaBuildDir = redacted

builddir = ${g.bootstrap.ninjaBuildDir}

rule g.bootstrap.cp
    command = cp ${in} ${out}
    description = cp ${out}

# # # # # # # # # # # # # # # # # # # # # # # # # # # # # # # # # # # # # # # #
# Module:  gen
# Variant:
# Type:    bob_genrule
# Factory: github.com/ARM-software/bob-build/core.Main.func1.1
# Defined: build.bp:redacted

rule m.gen_.gen_gen
    command = python ${tool_1} --in ${in} --out ${_out_}
    description = ${out}
    restat = true

build ${g.bob.BuildDir}/gen/gen/out.json: m.gen_.gen_gen $
        ${g.bob.SrcDir}/src.in | ${g.bob.SrcDir}/generator.py
    _out_ = ${g.bob.BuildDir}/gen/gen/out.json
    tool_1 = ${g.bob.SrcDir}/generator.py

build gen: phony ${g.bob.BuildDir}/gen/gen/out.json

# # # # # # # # # # # # # # # # # # # # # # # # # # # # # # # # # # # # # # # #
# Singleton: bootstrap
# Factory:   github.com/google/blueprint/bootstrap.Main.newSingletonFactory.func4

build ${g.bootstrap.buildDir}/bin/minibp: g.bootstrap.cp $
        ${g.bootstrap.BinDir}/minibp
default ${g.bootstrap.buildDir}/bin/minibp

build blueprint_tools: phony
default blueprint_tools

