# ******************************************************************************
# ***            This file is generated and should not be edited             ***
# ******************************************************************************
#
# This file contains variables, rules, and pools with name prefixes indicating
# they were generated by the following Go packages:
#
#     bob       [from Go package bob]
#     bootstrap [from Go package github.com/google/blueprint/bootstrap]
#
ninja_required_version = 1.7.0

g.bob.BobScriptsDir = %WORKSPACEPATH%/scripts

g.bob.BuildDir = %WORKSPACEPATH%

g.bob.SrcDir = %WORKSPACEPATH%

g.bob.toc = ${g.bob.BobScriptsDir}/library_toc.py

g.bootstrap.BinDir = %WORKSPACEPATH%/.bootstrap/bin

g.bootstrap.buildDir = %WORKSPACEPATH%

g.bootstrap.ninjaBuildDir = %WORKSPACEPATH%

g.bootstrap.srcDir = %WORKSPACEPATH%

# Limit the parallelization of linking, which is memory intensive
pool g.bob.link
    depth = 1

builddir = ${g.bootstrap.ninjaBuildDir}

rule g.bob.cc
    command = ${build_wrapper} ${ccompiler} -c ${cflags} ${conlyflags} -MMD -MF ${depfile} ${in} -o ${out}
    depfile = ${out}.d
    deps = gcc
    description = ${out}

rule g.bob.copy
    command = cp ${in} ${out}
    description = ${out}

rule g.bob.executable
    pool = g.bob.link
    command = ${build_wrapper} ${linker} ${in} -o ${out} ${ldflags} ${static_libs} -L${shared_libs_dir} ${shared_libs_flags} ${ldlibs}
    description = ${out}

rule g.bob.install
    command = rm -f ${out}; cp ${in} ${out}
    description = ${out}

rule g.bob.shared_library_toc
    command = ${g.bob.toc} ${in} -o ${out} ${tocflags}
    description = Generate toc ${out}
    restat = true

rule g.bootstrap.cp
    command = cp ${in} ${out}
    description = cp ${out}

# # # # # # # # # # # # # # # # # # # # # # # # # # # # # # # # # # # # # # # #
# Module:  binary_linked_to_gen_shared
# Variant: host
# Type:    bob_binary
# Factory: github.com/ARM-software/bob-build/core.Main.func1.1
# Defined: build.bp:64:1

m.binary_linked_to_gen_shared_host.cflags = -I${g.bob.BuildDir}/gen/libblah_shared/include
m.binary_linked_to_gen_shared_host.conlyflags = 

build ${g.bob.BuildDir}/host/objects/binary_linked_to_gen_shared/main.c.o: $
        g.bob.cc ${g.bob.SrcDir}/main.c || $
        ${g.bob.BuildDir}/gen/libblah_shared/libblah_shared.so $
        ${g.bob.BuildDir}/gen/libblah_shared/include/libblah.h $
        ${g.bob.BuildDir}/gen/libblah_shared/include/libblah_feature.h
    build_wrapper = 
    ccompiler = gcc
    cflags = ${m.binary_linked_to_gen_shared_host.cflags}
    conlyflags = ${m.binary_linked_to_gen_shared_host.conlyflags}

build ${g.bob.BuildDir}/host/executable/binary_linked_to_gen_shared: $
        g.bob.executable $
        ${g.bob.BuildDir}/host/objects/binary_linked_to_gen_shared/main.c.o | $
        ${g.bob.BuildDir}/host/shared/libblah_shared.so.toc || $
        ${g.bob.BuildDir}/host/shared/libblah_shared.so
    build_wrapper = 
    ldflags = -Wl,--as-needed
    ldlibs = 
    linker = g++
    shared_libs_dir = ${g.bob.BuildDir}/host/shared
    shared_libs_flags = -lblah_shared -Wl,-rpath-link,${g.bob.BuildDir}/host/shared
    static_libs = 

build ${g.bob.BuildDir}/gen_sh_bin/binary_linked_to_gen_shared: g.bob.install $
        ${g.bob.BuildDir}/host/executable/binary_linked_to_gen_shared

build binary_linked_to_gen_shared: phony $
        ${g.bob.BuildDir}/gen_sh_bin/binary_linked_to_gen_shared $
        libblah_shared $
        ${g.bob.BuildDir}/host/executable/binary_linked_to_gen_shared
default binary_linked_to_gen_shared

# # # # # # # # # # # # # # # # # # # # # # # # # # # # # # # # # # # # # # # #
# Module:  binary_linked_to_gen_shared_rename
# Variant: host
# Type:    bob_binary
# Factory: github.com/ARM-software/bob-build/core.Main.func1.1
# Defined: build.bp:92:1

m.binary_linked_to_gen_shared_rename_host.cflags = -I${g.bob.BuildDir}/gen/libblah_shared_rename/include
m.binary_linked_to_gen_shared_rename_host.conlyflags = 

build $
        ${g.bob.BuildDir}/host/objects/binary_linked_to_gen_shared_rename/main.c.o $
        : g.bob.cc ${g.bob.SrcDir}/main.c || $
        ${g.bob.BuildDir}/gen/libblah_shared_rename/libblah_shared2.so $
        ${g.bob.BuildDir}/gen/libblah_shared_rename/include/libblah.h $
        ${g.bob.BuildDir}/gen/libblah_shared_rename/include/libblah_feature.h
    build_wrapper = 
    ccompiler = gcc
    cflags = ${m.binary_linked_to_gen_shared_rename_host.cflags}
    conlyflags = ${m.binary_linked_to_gen_shared_rename_host.conlyflags}

build ${g.bob.BuildDir}/host/executable/binary_linked_to_gen_shared_rename: $
        g.bob.executable $
        ${g.bob.BuildDir}/host/objects/binary_linked_to_gen_shared_rename/main.c.o $
        | ${g.bob.BuildDir}/host/shared/libblah_shared2.so.toc || $
        ${g.bob.BuildDir}/host/shared/libblah_shared2.so
    build_wrapper = 
    ldflags = -Wl,--as-needed
    ldlibs = 
    linker = g++
    shared_libs_dir = ${g.bob.BuildDir}/host/shared
    shared_libs_flags = -lblah_shared2 -Wl,-rpath-link,${g.bob.BuildDir}/host/shared
    static_libs = 

build binary_linked_to_gen_shared_rename: phony $
        ${g.bob.BuildDir}/host/executable/binary_linked_to_gen_shared_rename
default binary_linked_to_gen_shared_rename

# # # # # # # # # # # # # # # # # # # # # # # # # # # # # # # # # # # # # # # #
# Module:  binary_linked_to_gen_static
# Variant: host
# Type:    bob_binary
# Factory: github.com/ARM-software/bob-build/core.Main.func1.1
# Defined: build.bp:78:1

m.binary_linked_to_gen_static_host.cflags = -I${g.bob.BuildDir}/gen/libblah_static/include
m.binary_linked_to_gen_static_host.conlyflags = 

build ${g.bob.BuildDir}/host/objects/binary_linked_to_gen_static/main.c.o: $
        g.bob.cc ${g.bob.SrcDir}/main.c || $
        ${g.bob.BuildDir}/gen/libblah_static/libblah_static.a $
        ${g.bob.BuildDir}/gen/libblah_static/include/libblah.h $
        ${g.bob.BuildDir}/gen/libblah_static/include/libblah_feature.h
    build_wrapper = 
    ccompiler = gcc
    cflags = ${m.binary_linked_to_gen_static_host.cflags}
    conlyflags = ${m.binary_linked_to_gen_static_host.conlyflags}

build ${g.bob.BuildDir}/host/executable/binary_linked_to_gen_static: $
        g.bob.executable $
        ${g.bob.BuildDir}/host/objects/binary_linked_to_gen_static/main.c.o | $
        ${g.bob.BuildDir}/gen/libblah_static/libblah_static.a
    build_wrapper = 
    ldflags = -Wl,--as-needed
    ldlibs = 
    linker = g++
    shared_libs_dir = ${g.bob.BuildDir}/host/shared
    shared_libs_flags = -Wl,-rpath-link,${g.bob.BuildDir}/host/shared
    static_libs = ${g.bob.BuildDir}/gen/libblah_static/libblah_static.a

build ${g.bob.BuildDir}/gen_sh_bin/binary_linked_to_gen_static: g.bob.install $
        ${g.bob.BuildDir}/host/executable/binary_linked_to_gen_static

build binary_linked_to_gen_static: phony $
        ${g.bob.BuildDir}/gen_sh_bin/binary_linked_to_gen_static $
        ${g.bob.BuildDir}/host/executable/binary_linked_to_gen_static
default binary_linked_to_gen_static

# # # # # # # # # # # # # # # # # # # # # # # # # # # # # # # # # # # # # # # #
# Module:  check_renamed_gen_library
# Variant:
# Type:    bob_generate_source
# Factory: github.com/ARM-software/bob-build/core.Main.func1.1
# Defined: nested/build.bp:83:1

rule m.check_renamed_gen_library_.gen_check_renamed_gen_library
    command = ${tool} --links-to libblah_shared2  ${in} && touch ${_out_}
    description = ${out}
    restat = true

build ${g.bob.BuildDir}/gen/check_renamed_gen_library/success.txt: $
        m.check_renamed_gen_library_.gen_check_renamed_gen_library $
        ${g.bob.BuildDir}/host/executable/binary_linked_to_gen_shared_rename | $
        ${g.bob.SrcDir}/nested/check_library_link.py
    _out_ = ${g.bob.BuildDir}/gen/check_renamed_gen_library/success.txt
    tool = ${g.bob.SrcDir}/nested/check_library_link.py

build check_renamed_gen_library: phony $
        ${g.bob.BuildDir}/gen/check_renamed_gen_library/success.txt
default check_renamed_gen_library

# # # # # # # # # # # # # # # # # # # # # # # # # # # # # # # # # # # # # # # #
# Module:  generated_binary
# Variant: host
# Type:    bob_generate_binary
# Factory: github.com/ARM-software/bob-build/core.Main.func1.1
# Defined: nested/build.bp:43:1

rule m.generated_binary_host.gen_generated_binary
    command = gcc -fPIE -o ${_out_} ${in}
    description = ${out}
    restat = true

build ${g.bob.BuildDir}/gen/generated_binary/generated_binary: $
        m.generated_binary_host.gen_generated_binary $
        ${g.bob.SrcDir}/nested/main2.c
    _out_ = ${g.bob.BuildDir}/gen/generated_binary/generated_binary

build ${g.bob.BuildDir}/host/executable/generated_binary: g.bob.copy $
        ${g.bob.BuildDir}/gen/generated_binary/generated_binary

build ${g.bob.BuildDir}/gen_sh_bin/generated_binary: g.bob.install $
        ${g.bob.BuildDir}/gen/generated_binary/generated_binary

build generated_binary: phony ${g.bob.BuildDir}/gen_sh_bin/generated_binary $
        ${g.bob.BuildDir}/gen/generated_binary/generated_binary
default generated_binary

# # # # # # # # # # # # # # # # # # # # # # # # # # # # # # # # # # # # # # # #
# Module:  libblah_shared
# Variant: host
# Type:    bob_generate_shared_library
# Factory: github.com/ARM-software/bob-build/core.Main.func1.1
# Defined: build.bp:38:1

rule m.libblah_shared_host.gen_libblah_shared
    command = gcc -fPIC -o ${_out_} -shared ${in}; mkdir -p ${gen_dir}/include; cp ${module_dir}/libblah/libblah.h ${module_dir}/libblah/libblah_feature.h ${gen_dir}/include/.
    description = ${out}
    restat = true

build ${g.bob.BuildDir}/gen/libblah_shared/libblah_shared.so | $
        ${g.bob.BuildDir}/gen/libblah_shared/include/libblah.h $
        ${g.bob.BuildDir}/gen/libblah_shared/include/libblah_feature.h: $
        m.libblah_shared_host.gen_libblah_shared $
        ${g.bob.SrcDir}/libblah/libblah.c | ${g.bob.SrcDir}/libblah/libblah.h $
        ${g.bob.SrcDir}/libblah/libblah_feature.h
    _out_ = ${g.bob.BuildDir}/gen/libblah_shared/libblah_shared.so
    gen_dir = ${g.bob.BuildDir}/gen/libblah_shared
    module_dir = ${g.bob.SrcDir}

build ${g.bob.BuildDir}/host/shared/libblah_shared.so: g.bob.copy $
        ${g.bob.BuildDir}/gen/libblah_shared/libblah_shared.so

build ${g.bob.BuildDir}/host/shared/libblah_shared.so.toc: $
        g.bob.shared_library_toc $
        ${g.bob.BuildDir}/host/shared/libblah_shared.so | ${g.bob.toc}
    tocflags = --format elf --objdump-tool objdump

build ${g.bob.BuildDir}/gen_sh_lib/libblah_shared.so: g.bob.install $
        ${g.bob.BuildDir}/gen/libblah_shared/libblah_shared.so

build libblah_shared: phony ${g.bob.BuildDir}/gen_sh_lib/libblah_shared.so $
        ${g.bob.BuildDir}/gen/libblah_shared/libblah_shared.so $
        ${g.bob.BuildDir}/gen/libblah_shared/include/libblah.h $
        ${g.bob.BuildDir}/gen/libblah_shared/include/libblah_feature.h

# # # # # # # # # # # # # # # # # # # # # # # # # # # # # # # # # # # # # # # #
# Module:  libblah_shared_rename
# Variant: host
# Type:    bob_generate_shared_library
# Factory: github.com/ARM-software/bob-build/core.Main.func1.1
# Defined: nested/build.bp:60:1

rule m.libblah_shared_rename_host.gen_libblah_shared_rename
    command = gcc -fPIC -o ${_out_} -shared ${in}; mkdir -p ${gen_dir}/include; cp ${module_dir}/libblah/libblah.h ${module_dir}/libblah/libblah_feature.h ${gen_dir}/include/.
    description = ${out}
    restat = true

build ${g.bob.BuildDir}/gen/libblah_shared_rename/libblah_shared2.so | $
        ${g.bob.BuildDir}/gen/libblah_shared_rename/include/libblah.h $
        ${g.bob.BuildDir}/gen/libblah_shared_rename/include/libblah_feature.h: $
        m.libblah_shared_rename_host.gen_libblah_shared_rename $
        ${g.bob.SrcDir}/nested/libblah/libblah.c | $
        ${g.bob.SrcDir}/nested/libblah/libblah.h $
        ${g.bob.SrcDir}/nested/libblah/libblah_feature.h
    _out_ = ${g.bob.BuildDir}/gen/libblah_shared_rename/libblah_shared2.so
    gen_dir = ${g.bob.BuildDir}/gen/libblah_shared_rename
    module_dir = ${g.bob.SrcDir}/nested

build ${g.bob.BuildDir}/host/shared/libblah_shared2.so: g.bob.copy $
        ${g.bob.BuildDir}/gen/libblah_shared_rename/libblah_shared2.so

build ${g.bob.BuildDir}/host/shared/libblah_shared2.so.toc: $
        g.bob.shared_library_toc $
        ${g.bob.BuildDir}/host/shared/libblah_shared2.so | ${g.bob.toc}
    tocflags = --format elf --objdump-tool objdump

build libblah_shared_rename: phony $
        ${g.bob.BuildDir}/gen/libblah_shared_rename/libblah_shared2.so $
        ${g.bob.BuildDir}/gen/libblah_shared_rename/include/libblah.h $
        ${g.bob.BuildDir}/gen/libblah_shared_rename/include/libblah_feature.h

# # # # # # # # # # # # # # # # # # # # # # # # # # # # # # # # # # # # # # # #
# Module:  libblah_static
# Variant: host
# Type:    bob_generate_static_library
# Factory: github.com/ARM-software/bob-build/core.Main.func1.1
# Defined: nested/build.bp:18:1

rule m.libblah_static_host.gen_libblah_static
    command = gcc -c -o ${gen_dir}/libblah.o ${in}; ar rcs ${_out_} ${gen_dir}/libblah.o; mkdir -p ${gen_dir}/include; cp ${module_dir}/libblah/libblah.h ${module_dir}/libblah/libblah_feature.h ${gen_dir}/include/.
    description = ${out}
    restat = true

build ${g.bob.BuildDir}/gen/libblah_static/libblah_static.a | $
        ${g.bob.BuildDir}/gen/libblah_static/include/libblah.h $
        ${g.bob.BuildDir}/gen/libblah_static/include/libblah_feature.h: $
        m.libblah_static_host.gen_libblah_static $
        ${g.bob.SrcDir}/nested/libblah/libblah.c | $
        ${g.bob.SrcDir}/nested/libblah/libblah.h $
        ${g.bob.SrcDir}/nested/libblah/libblah_feature.h
    _out_ = ${g.bob.BuildDir}/gen/libblah_static/libblah_static.a
    gen_dir = ${g.bob.BuildDir}/gen/libblah_static
    module_dir = ${g.bob.SrcDir}/nested

build libblah_static: phony $
        ${g.bob.BuildDir}/gen/libblah_static/libblah_static.a $
        ${g.bob.BuildDir}/gen/libblah_static/include/libblah.h $
        ${g.bob.BuildDir}/gen/libblah_static/include/libblah_feature.h

# # # # # # # # # # # # # # # # # # # # # # # # # # # # # # # # # # # # # # # #
# Module:  shared_library_input
# Variant:
# Type:    bob_generate_source
# Factory: github.com/ARM-software/bob-build/core.Main.func1.1
# Defined: build.bp:105:1

rule m.shared_library_input_.gen_shared_library_input
    command = ${tool} --links-to libblah_shared2  ${in} && touch ${_out_}
    description = ${out}
    restat = true

build ${g.bob.BuildDir}/gen/shared_library_input/success.txt: $
        m.shared_library_input_.gen_shared_library_input $
        ${g.bob.BuildDir}/gen/libblah_shared_rename/libblah_shared2.so $
        ${g.bob.BuildDir}/gen/libblah_shared_rename/include/libblah.h $
        ${g.bob.BuildDir}/gen/libblah_shared_rename/include/libblah_feature.h $
        | ${g.bob.SrcDir}/check_library_link.py
    _out_ = ${g.bob.BuildDir}/gen/shared_library_input/success.txt
    tool = ${g.bob.SrcDir}/check_library_link.py

build shared_library_input: phony $
        ${g.bob.BuildDir}/gen/shared_library_input/success.txt
default shared_library_input

# # # # # # # # # # # # # # # # # # # # # # # # # # # # # # # # # # # # # # # #
# Singleton: bootstrap
# Factory:   github.com/google/blueprint/bootstrap.Main.func4

rule s.bootstrap.bigbpDocs
    command = ${g.bootstrap.BinDir}/minibp -p -l %WORKSPACEPATH%/bplist -b ${g.bootstrap.buildDir} --docs ${out} ${g.bootstrap.srcDir}/build.bp
    description = minibp docs ${out}

build ${g.bootstrap.buildDir}/bin/minibp: g.bootstrap.cp $
        ${g.bootstrap.BinDir}/minibp
default ${g.bootstrap.buildDir}/bin/minibp

build ${g.bootstrap.buildDir}/.primary/docs/minibp.html: s.bootstrap.bigbpDocs $
        | ${g.bootstrap.BinDir}/minibp
default ${g.bootstrap.buildDir}/.primary/docs/minibp.html

build blueprint_docs: phony ${g.bootstrap.buildDir}/.primary/docs/minibp.html
default blueprint_docs

build blueprint_tools: phony
default blueprint_tools

