# ******************************************************************************
# ***            This file is generated and should not be edited             ***
# ******************************************************************************
#
# This file contains variables, rules, and pools with name prefixes indicating
# they were generated by the following Go packages:
#
#     bob       [from Go package bob]
#     bootstrap [from Go package github.com/google/blueprint/bootstrap]
#
ninja_required_version = 1.7.0

g.bob.BuildDir = redacted

g.bob.SrcDir = redacted

g.bootstrap.BinDir = redacted/.bootstrap/bin

g.bootstrap.buildDir = redacted

g.bootstrap.ninjaBuildDir = redacted

# Limit the parallelization of linking, which is memory intensive
pool g.bob.link
    depth = 1

builddir = ${g.bootstrap.ninjaBuildDir}

rule g.bob.cc
    command = ${build_wrapper} ${ccompiler} -c ${cflags} ${conlyflags} -MD -MF ${depfile} ${in} -o ${out}
    depfile = ${out}.d
    deps = gcc
    description = ${out}

rule g.bob.executable
    pool = g.bob.link
    command = ${build_wrapper} ${linker} ${in} -o ${out} ${ldflags} ${static_libs} -L${shared_libs_dir} ${shared_libs_flags} ${ldlibs}
    description = ${out}

rule g.bob.static_library
    command = rm -f ${out} && ${build_wrapper} ${ar} -rcs ${out} ${in}
    description = ${out}

rule g.bootstrap.cp
    command = cp ${in} ${out}
    description = cp ${out}

# # # # # # # # # # # # # # # # # # # # # # # # # # # # # # # # # # # # # # # #
# Module:  generated_header
# Variant:
# Type:    bob_generate_source
# Factory: github.com/ARM-software/bob-build/core.Main.func1.1
# Defined: build.bp:redacted

rule m.generated_header_.gen_generated_header
    command = echo '#define H1 1' > ${_out_}
    description = ${out}
    restat = true

build ${g.bob.BuildDir}/gen/generated_header/h1.h: $
        m.generated_header_.gen_generated_header
    _out_ = ${g.bob.BuildDir}/gen/generated_header/h1.h

build generated_header: phony ${g.bob.BuildDir}/gen/generated_header/h1.h

# # # # # # # # # # # # # # # # # # # # # # # # # # # # # # # # # # # # # # # #
# Module:  generated_header_single
# Variant:
# Type:    bob_generate_source
# Factory: github.com/ARM-software/bob-build/core.Main.func1.1
# Defined: build.bp:redacted

rule m.generated_header_single_.gen_generated_header_single
    command = echo '#define H2 2' > ${_out_}
    description = ${out}
    restat = true

build ${g.bob.BuildDir}/gen/generated_header_single/h2.h: $
        m.generated_header_single_.gen_generated_header_single
    _out_ = ${g.bob.BuildDir}/gen/generated_header_single/h2.h

build generated_header_single: phony $
        ${g.bob.BuildDir}/gen/generated_header_single/h2.h

# # # # # # # # # # # # # # # # # # # # # # # # # # # # # # # # # # # # # # # #
# Module:  public_interface_uses_generated_headers
# Variant: target
# Type:    bob_static_library
# Factory: github.com/ARM-software/bob-build/core.Main.func1.1
# Defined: build.bp:redacted

m.public_interface_uses_generated_headers_target.cflags = -I${g.bob.BuildDir}/gen/generated_header -I${g.bob.BuildDir}/gen/generated_header_single
m.public_interface_uses_generated_headers_target.conlyflags = 

build $
        ${g.bob.BuildDir}/target/objects/public_interface_uses_generated_headers/null.c.o $
        : g.bob.cc ${g.bob.SrcDir}/null.c || $
        ${g.bob.BuildDir}/gen/generated_header/h1.h $
        ${g.bob.BuildDir}/gen/generated_header_single/h2.h
    build_wrapper = 
    ccompiler = gcc
    cflags = ${m.public_interface_uses_generated_headers_target.cflags}
    conlyflags = ${m.public_interface_uses_generated_headers_target.conlyflags}

build $
        ${g.bob.BuildDir}/target/static/public_interface_uses_generated_headers.a $
        : g.bob.static_library $
        ${g.bob.BuildDir}/target/objects/public_interface_uses_generated_headers/null.c.o
    ar = ar
    build_wrapper = 

build public_interface_uses_generated_headers: phony $
        ${g.bob.BuildDir}/target/static/public_interface_uses_generated_headers.a

# # # # # # # # # # # # # # # # # # # # # # # # # # # # # # # # # # # # # # # #
# Module:  reexports_partially_generated_library
# Variant: target
# Type:    bob_static_library
# Factory: github.com/ARM-software/bob-build/core.Main.func1.1
# Defined: build.bp:redacted

m.reexports_partially_generated_library_target.cflags = -I${g.bob.BuildDir}/gen/generated_header -I${g.bob.BuildDir}/gen/generated_header_single
m.reexports_partially_generated_library_target.conlyflags = 

build $
        ${g.bob.BuildDir}/target/objects/reexports_partially_generated_library/null.c.o $
        : g.bob.cc ${g.bob.SrcDir}/null.c || $
        ${g.bob.BuildDir}/gen/generated_header/h1.h $
        ${g.bob.BuildDir}/gen/generated_header_single/h2.h
    build_wrapper = 
    ccompiler = gcc
    cflags = ${m.reexports_partially_generated_library_target.cflags}
    conlyflags = ${m.reexports_partially_generated_library_target.conlyflags}

build ${g.bob.BuildDir}/target/static/reexports_partially_generated_library.a: $
        g.bob.static_library $
        ${g.bob.BuildDir}/target/objects/reexports_partially_generated_library/null.c.o
    ar = ar
    build_wrapper = 

build reexports_partially_generated_library: phony $
        ${g.bob.BuildDir}/target/static/reexports_partially_generated_library.a

# # # # # # # # # # # # # # # # # # # # # # # # # # # # # # # # # # # # # # # #
# Module:  uses_library_with_private_generated_headers
# Variant: target
# Type:    bob_binary
# Factory: github.com/ARM-software/bob-build/core.Main.func1.1
# Defined: build.bp:redacted

m.uses_library_with_private_generated_headers_target.cflags = 
m.uses_library_with_private_generated_headers_target.conlyflags = 

build $
        ${g.bob.BuildDir}/target/objects/uses_library_with_private_generated_headers/check_no_h1_h2.c.o $
        : g.bob.cc ${g.bob.SrcDir}/check_no_h1_h2.c
    build_wrapper = 
    ccompiler = gcc
    cflags = ${m.uses_library_with_private_generated_headers_target.cflags}
    conlyflags = ${m.uses_library_with_private_generated_headers_target.conlyflags}

build $
        ${g.bob.BuildDir}/target/executable/uses_library_with_private_generated_headers $
        : g.bob.executable $
        ${g.bob.BuildDir}/target/objects/uses_library_with_private_generated_headers/check_no_h1_h2.c.o $
        | ${g.bob.BuildDir}/target/static/uses_private_generated_headers.a
    build_wrapper = 
    ldflags = -Wl,--as-needed
    ldlibs = 
    linker = g++
    shared_libs_dir = ${g.bob.BuildDir}/target/shared
    shared_libs_flags = -Wl,-rpath-link,${g.bob.BuildDir}/target/shared
    static_libs = ${g.bob.BuildDir}/target/static/uses_private_generated_headers.a

build uses_library_with_private_generated_headers: phony $
        ${g.bob.BuildDir}/target/executable/uses_library_with_private_generated_headers
default uses_library_with_private_generated_headers

# # # # # # # # # # # # # # # # # # # # # # # # # # # # # # # # # # # # # # # #
# Module:  uses_partially_generated_library
# Variant: target
# Type:    bob_binary
# Factory: github.com/ARM-software/bob-build/core.Main.func1.1
# Defined: build.bp:redacted

m.uses_partially_generated_library_target.cflags = -I${g.bob.BuildDir}/gen/generated_header -I${g.bob.BuildDir}/gen/generated_header_single
m.uses_partially_generated_library_target.conlyflags = 

build $
        ${g.bob.BuildDir}/target/objects/uses_partially_generated_library/include_h1_h2.c.o $
        : g.bob.cc ${g.bob.SrcDir}/include_h1_h2.c || $
        ${g.bob.BuildDir}/gen/generated_header/h1.h $
        ${g.bob.BuildDir}/gen/generated_header_single/h2.h
    build_wrapper = 
    ccompiler = gcc
    cflags = ${m.uses_partially_generated_library_target.cflags}
    conlyflags = ${m.uses_partially_generated_library_target.conlyflags}

build ${g.bob.BuildDir}/target/executable/uses_partially_generated_library: $
        g.bob.executable $
        ${g.bob.BuildDir}/target/objects/uses_partially_generated_library/include_h1_h2.c.o $
        | $
        ${g.bob.BuildDir}/target/static/public_interface_uses_generated_headers.a
    build_wrapper = 
    ldflags = -Wl,--as-needed
    ldlibs = 
    linker = g++
    shared_libs_dir = ${g.bob.BuildDir}/target/shared
    shared_libs_flags = -Wl,-rpath-link,${g.bob.BuildDir}/target/shared
    static_libs = ${g.bob.BuildDir}/target/static/public_interface_uses_generated_headers.a

build uses_partially_generated_library: phony $
        ${g.bob.BuildDir}/target/executable/uses_partially_generated_library
default uses_partially_generated_library

# # # # # # # # # # # # # # # # # # # # # # # # # # # # # # # # # # # # # # # #
# Module:  uses_private_generated_headers
# Variant: target
# Type:    bob_static_library
# Factory: github.com/ARM-software/bob-build/core.Main.func1.1
# Defined: build.bp:redacted

m.uses_private_generated_headers_target.cflags = -I${g.bob.BuildDir}/gen/generated_header
m.uses_private_generated_headers_target.conlyflags = 

build ${g.bob.BuildDir}/target/objects/uses_private_generated_headers/null.c.o $
        : g.bob.cc ${g.bob.SrcDir}/null.c || $
        ${g.bob.BuildDir}/gen/generated_header/h1.h
    build_wrapper = 
    ccompiler = gcc
    cflags = ${m.uses_private_generated_headers_target.cflags}
    conlyflags = ${m.uses_private_generated_headers_target.conlyflags}

build ${g.bob.BuildDir}/target/static/uses_private_generated_headers.a: $
        g.bob.static_library $
        ${g.bob.BuildDir}/target/objects/uses_private_generated_headers/null.c.o
    ar = ar
    build_wrapper = 

build uses_private_generated_headers: phony $
        ${g.bob.BuildDir}/target/static/uses_private_generated_headers.a

# # # # # # # # # # # # # # # # # # # # # # # # # # # # # # # # # # # # # # # #
# Module:  uses_reexporting_library
# Variant: target
# Type:    bob_binary
# Factory: github.com/ARM-software/bob-build/core.Main.func1.1
# Defined: build.bp:redacted

m.uses_reexporting_library_target.cflags = -I${g.bob.BuildDir}/gen/generated_header -I${g.bob.BuildDir}/gen/generated_header_single
m.uses_reexporting_library_target.conlyflags = 

build $
        ${g.bob.BuildDir}/target/objects/uses_reexporting_library/include_h1_h2.c.o $
        : g.bob.cc ${g.bob.SrcDir}/include_h1_h2.c || $
        ${g.bob.BuildDir}/gen/generated_header/h1.h $
        ${g.bob.BuildDir}/gen/generated_header_single/h2.h
    build_wrapper = 
    ccompiler = gcc
    cflags = ${m.uses_reexporting_library_target.cflags}
    conlyflags = ${m.uses_reexporting_library_target.conlyflags}

build ${g.bob.BuildDir}/target/executable/uses_reexporting_library: $
        g.bob.executable $
        ${g.bob.BuildDir}/target/objects/uses_reexporting_library/include_h1_h2.c.o $
        | $
        ${g.bob.BuildDir}/target/static/reexports_partially_generated_library.a $
        ${g.bob.BuildDir}/target/static/public_interface_uses_generated_headers.a
    build_wrapper = 
    ldflags = -Wl,--as-needed
    ldlibs = 
    linker = g++
    shared_libs_dir = ${g.bob.BuildDir}/target/shared
    shared_libs_flags = -Wl,-rpath-link,${g.bob.BuildDir}/target/shared
    static_libs = ${g.bob.BuildDir}/target/static/reexports_partially_generated_library.a ${g.bob.BuildDir}/target/static/public_interface_uses_generated_headers.a

build uses_reexporting_library: phony $
        ${g.bob.BuildDir}/target/executable/uses_reexporting_library
default uses_reexporting_library

# # # # # # # # # # # # # # # # # # # # # # # # # # # # # # # # # # # # # # # #
# Singleton: bootstrap
# Factory:   github.com/google/blueprint/bootstrap.Main.newSingletonFactory.func4

build ${g.bootstrap.buildDir}/bin/minibp: g.bootstrap.cp $
        ${g.bootstrap.BinDir}/minibp
default ${g.bootstrap.buildDir}/bin/minibp

build blueprint_tools: phony
default blueprint_tools

