
genrule {
    name: "_check_buildbp_updates_redacted",
    srcs: ["build.bp"],
    out: ["androidbp_up_to_date"],
    tool_files: ["scripts/verify_hash.py"],
    cmd: "python $(location scripts/verify_hash.py) --hash redacted --out $(out) -- $(in)",
}

cc_library {
    name: "tagable",
    host_supported: false,
    device_supported: true,
    srcs: ["src.cpp"],
    owner: "baz",
    vendor: true,
    proprietary: true,
    soc_specific: true,
    compile_multilib: "both",
}

cc_library {
    name: "tagable_features",
    host_supported: false,
    device_supported: true,
    srcs: ["src.cpp"],
    owner: "baz",
    vendor: true,
    proprietary: true,
    soc_specific: true,
    compile_multilib: "both",
}

