
genrule {
    name: "_check_buildbp_updates_redacted",
    srcs: ["build.bp"],
    out: ["androidbp_up_to_date"],
    tool_files: ["scripts/verify_hash.py"],
    cmd: "python $(location scripts/verify_hash.py) --hash redacted --out $(out) -- $(in)",
}

cc_binary {
    name: "bob_binary",
    srcs: ["src.cpp"],
    shared_libs: ["libshared"],
    sanitize: {
        hwaddress: true,
    },
}

cc_library_shared {
    name: "libshared",
    srcs: ["src.cpp"],
    compile_multilib: "both",
    sanitize: {
        hwaddress: true,
    },
}

