
genrule {
    name: "_check_buildbp_updates_redacted",
    srcs: [
        "build.bp",
        "module/build.bp",
    ],
    out: ["androidbp_up_to_date"],
    tool_files: ["scripts/verify_hash.py"],
    cmd: "python $(location scripts/verify_hash.py) --hash redacted --out $(out) -- $(in)",
}

cc_binary {
    name: "glob_test_nested",
    srcs: [
        "main.c",
        "test_glob.c",
        "dir1/func1.c",
        "dir2/func2.c",
    ],
}

cc_binary {
    name: "nested_glob_test",
    srcs: [
        "module/main.c",
        "module/test_glob.c",
        "module/dir1/func1.c",
        "module/dir2/func2.c",
    ],
}

