load("@bazel_skylib//rules:common_settings.bzl", "bool_flag")
load("//tools/bob:def.bzl", "my_config_setting")

# gazelle:bob_root
# gazelle:map_kind config_setting my_config_setting //tools/bob:def.bzl

my_config_setting(
    name = "[__FEATURE_A]",
    flag_values = {"//:FEATURE_A": True},
)

my_config_setting(
    name = "![FEATURE_A]",
    flag_values = {"//:FEATURE_A": False},
)

alias(
    name = "[FEATURE_A]",
    actual = ":[__FEATURE_A]",
)

my_config_setting(
    name = "[__FEATURE_B]",
    flag_values = {"//:FEATURE_B": True},
)

my_config_setting(
    name = "![FEATURE_B]",
    flag_values = {"//:FEATURE_B": False},
)

alias(
    name = "[FEATURE_B]",
    actual = ":[__FEATURE_B]",
)

bool_flag(
    name = "FEATURE_A",
    build_setting_default = False,
)

bool_flag(
    name = "FEATURE_B",
    build_setting_default = True,
)
