# ******************************************************************************
# ***            This file is generated and should not be edited             ***
# ******************************************************************************
#
# This file contains variables, rules, and pools with name prefixes indicating
# they were generated by the following Go packages:
#
#     bob       [from Go package bob]
#     bootstrap [from Go package github.com/google/blueprint/bootstrap]
#
ninja_required_version = 1.7.0

g.bob.BuildDir = redacted

g.bob.SrcDir = redacted

g.bootstrap.BinDir = redacted/.bootstrap/bin

g.bootstrap.buildDir = redacted

g.bootstrap.ninjaBuildDir = redacted

g.bootstrap.srcDir = redacted

# Limit the parallelization of linking, which is memory intensive
pool g.bob.link
    depth = 1

builddir = ${g.bootstrap.ninjaBuildDir}

rule g.bob.cxx
    command = ${build_wrapper} ${cxxcompiler} -c ${cflags} ${cxxflags} -MD -MF ${depfile} ${in} -o ${out}
    depfile = ${out}.d
    deps = gcc
    description = ${out}

rule g.bob.shared_library
    pool = g.bob.link
    command = ${build_wrapper} ${linker} -shared ${in} -o ${out} ${ldflags} ${static_libs} -L${shared_libs_dir} ${shared_libs_flags} ${ldlibs}
    description = ${out}

rule g.bob.static_library
    command = rm -f ${out} && ${build_wrapper} ${ar} -rcs ${out} ${in}
    description = ${out}

rule g.bootstrap.cp
    command = cp ${in} ${out}
    description = cp ${out}

# # # # # # # # # # # # # # # # # # # # # # # # # # # # # # # # # # # # # # # #
# Module:  tagable
# Variant: target
# Type:    bob_library
# Factory: github.com/ARM-software/bob-build/core.Main.func1.1
# Defined: build.bp:redacted

m.tagable_target.cflags = 
m.tagable_target.cxxflags = 

build ${g.bob.BuildDir}/target/objects/tagable/src.cpp.o: g.bob.cxx $
        ${g.bob.SrcDir}/src.cpp
    build_wrapper = 
    cflags = ${m.tagable_target.cflags}
    cxxcompiler = g++
    cxxflags = ${m.tagable_target.cxxflags}

build ${g.bob.BuildDir}/target/shared/tagable.so: g.bob.shared_library $
        ${g.bob.BuildDir}/target/objects/tagable/src.cpp.o
    build_wrapper = 
    ldflags = -Wl,--as-needed
    ldlibs = 
    linker = g++
    shared_libs_dir = ${g.bob.BuildDir}/target/shared
    shared_libs_flags = -Wl,-rpath-link,${g.bob.BuildDir}/target/shared
    static_libs = 

build ${g.bob.BuildDir}/target/static/tagable.a: g.bob.static_library $
        ${g.bob.BuildDir}/target/objects/tagable/src.cpp.o
    ar = ar
    build_wrapper = 

build tagable: phony ${g.bob.BuildDir}/target/static/tagable.a $
        ${g.bob.BuildDir}/target/shared/tagable.so
default tagable

# # # # # # # # # # # # # # # # # # # # # # # # # # # # # # # # # # # # # # # #
# Module:  tagable_features
# Variant: target
# Type:    bob_library
# Factory: github.com/ARM-software/bob-build/core.Main.func1.1
# Defined: build.bp:redacted

m.tagable_features_target.cflags = 
m.tagable_features_target.cxxflags = 

build ${g.bob.BuildDir}/target/objects/tagable_features/src.cpp.o: g.bob.cxx $
        ${g.bob.SrcDir}/src.cpp
    build_wrapper = 
    cflags = ${m.tagable_features_target.cflags}
    cxxcompiler = g++
    cxxflags = ${m.tagable_features_target.cxxflags}

build ${g.bob.BuildDir}/target/shared/tagable_features.so: $
        g.bob.shared_library $
        ${g.bob.BuildDir}/target/objects/tagable_features/src.cpp.o
    build_wrapper = 
    ldflags = -Wl,--as-needed
    ldlibs = 
    linker = g++
    shared_libs_dir = ${g.bob.BuildDir}/target/shared
    shared_libs_flags = -Wl,-rpath-link,${g.bob.BuildDir}/target/shared
    static_libs = 

build ${g.bob.BuildDir}/target/static/tagable_features.a: g.bob.static_library $
        ${g.bob.BuildDir}/target/objects/tagable_features/src.cpp.o
    ar = ar
    build_wrapper = 

build tagable_features: phony $
        ${g.bob.BuildDir}/target/static/tagable_features.a $
        ${g.bob.BuildDir}/target/shared/tagable_features.so
default tagable_features

# # # # # # # # # # # # # # # # # # # # # # # # # # # # # # # # # # # # # # # #
# Singleton: bootstrap
# Factory:   github.com/google/blueprint/bootstrap.Main.newSingletonFactory.func4

rule s.bootstrap.bigbpDocs
    command = ${g.bootstrap.BinDir}/minibp -p -l redacted/bplist -b ${g.bootstrap.buildDir} --docs ${out} ${g.bootstrap.srcDir}/build.bp
    description = minibp docs ${out}

build ${g.bootstrap.buildDir}/bin/minibp: g.bootstrap.cp $
        ${g.bootstrap.BinDir}/minibp
default ${g.bootstrap.buildDir}/bin/minibp

build ${g.bootstrap.buildDir}/.primary/docs/minibp.html: s.bootstrap.bigbpDocs $
        | ${g.bootstrap.BinDir}/minibp
default ${g.bootstrap.buildDir}/.primary/docs/minibp.html

build blueprint_docs: phony ${g.bootstrap.buildDir}/.primary/docs/minibp.html
default blueprint_docs

build blueprint_tools: phony
default blueprint_tools

