load("@bazel_skylib//rules:common_settings.bzl", "bool_flag")

# gazelle:bob_root

config_setting(
    name = "[__FEATURE_A]",
    flag_values = {"//:FEATURE_A": True},
)

config_setting(
    name = "![FEATURE_A]",
    flag_values = {"//:FEATURE_A": False},
)

alias(
    name = "[FEATURE_A]",
    actual = ":[__FEATURE_A]",
)

bool_flag(
    name = "FEATURE_A",
    build_setting_default = True,
)

cc_library(
    name = "lib_forward_defines",
    srcs = ["src/libs/lib.cpp"],
    hdrs = ["src/libs/liba.h"] + select({
        "//conditions:default": [],
        "//:[FEATURE_A]": ["src/libs/libb.h"],
    }),
    defines = ["FORWARDED_DEFINE"],
    local_defines = ["LOCAL_DEFINE"],
)

cc_library(
    name = "lib_dep",
    deps = ["//:lib_forward_defines"],
)

cc_library(
    name = "lib_alwayslink",
    srcs = ["libfoo.cc"],
    alwayslink = True,
)
