
genrule {
    name: "_check_buildbp_updates_redacted",
    srcs: ["build.bp"],
    out: ["androidbp_up_to_date"],
    tool_files: ["scripts/verify_hash.py"],
    cmd: "python $(location scripts/verify_hash.py) --hash redacted --out $(out) -- $(in)",
}

cc_binary {
    name: "exe",
    srcs: ["src.c"],
    cflags: [
        "-Wall",
        "-Werror",
    ],
    compile_multilib: "both",
    owner: "toolchain",
    vendor: true,
    proprietary: true,
    soc_specific: true,
}

cc_test {
    name: "test",
    srcs: ["src.c"],
    cflags: [
        "-Wall",
        "-Werror",
    ],
    owner: "toolchain",
    vendor: true,
    proprietary: true,
    soc_specific: true,
    include_build_directory: false,
    auto_gen_config: false,
    gtest: false,
}

