# ******************************************************************************
# ***            This file is generated and should not be edited             ***
# ******************************************************************************
#
# This file contains variables, rules, and pools with name prefixes indicating
# they were generated by the following Go packages:
#
#     bob       [from Go package bob]
#     bootstrap [from Go package github.com/google/blueprint/bootstrap]
#
ninja_required_version = 1.7.0

g.bob.BuildDir = redacted

g.bob.SrcDir = redacted

g.bootstrap.BinDir = redacted/.bootstrap/bin

g.bootstrap.buildDir = redacted

g.bootstrap.ninjaBuildDir = redacted

builddir = ${g.bootstrap.ninjaBuildDir}

rule g.bob.install
    command = rm -f ${out}; cp ${in} ${out}
    description = ${out}

rule g.bootstrap.cp
    command = cp ${in} ${out}
    description = cp ${out}

# # # # # # # # # # # # # # # # # # # # # # # # # # # # # # # # # # # # # # # #
# Module:  bob_test_resource_in_bin
# Variant:
# Type:    bob_resource
# Factory: github.com/ARM-software/bob-build/core.Main.func1.1
# Defined: build.bp:redacted

build ${g.bob.BuildDir}/install/bin/bob_tests/bob_resource_test_script.sh: $
        g.bob.install ${g.bob.SrcDir}/bob_resource_test_script.sh

build ${g.bob.BuildDir}/install/bin/bob_tests/bob_resource_test_data.json: $
        g.bob.install ${g.bob.SrcDir}/bob_resource_test_data.json

build bob_test_resource_in_bin: phony $
        ${g.bob.BuildDir}/install/bin/bob_tests/bob_resource_test_script.sh $
        ${g.bob.BuildDir}/install/bin/bob_tests/bob_resource_test_data.json
default bob_test_resource_in_bin

# # # # # # # # # # # # # # # # # # # # # # # # # # # # # # # # # # # # # # # #
# Singleton: bootstrap
# Factory:   github.com/google/blueprint/bootstrap.Main.newSingletonFactory.func4

build ${g.bootstrap.buildDir}/bin/minibp: g.bootstrap.cp $
        ${g.bootstrap.BinDir}/minibp

build blueprint_tools: phony

