# ******************************************************************************
# ***            This file is generated and should not be edited             ***
# ******************************************************************************
#
# This file contains variables, rules, and pools with name prefixes indicating
# they were generated by the following Go packages:
#
#     bootstrap [from Go package github.com/google/blueprint/bootstrap]
#
ninja_required_version = 1.7.0

g.bootstrap.BinDir = redacted/.bootstrap/bin

g.bootstrap.buildDir = redacted

g.bootstrap.ninjaBuildDir = redacted

g.bootstrap.srcDir = redacted

builddir = ${g.bootstrap.ninjaBuildDir}

rule g.bootstrap.cp
    command = cp ${in} ${out}
    description = cp ${out}

# # # # # # # # # # # # # # # # # # # # # # # # # # # # # # # # # # # # # # # #
# Singleton: bootstrap
# Factory:   github.com/google/blueprint/bootstrap.Main.func4

rule s.bootstrap.bigbpDocs
    command = ${g.bootstrap.BinDir}/minibp -p -l redacted/bplist -b ${g.bootstrap.buildDir} --docs ${out} ${g.bootstrap.srcDir}/build.bp
    description = minibp docs ${out}

build ${g.bootstrap.buildDir}/bin/minibp: g.bootstrap.cp $
        ${g.bootstrap.BinDir}/minibp
default ${g.bootstrap.buildDir}/bin/minibp

build ${g.bootstrap.buildDir}/.primary/docs/minibp.html: s.bootstrap.bigbpDocs $
        | ${g.bootstrap.BinDir}/minibp
default ${g.bootstrap.buildDir}/.primary/docs/minibp.html

build blueprint_docs: phony ${g.bootstrap.buildDir}/.primary/docs/minibp.html
default blueprint_docs

build blueprint_tools: phony
default blueprint_tools

