# ******************************************************************************
# ***            This file is generated and should not be edited             ***
# ******************************************************************************
#
# This file contains variables, rules, and pools with name prefixes indicating
# they were generated by the following Go packages:
#
#     bob       [from Go package bob]
#     bootstrap [from Go package github.com/google/blueprint/bootstrap]
#
ninja_required_version = 1.7.0

g.bob.BuildDir = redacted

g.bob.SrcDir = redacted

g.bootstrap.BinDir = redacted/.bootstrap/bin

g.bootstrap.buildDir = redacted

g.bootstrap.ninjaBuildDir = redacted

# Limit the parallelization of linking, which is memory intensive
pool g.bob.link
    depth = 1

builddir = ${g.bootstrap.ninjaBuildDir}

rule g.bob.cc
    command = ${build_wrapper} ${ccompiler} -c ${cflags} ${conlyflags} -MD -MF ${depfile} ${in} -o ${out}
    depfile = ${out}.d
    deps = gcc
    description = ${out}

rule g.bob.executable
    pool = g.bob.link
    command = ${build_wrapper} ${linker} ${in} -o ${out} ${ldflags} ${static_libs} -L${shared_libs_dir} ${shared_libs_flags} ${ldlibs}
    description = ${out}

rule g.bootstrap.cp
    command = cp ${in} ${out}
    description = cp ${out}

# # # # # # # # # # # # # # # # # # # # # # # # # # # # # # # # # # # # # # # #
# Module:  glob_test_nested
# Variant: target
# Type:    bob_binary
# Factory: github.com/ARM-software/bob-build/core.Main.func1.1
# Defined: build.bp:redacted

m.glob_test_nested_target.cflags = 
m.glob_test_nested_target.conlyflags = 

build ${g.bob.BuildDir}/target/objects/glob_test_nested/main.c.o: g.bob.cc $
        ${g.bob.SrcDir}/main.c
    build_wrapper = 
    ccompiler = gcc
    cflags = ${m.glob_test_nested_target.cflags}
    conlyflags = ${m.glob_test_nested_target.conlyflags}

build ${g.bob.BuildDir}/target/objects/glob_test_nested/test_glob.c.o: $
        g.bob.cc ${g.bob.SrcDir}/test_glob.c
    build_wrapper = 
    ccompiler = gcc
    cflags = ${m.glob_test_nested_target.cflags}
    conlyflags = ${m.glob_test_nested_target.conlyflags}

build ${g.bob.BuildDir}/target/objects/glob_test_nested/dir1/func1.c.o: $
        g.bob.cc ${g.bob.SrcDir}/dir1/func1.c
    build_wrapper = 
    ccompiler = gcc
    cflags = ${m.glob_test_nested_target.cflags}
    conlyflags = ${m.glob_test_nested_target.conlyflags}

build ${g.bob.BuildDir}/target/objects/glob_test_nested/dir2/func2.c.o: $
        g.bob.cc ${g.bob.SrcDir}/dir2/func2.c
    build_wrapper = 
    ccompiler = gcc
    cflags = ${m.glob_test_nested_target.cflags}
    conlyflags = ${m.glob_test_nested_target.conlyflags}

build ${g.bob.BuildDir}/target/executable/glob_test_nested: g.bob.executable $
        ${g.bob.BuildDir}/target/objects/glob_test_nested/main.c.o $
        ${g.bob.BuildDir}/target/objects/glob_test_nested/test_glob.c.o $
        ${g.bob.BuildDir}/target/objects/glob_test_nested/dir1/func1.c.o $
        ${g.bob.BuildDir}/target/objects/glob_test_nested/dir2/func2.c.o | $
        ${g.bob.BuildDir}/target/executable/nested_glob_test
    build_wrapper = 
    ldflags = -Wl,--as-needed
    ldlibs = 
    linker = g++
    shared_libs_dir = ${g.bob.BuildDir}/target/shared
    shared_libs_flags = -Wl,-rpath-link,${g.bob.BuildDir}/target/shared
    static_libs = 

build glob_test_nested: phony $
        ${g.bob.BuildDir}/target/executable/glob_test_nested
default glob_test_nested

# # # # # # # # # # # # # # # # # # # # # # # # # # # # # # # # # # # # # # # #
# Module:  nested_glob_test
# Variant: target
# Type:    bob_binary
# Factory: github.com/ARM-software/bob-build/core.Main.func1.1
# Defined: module/build.bp:redacted

m.nested_glob_test_target.cflags = 
m.nested_glob_test_target.conlyflags = 

build ${g.bob.BuildDir}/target/objects/nested_glob_test/module/main.c.o: $
        g.bob.cc ${g.bob.SrcDir}/module/main.c
    build_wrapper = 
    ccompiler = gcc
    cflags = ${m.nested_glob_test_target.cflags}
    conlyflags = ${m.nested_glob_test_target.conlyflags}

build ${g.bob.BuildDir}/target/objects/nested_glob_test/module/test_glob.c.o: $
        g.bob.cc ${g.bob.SrcDir}/module/test_glob.c
    build_wrapper = 
    ccompiler = gcc
    cflags = ${m.nested_glob_test_target.cflags}
    conlyflags = ${m.nested_glob_test_target.conlyflags}

build ${g.bob.BuildDir}/target/objects/nested_glob_test/module/dir1/func1.c.o: $
        g.bob.cc ${g.bob.SrcDir}/module/dir1/func1.c
    build_wrapper = 
    ccompiler = gcc
    cflags = ${m.nested_glob_test_target.cflags}
    conlyflags = ${m.nested_glob_test_target.conlyflags}

build ${g.bob.BuildDir}/target/objects/nested_glob_test/module/dir2/func2.c.o: $
        g.bob.cc ${g.bob.SrcDir}/module/dir2/func2.c
    build_wrapper = 
    ccompiler = gcc
    cflags = ${m.nested_glob_test_target.cflags}
    conlyflags = ${m.nested_glob_test_target.conlyflags}

build ${g.bob.BuildDir}/target/executable/nested_glob_test: g.bob.executable $
        ${g.bob.BuildDir}/target/objects/nested_glob_test/module/main.c.o $
        ${g.bob.BuildDir}/target/objects/nested_glob_test/module/test_glob.c.o $
        ${g.bob.BuildDir}/target/objects/nested_glob_test/module/dir1/func1.c.o $
        ${g.bob.BuildDir}/target/objects/nested_glob_test/module/dir2/func2.c.o
    build_wrapper = 
    ldflags = -Wl,--as-needed
    ldlibs = 
    linker = g++
    shared_libs_dir = ${g.bob.BuildDir}/target/shared
    shared_libs_flags = -Wl,-rpath-link,${g.bob.BuildDir}/target/shared
    static_libs = 

build nested_glob_test: phony $
        ${g.bob.BuildDir}/target/executable/nested_glob_test
default nested_glob_test

# # # # # # # # # # # # # # # # # # # # # # # # # # # # # # # # # # # # # # # #
# Singleton: bootstrap
# Factory:   github.com/google/blueprint/bootstrap.Main.newSingletonFactory.func4

build ${g.bootstrap.buildDir}/bin/minibp: g.bootstrap.cp $
        ${g.bootstrap.BinDir}/minibp
default ${g.bootstrap.buildDir}/bin/minibp

build blueprint_tools: phony
default blueprint_tools

