# ******************************************************************************
# ***            This file is generated and should not be edited             ***
# ******************************************************************************
#
# This file contains variables, rules, and pools with name prefixes indicating
# they were generated by the following Go packages:
#
#     bob       [from Go package bob]
#     bootstrap [from Go package github.com/google/blueprint/bootstrap]
#
ninja_required_version = 1.7.0

g.bob.BuildDir = redacted

g.bob.SrcDir = redacted

g.bootstrap.BinDir = redacted/.bootstrap/bin

g.bootstrap.buildDir = redacted

g.bootstrap.ninjaBuildDir = redacted

# Limit the parallelization of linking, which is memory intensive
pool g.bob.link
    depth = 1

builddir = ${g.bootstrap.ninjaBuildDir}

rule g.bob.cxx
    command = ${build_wrapper} ${cxxcompiler} -c ${cflags} ${cxxflags} -MD -MF ${depfile} ${in} -o ${out}
    depfile = ${out}.d
    deps = gcc
    description = ${out}

rule g.bob.shared_library
    pool = g.bob.link
    command = ${build_wrapper} ${linker} -shared ${in} -o ${out} ${ldflags} ${static_libs} -L${shared_libs_dir} ${shared_libs_flags} ${ldlibs}
    description = ${out}

rule g.bob.static_library
    command = rm -f ${out} && ${build_wrapper} ${ar} -rcs ${out} ${in}
    description = ${out}

rule g.bootstrap.cp
    command = cp ${in} ${out}
    description = cp ${out}

# # # # # # # # # # # # # # # # # # # # # # # # # # # # # # # # # # # # # # # #
# Module:  libfoo
# Variant: host
# Type:    bob_library
# Factory: github.com/ARM-software/bob-build/core.Main.func1.1
# Defined: build.bp:redacted

m.libfoo_host.cflags = 
m.libfoo_host.cxxflags = -DANDROID -Wno-unused-but-set-variable -I/android/prebuilts/clang/host/linux-x86/clang-r522817/include/x86_64-unknown-linux-gnu/c++/v1/ -I/android/prebuilts/clang/host/linux-x86/clang-r522817/include/c++/v1/ -Wno-deprecated-enum-enum-conversion -Wno-pessimizing-move -Wno-non-c-typedef-for-linkage -Wno-align-mismatch -Wno-error=unused-but-set-variable -Wno-error=unused-but-set-parameter -Wno-error=deprecated-builtins -Wno-error=deprecated -Wno-error=single-bit-bitfield-constant-conversion -Wno-error=enum-constexpr-conversion -Wno-error=invalid-offsetof -Wno-error=thread-safety-reference-return -Wno-deprecated-dynamic-exception-spec -Wno-vla-cxx-extension -fcommon -Wno-format-insufficient-args -Wno-misleading-indentation -Wno-bitwise-instead-of-logical -Wno-unused -Wno-unused-parameter -Wno-unused-but-set-parameter -Wno-unqualified-std-cast-call -Wno-array-parameter -Wno-gnu-offsetof-extensions -Wno-fortify-source -D__STDC_CONSTANT_MACROS -D__STDC_LIMIT_MACROS -fvisibility-inlines-hidden -fno-exceptions -Wno-error=deprecated-declarations -fexceptions -Wno-shadow -D_GNU_SOURCE=1 -ffunction-sections -fdata-sections -Qunused-arguments -fcolor-diagnostics -fno-exceptions -fno-unwind-tables -pedantic -Wno-long-long -Wno-variadic-macros -Wno-overlength-strings -Wno-attributes -Wno-unused-parameter -Wno-type-limits -Wno-missing-field-initializers -Wno-unknown-warning-option -Wno-tautological-constant-out-of-range-compare -Wno-duplicate-decl-specifier -Wno-extended-offsetof -Wno-format-pedantic -Wno-gnu-zero-variadic-macro-arguments -Wno-gnu-redeclared-enum -Wno-newline-eof -Wno-expansion-to-defined -Wno-embedded-directive -Wno-implicit-fallthrough -Wno-zero-length-array -Wno-c11-extensions -Wno-gnu-include-next -DCFRAMEP_DUMP=0 -Wno-unused-function -Wno-missing-field-initializers -Wno-unused-parameter -Wno-tautological-constant-out-of-range-compare -Wno-format-insufficient-args -Wno-misleading-indentation -Wno-bitwise-instead-of-logical -Wno-unused -Wno-unused-parameter -Wno-unused-but-set-parameter -Wno-unqualified-std-cast-call -Wno-array-parameter -Wno-gnu-offsetof-extensions -Wno-fortify-source -Wno-tautological-constant-compare -Wno-tautological-type-limit-compare -Wno-implicit-int-float-conversion -Wno-tautological-overlap-compare -Wno-deprecated-copy -Wno-range-loop-construct -Wno-zero-as-null-pointer-constant -Wno-deprecated-anon-enum-enum-conversion -Wno-deprecated-enum-enum-conversion -Wno-pessimizing-move -Wno-non-c-typedef-for-linkage -Wno-align-mismatch -Wno-error=unused-but-set-variable -Wno-error=unused-but-set-parameter -Wno-error=deprecated-builtins -Wno-error=deprecated -Wno-error=single-bit-bitfield-constant-conversion -Wno-error=enum-constexpr-conversion -Wno-error=invalid-offsetof -Wno-error=thread-safety-reference-return -Wno-deprecated-dynamic-exception-spec -Wno-vla-cxx-extension -Wno-unused-variable -Wno-missing-field-initializers -Wno-packed-non-pod -Wno-void-pointer-to-enum-cast -Wno-void-pointer-to-int-cast -Wno-pointer-to-int-cast -Wno-error=deprecated-declarations -Wno-missing-field-initializers -Wno-gnu-include-next -Wno-unused-function -Wno-missing-field-initializers -Wno-unused-parameter -Wno-tautological-constant-out-of-range-compare -Wno-unknown-warning-option -Wno-tautological-constant-out-of-range-compare -Wno-duplicate-decl-specifier -Wno-format-pedantic -Wno-gnu-zero-variadic-macro-arguments -Wno-gnu-redeclared-enum -Wno-newline-eof -Wno-expansion-to-defined -Wno-embedded-directive -Wno-implicit-fallthrough -Wno-zero-length-array -Wno-c11-extensions -Wno-gnu-include-next -Wno-long-long -Wno-variadic-macros -Wno-overlength-strings -Wno-attributes -Wno-unused-parameter -Wno-type-limits -Wno-error=nested-anon-types -Wno-error=gnu-anonymous-struct -Wno-missing-field-initializers -Wno-disabled-macro-expansion -Wno-padded -Wno-unused-macros -Wno-c++98-compat -Wno-c++98-compat-pedantic -Wno-c++2a-compat -Wno-c++2a-compat-pedantic -Wno-return-std-move-in-c++11 -Wno-reserved-identifier -Wno-gnu-zero-variadic-macro-arguments -Wno-enum-compare -Wno-enum-compare-switch -Wno-null-pointer-arithmetic -Wno-null-dereference -Wno-pointer-compare -Wno-final-dtor-non-final-class -Wno-psabi -Wno-null-pointer-subtraction -Wno-string-concatenation -Wno-deprecated-non-prototype -Wno-unused -Wno-deprecated -Wno-error=deprecated-declarations -Wno-c99-designator -Wno-gnu-folding-constant -Wno-inconsistent-missing-override -Wno-error=reorder-init-list -Wno-reorder-init-list -Wno-sign-compare -Wno-unused -Wno-strict-prototypes -Wno-macro-redefined -lrt -target x86_64-linux-gnu -nostdlib++ -m64 -lc++ -L/android/prebuilts/gcc/linux-x86/host/x86_64-linux-glibc2.17-4.8/lib/gcc/x86_64-linux/4.8.3/ -L/android/prebuilts/gcc/linux-x86/host/x86_64-linux-glibc2.17-4.8/x86_64-linux/lib64/ -B/android/prebuilts/gcc/linux-x86/host/x86_64-linux-glibc2.17-4.8/lib/gcc/x86_64-linux/4.8.3/ --sysroot=/android/prebuilts/gcc/linux-x86/host/x86_64-linux-glibc2.17-4.8/sysroot -fuse-ld=lld -Wl,--icf=safe -Wl,--no-demangle -Wa,--noexecstack -fPIC -U_FORTIFY_SOURCE -D_FORTIFY_SOURCE=2 -fstack-protector --gcc-toolchain=/android/prebuilts/gcc/linux-x86/host/x86_64-linux-glibc2.17-4.8/ -fstack-protector-strong

build ${g.bob.BuildDir}/host/objects/libfoo/main.cpp.o: g.bob.cxx $
        ${g.bob.SrcDir}/main.cpp
    build_wrapper = 
    cflags = ${m.libfoo_host.cflags}
    cxxcompiler = prebuilts/clang/host/linux-x86/clang-r522817/bin/clang++
    cxxflags = ${m.libfoo_host.cxxflags}

build ${g.bob.BuildDir}/host/shared/libfoo.so: g.bob.shared_library $
        ${g.bob.BuildDir}/host/objects/libfoo/main.cpp.o
    build_wrapper = 
    ldflags = -DANDROID -Wno-unused-but-set-variable -I/android/prebuilts/clang/host/linux-x86/clang-r522817/include/x86_64-unknown-linux-gnu/c++/v1/ -I/android/prebuilts/clang/host/linux-x86/clang-r522817/include/c++/v1/ -Wno-deprecated-enum-enum-conversion -Wno-pessimizing-move -Wno-non-c-typedef-for-linkage -Wno-align-mismatch -Wno-error=unused-but-set-variable -Wno-error=unused-but-set-parameter -Wno-error=deprecated-builtins -Wno-error=deprecated -Wno-error=single-bit-bitfield-constant-conversion -Wno-error=enum-constexpr-conversion -Wno-error=invalid-offsetof -Wno-error=thread-safety-reference-return -Wno-deprecated-dynamic-exception-spec -Wno-vla-cxx-extension -fcommon -Wno-format-insufficient-args -Wno-misleading-indentation -Wno-bitwise-instead-of-logical -Wno-unused -Wno-unused-parameter -Wno-unused-but-set-parameter -Wno-unqualified-std-cast-call -Wno-array-parameter -Wno-gnu-offsetof-extensions -Wno-fortify-source -D__STDC_CONSTANT_MACROS -D__STDC_LIMIT_MACROS -fvisibility-inlines-hidden -fno-exceptions -Wno-error=deprecated-declarations -fexceptions -Wno-shadow -D_GNU_SOURCE=1 -ffunction-sections -fdata-sections -Qunused-arguments -fcolor-diagnostics -fno-exceptions -fno-unwind-tables -pedantic -Wno-long-long -Wno-variadic-macros -Wno-overlength-strings -Wno-attributes -Wno-unused-parameter -Wno-type-limits -Wno-missing-field-initializers -Wno-unknown-warning-option -Wno-tautological-constant-out-of-range-compare -Wno-duplicate-decl-specifier -Wno-extended-offsetof -Wno-format-pedantic -Wno-gnu-zero-variadic-macro-arguments -Wno-gnu-redeclared-enum -Wno-newline-eof -Wno-expansion-to-defined -Wno-embedded-directive -Wno-implicit-fallthrough -Wno-zero-length-array -Wno-c11-extensions -Wno-gnu-include-next -DCFRAMEP_DUMP=0 -Wno-unused-function -Wno-missing-field-initializers -Wno-unused-parameter -Wno-tautological-constant-out-of-range-compare -Wno-format-insufficient-args -Wno-misleading-indentation -Wno-bitwise-instead-of-logical -Wno-unused -Wno-unused-parameter -Wno-unused-but-set-parameter -Wno-unqualified-std-cast-call -Wno-array-parameter -Wno-gnu-offsetof-extensions -Wno-fortify-source -Wno-tautological-constant-compare -Wno-tautological-type-limit-compare -Wno-implicit-int-float-conversion -Wno-tautological-overlap-compare -Wno-deprecated-copy -Wno-range-loop-construct -Wno-zero-as-null-pointer-constant -Wno-deprecated-anon-enum-enum-conversion -Wno-deprecated-enum-enum-conversion -Wno-pessimizing-move -Wno-non-c-typedef-for-linkage -Wno-align-mismatch -Wno-error=unused-but-set-variable -Wno-error=unused-but-set-parameter -Wno-error=deprecated-builtins -Wno-error=deprecated -Wno-error=single-bit-bitfield-constant-conversion -Wno-error=enum-constexpr-conversion -Wno-error=invalid-offsetof -Wno-error=thread-safety-reference-return -Wno-deprecated-dynamic-exception-spec -Wno-vla-cxx-extension -Wno-unused-variable -Wno-missing-field-initializers -Wno-packed-non-pod -Wno-void-pointer-to-enum-cast -Wno-void-pointer-to-int-cast -Wno-pointer-to-int-cast -Wno-error=deprecated-declarations -Wno-missing-field-initializers -Wno-gnu-include-next -Wno-unused-function -Wno-missing-field-initializers -Wno-unused-parameter -Wno-tautological-constant-out-of-range-compare -Wno-unknown-warning-option -Wno-tautological-constant-out-of-range-compare -Wno-duplicate-decl-specifier -Wno-format-pedantic -Wno-gnu-zero-variadic-macro-arguments -Wno-gnu-redeclared-enum -Wno-newline-eof -Wno-expansion-to-defined -Wno-embedded-directive -Wno-implicit-fallthrough -Wno-zero-length-array -Wno-c11-extensions -Wno-gnu-include-next -Wno-long-long -Wno-variadic-macros -Wno-overlength-strings -Wno-attributes -Wno-unused-parameter -Wno-type-limits -Wno-error=nested-anon-types -Wno-error=gnu-anonymous-struct -Wno-missing-field-initializers -Wno-disabled-macro-expansion -Wno-padded -Wno-unused-macros -Wno-c++98-compat -Wno-c++98-compat-pedantic -Wno-c++2a-compat -Wno-c++2a-compat-pedantic -Wno-return-std-move-in-c++11 -Wno-reserved-identifier -Wno-gnu-zero-variadic-macro-arguments -Wno-enum-compare -Wno-enum-compare-switch -Wno-null-pointer-arithmetic -Wno-null-dereference -Wno-pointer-compare -Wno-final-dtor-non-final-class -Wno-psabi -Wno-null-pointer-subtraction -Wno-string-concatenation -Wno-deprecated-non-prototype -Wno-unused -Wno-deprecated -Wno-error=deprecated-declarations -Wno-c99-designator -Wno-gnu-folding-constant -Wno-inconsistent-missing-override -Wno-error=reorder-init-list -Wno-reorder-init-list -Wno-sign-compare -Wno-unused -Wno-strict-prototypes -Wno-macro-redefined -lrt -target x86_64-linux-gnu -nostdlib++ -m64 -lc++ -L/android/prebuilts/gcc/linux-x86/host/x86_64-linux-glibc2.17-4.8/lib/gcc/x86_64-linux/4.8.3/ -L/android/prebuilts/gcc/linux-x86/host/x86_64-linux-glibc2.17-4.8/x86_64-linux/lib64/ -B/android/prebuilts/gcc/linux-x86/host/x86_64-linux-glibc2.17-4.8/lib/gcc/x86_64-linux/4.8.3/ --sysroot=/android/prebuilts/gcc/linux-x86/host/x86_64-linux-glibc2.17-4.8/sysroot -fuse-ld=lld -Wl,--icf=safe -Wl,--no-demangle -Wa,--noexecstack -fPIC -U_FORTIFY_SOURCE -D_FORTIFY_SOURCE=2 -fstack-protector --gcc-toolchain=/android/prebuilts/gcc/linux-x86/host/x86_64-linux-glibc2.17-4.8/ -fstack-protector-strong -target x86_64-linux-gnu -nostdlib++ -m64 -lc++ -L/android/prebuilts/gcc/linux-x86/host/x86_64-linux-glibc2.17-4.8/lib/gcc/x86_64-linux/4.8.3/ -L/android/prebuilts/gcc/linux-x86/host/x86_64-linux-glibc2.17-4.8/x86_64-linux/lib64/ -B/android/prebuilts/gcc/linux-x86/host/x86_64-linux-glibc2.17-4.8/lib/gcc/x86_64-linux/4.8.3/ --sysroot=/android/prebuilts/gcc/linux-x86/host/x86_64-linux-glibc2.17-4.8/sysroot -fuse-ld=lld -Wl,--icf=safe -Wl,--no-demangle -Wa,--noexecstack -fPIC -U_FORTIFY_SOURCE -D_FORTIFY_SOURCE=2 -fstack-protector --gcc-toolchain=/android/prebuilts/gcc/linux-x86/host/x86_64-linux-glibc2.17-4.8/ -fstack-protector-strong /android/prebuilts/clang/host/linux-x86/clang-r522817/lib/x86_64-unknown-linux-gnu/libc++.so -Wl,-rpath,/android/prebuilts/gcc/linux-x86/host/x86_64-linux-glibc2.17-4.8/x86_64-linux/lib64/ -Wl,-rpath,/android/prebuilts/build-tools/linux-x86/lib64/ -Wl,--as-needed
    ldlibs = 
    linker = prebuilts/clang/host/linux-x86/clang-r522817/bin/clang++
    shared_libs_dir = ${g.bob.BuildDir}/host/shared
    shared_libs_flags = -Wl,-soname,libfoo.so -Wl,-rpath-link,${g.bob.BuildDir}/host/shared
    static_libs = 

build ${g.bob.BuildDir}/host/static/libfoo.a: g.bob.static_library $
        ${g.bob.BuildDir}/host/objects/libfoo/main.cpp.o
    ar = ar
    build_wrapper = 

build libfoo__host: phony ${g.bob.BuildDir}/host/static/libfoo.a $
        ${g.bob.BuildDir}/host/shared/libfoo.so
default libfoo__host

# # # # # # # # # # # # # # # # # # # # # # # # # # # # # # # # # # # # # # # #
# Module:  libfoo
# Variant: target
# Type:    bob_library
# Factory: github.com/ARM-software/bob-build/core.Main.func1.1
# Defined: build.bp:redacted

m.libfoo_target.cflags = 
m.libfoo_target.cxxflags = -DANDROID -Wno-unused-but-set-variable -march=armv8-a+crypto+sha2 -nostdlibinc -fPIC -Wno-nullability-extension -Wno-gcc-compat -Wno-deprecated-non-prototypes -Wno-shorten-64-to-32 -Wno-unused-but-set-variable -Wno-implicit-function-declaration -Wno-int-conversion -I/android/prebuilts/clang/host/linux-x86/clang-r522817/include/c++/v1/ -isystem /android/prebuilts/vndk/v34/arm64/include/generated-headers/bionic/libc/libc/android_vendor.34_arm64_armv8-a_shared/gen/include -isystem /android/prebuilts/vndk/v34/arm64/include/bionic/libc/kernel/uapi/asm-arm64/ -isystem /android/prebuilts/vndk/v34/arm64/include/bionic/libc/kernel/android/uapi/ -isystem /android/prebuilts/vndk/v34/arm64/include/bionic/libc/kernel/uapi/ -isystem /android/prebuilts/runtime/mainline/runtime/sdk/common_os/include/bionic/libc -Wno-format-insufficient-args -Wno-misleading-indentation -Wno-bitwise-instead-of-logical -Wno-unused -Wno-unused-parameter -Wno-unused-but-set-parameter -Wno-unqualified-std-cast-call -Wno-array-parameter -Wno-gnu-offsetof-extensions -Wno-fortify-source -Wno-tautological-constant-compare -Wno-tautological-type-limit-compare -Wno-implicit-int-float-conversion -Wno-tautological-overlap-compare -Wno-deprecated-copy -Wno-range-loop-construct -Wno-zero-as-null-pointer-constant -Wno-deprecated-anon-enum-enum-conversion -Wno-deprecated-enum-enum-conversion -Wno-pessimizing-move -Wno-non-c-typedef-for-linkage -Wno-align-mismatch -Wno-error=unused-but-set-variable -Wno-error=unused-but-set-parameter -Wno-error=deprecated-builtins -Wno-error=deprecated -Wno-error=single-bit-bitfield-constant-conversion -Wno-error=enum-constexpr-conversion -Wno-error=invalid-offsetof -Wno-error=thread-safety-reference-return -Wno-deprecated-dynamic-exception-spec -Wno-vla-cxx-extension -Wno-unused-variable -Wno-missing-field-initializers -Wno-packed-non-pod -Wno-void-pointer-to-enum-cast -Wno-void-pointer-to-int-cast -Wno-pointer-to-int-cast -Wno-error=deprecated-declarations -Wno-missing-field-initializers -Wno-gnu-include-next -Wno-unused-function -Wno-missing-field-initializers -Wno-unused-parameter -Wno-tautological-constant-out-of-range-compare -Wno-unknown-warning-option -Wno-tautological-constant-out-of-range-compare -Wno-duplicate-decl-specifier -Wno-format-pedantic -Wno-gnu-zero-variadic-macro-arguments -Wno-gnu-redeclared-enum -Wno-newline-eof -Wno-expansion-to-defined -Wno-embedded-directive -Wno-implicit-fallthrough -Wno-zero-length-array -Wno-c11-extensions -Wno-gnu-include-next -Wno-long-long -Wno-variadic-macros -Wno-overlength-strings -Wno-attributes -Wno-unused-parameter -Wno-type-limits -Wno-error=nested-anon-types -Wno-error=gnu-anonymous-struct -Wno-missing-field-initializers -Wno-disabled-macro-expansion -Wno-padded -Wno-unused-macros -Wno-c++98-compat -Wno-c++98-compat-pedantic -Wno-c++2a-compat -Wno-c++2a-compat-pedantic -Wno-return-std-move-in-c++11 -Wno-reserved-identifier -Wno-gnu-zero-variadic-macro-arguments -Wno-enum-compare -Wno-enum-compare-switch -Wno-null-pointer-arithmetic -Wno-null-dereference -Wno-pointer-compare -Wno-final-dtor-non-final-class -Wno-psabi -Wno-null-pointer-subtraction -Wno-string-concatenation -Wno-deprecated-non-prototype -Wno-unused -Wno-deprecated -Wno-error=deprecated-declarations -Wno-c99-designator -Wno-gnu-folding-constant -Wno-inconsistent-missing-override -Wno-error=reorder-init-list -Wno-reorder-init-list -Wno-sign-compare -Wno-unused -Wno-strict-prototypes -target aarch64-linux-android10000

build ${g.bob.BuildDir}/target/objects/libfoo/main.cpp.o: g.bob.cxx $
        ${g.bob.SrcDir}/main.cpp
    build_wrapper = 
    cflags = ${m.libfoo_target.cflags}
    cxxcompiler = prebuilts/clang/host/linux-x86/clang-r522817/bin/clang++
    cxxflags = ${m.libfoo_target.cxxflags}

build ${g.bob.BuildDir}/target/shared/libfoo.so: g.bob.shared_library $
        ${g.bob.BuildDir}/target/objects/libfoo/main.cpp.o
    build_wrapper = 
    ldflags = -target aarch64-linux-android10000 -Wl,--as-needed
    ldlibs = 
    linker = prebuilts/clang/host/linux-x86/clang-r522817/bin/clang++
    shared_libs_dir = ${g.bob.BuildDir}/target/shared
    shared_libs_flags = -Wl,-soname,libfoo.so -Wl,-rpath-link,${g.bob.BuildDir}/target/shared
    static_libs = 

build ${g.bob.BuildDir}/target/static/libfoo.a: g.bob.static_library $
        ${g.bob.BuildDir}/target/objects/libfoo/main.cpp.o
    ar = ar
    build_wrapper = 

build libfoo__target: phony ${g.bob.BuildDir}/target/static/libfoo.a $
        ${g.bob.BuildDir}/target/shared/libfoo.so
default libfoo__target

# # # # # # # # # # # # # # # # # # # # # # # # # # # # # # # # # # # # # # # #
# Singleton: bootstrap
# Factory:   github.com/google/blueprint/bootstrap.Main.newSingletonFactory.func4

build ${g.bootstrap.buildDir}/bin/minibp: g.bootstrap.cp $
        ${g.bootstrap.BinDir}/minibp
default ${g.bootstrap.buildDir}/bin/minibp

build blueprint_tools: phony
default blueprint_tools

