load("@bazel_skylib//rules:common_settings.bzl", "bool_flag", "string_flag")

# gazelle:bob_root

config_setting(
    name = "[__FEATURE_A]",
    flag_values = {"//:FEATURE_A": True},
)

config_setting(
    name = "![FEATURE_A]",
    flag_values = {"//:FEATURE_A": False},
)

alias(
    name = "[FEATURE_A]",
    actual = ":[__FEATURE_A]",
)

bool_flag(
    name = "FEATURE_A",
    build_setting_default = True,
)

string_flag(
    name = "OPTION_B",
    build_setting_default = "--secret",
)
