# ******************************************************************************
# ***            This file is generated and should not be edited             ***
# ******************************************************************************
#
# This file contains variables, rules, and pools with name prefixes indicating
# they were generated by the following Go packages:
#
#     bob       [from Go package bob]
#     bootstrap [from Go package github.com/google/blueprint/bootstrap]
#
ninja_required_version = 1.7.0

g.bob.BuildDir = redacted

g.bob.SrcDir = redacted

g.bootstrap.BinDir = redacted/.bootstrap/bin

g.bootstrap.buildDir = redacted

g.bootstrap.ninjaBuildDir = redacted

# Limit the parallelization of linking, which is memory intensive
pool g.bob.link
    depth = 1

builddir = ${g.bootstrap.ninjaBuildDir}

rule g.bob.cc
    command = ${build_wrapper} ${ccompiler} -c ${cflags} ${conlyflags} -MD -MF ${depfile} ${in} -o ${out}
    depfile = ${out}.d
    deps = gcc
    description = ${out}

rule g.bob.cxx
    command = ${build_wrapper} ${cxxcompiler} -c ${cflags} ${cxxflags} -MD -MF ${depfile} ${in} -o ${out}
    depfile = ${out}.d
    deps = gcc
    description = ${out}

rule g.bob.executable
    pool = g.bob.link
    command = ${build_wrapper} ${linker} ${in} -o ${out} ${ldflags} ${static_libs} -L${shared_libs_dir} ${shared_libs_flags} ${ldlibs}
    description = ${out}

rule g.bob.touch
    command = touch -c ${out}
    description = touch ${out}

rule g.bootstrap.cp
    command = cp ${in} ${out}
    description = cp ${out}

# # # # # # # # # # # # # # # # # # # # # # # # # # # # # # # # # # # # # # # #
# Module:  gen_source_depfile
# Variant:
# Type:    bob_generate_source
# Factory: github.com/ARM-software/bob-build/core.Main.func1.1
# Defined: build.bp:redacted

rule m.gen_source_depfile_.gen_gen_source_depfile
    command = ${tool} -o ${_out_} -d ${depfile} ${in}
    description = ${out}
    restat = true

build ${g.bob.BuildDir}/gen/gen_source_depfile/output.txt: $
        m.gen_source_depfile_.gen_gen_source_depfile $
        ${g.bob.SrcDir}/depgen1.in | ${g.bob.SrcDir}/gen_with_dep.py
    depfile = ${g.bob.BuildDir}/gen/gen_source_depfile/gen_source_depfile.d
    _out_ = ${g.bob.BuildDir}/gen/gen_source_depfile/output.txt
    tool = ${g.bob.SrcDir}/gen_with_dep.py

build gen_source_depfile: phony $
        ${g.bob.BuildDir}/gen/gen_source_depfile/output.txt
default gen_source_depfile

# # # # # # # # # # # # # # # # # # # # # # # # # # # # # # # # # # # # # # # #
# Module:  gen_source_depfile_with_implicit_outs
# Variant:
# Type:    bob_generate_source
# Factory: github.com/ARM-software/bob-build/core.Main.func1.1
# Defined: build.bp:redacted

rule m.gen_source_depfile_with_implicit_outs_.gen_gen_source_depfile_with_implicit_outs
    command = ${tool} --gen-implicit-out -o ${gen_dir}/output.txt -d ${depfile} ${in}
    description = ${out}
    restat = true

build ${g.bob.BuildDir}/gen/gen_source_depfile_with_implicit_outs/out.h: $
        g.bob.touch $
        ${g.bob.BuildDir}/gen/gen_source_depfile_with_implicit_outs/output.txt

build ${g.bob.BuildDir}/gen/gen_source_depfile_with_implicit_outs/output.txt: $
        m.gen_source_depfile_with_implicit_outs_.gen_gen_source_depfile_with_implicit_outs $
        ${g.bob.SrcDir}/depgen1.in | ${g.bob.SrcDir}/gen_with_dep.py
    depfile = ${g.bob.BuildDir}/gen/gen_source_depfile_with_implicit_outs/gen_source_depfile_with_implicit_outs.d
    deps = gcc
    _out_ = ${g.bob.BuildDir}/gen/gen_source_depfile_with_implicit_outs/output.txt ${g.bob.BuildDir}/gen/gen_source_depfile_with_implicit_outs/out.h
    gen_dir = ${g.bob.BuildDir}/gen/gen_source_depfile_with_implicit_outs
    tool = ${g.bob.SrcDir}/gen_with_dep.py

build gen_source_depfile_with_implicit_outs: phony $
        ${g.bob.BuildDir}/gen/gen_source_depfile_with_implicit_outs/output.txt $
        ${g.bob.BuildDir}/gen/gen_source_depfile_with_implicit_outs/out.h
default gen_source_depfile_with_implicit_outs

# # # # # # # # # # # # # # # # # # # # # # # # # # # # # # # # # # # # # # # #
# Module:  gen_source_globbed_exclude_implicit_sources
# Variant:
# Type:    bob_generate_source
# Factory: github.com/ARM-software/bob-build/core.Main.func1.1
# Defined: build.bp:redacted

rule m.gen_source_globbed_exclude_implicit_sources_.gen_gen_source_globbed_exclude_implicit_sources
    command = python ${tool} --src-dir ${module_dir} --use-c --out ${_out_}
    description = ${out}
    restat = true

build $
        ${g.bob.BuildDir}/gen/gen_source_globbed_exclude_implicit_sources/validate_globbed_exclude_implicit_dependency.c $
        : $
        m.gen_source_globbed_exclude_implicit_sources_.gen_gen_source_globbed_exclude_implicit_sources $
        | ${g.bob.SrcDir}/join_srcs.py
    _out_ = ${g.bob.BuildDir}/gen/gen_source_globbed_exclude_implicit_sources/validate_globbed_exclude_implicit_dependency.c
    module_dir = ${g.bob.SrcDir}
    tool = ${g.bob.SrcDir}/join_srcs.py

build gen_source_globbed_exclude_implicit_sources: phony $
        ${g.bob.BuildDir}/gen/gen_source_globbed_exclude_implicit_sources/validate_globbed_exclude_implicit_dependency.c
default gen_source_globbed_exclude_implicit_sources

# # # # # # # # # # # # # # # # # # # # # # # # # # # # # # # # # # # # # # # #
# Module:  gen_source_globbed_implicit_sources
# Variant:
# Type:    bob_generate_source
# Factory: github.com/ARM-software/bob-build/core.Main.func1.1
# Defined: build.bp:redacted

rule m.gen_source_globbed_implicit_sources_.gen_gen_source_globbed_implicit_sources
    command = python ${tool} --src-dir ${module_dir} --use-a --out ${_out_}
    description = ${out}
    restat = true

build $
        ${g.bob.BuildDir}/gen/gen_source_globbed_implicit_sources/validate_globbed_implicit_dependency.c $
        : $
        m.gen_source_globbed_implicit_sources_.gen_gen_source_globbed_implicit_sources $
        | ${g.bob.SrcDir}/join_srcs.py
    _out_ = ${g.bob.BuildDir}/gen/gen_source_globbed_implicit_sources/validate_globbed_implicit_dependency.c
    module_dir = ${g.bob.SrcDir}
    tool = ${g.bob.SrcDir}/join_srcs.py

build gen_source_globbed_implicit_sources: phony $
        ${g.bob.BuildDir}/gen/gen_source_globbed_implicit_sources/validate_globbed_implicit_dependency.c
default gen_source_globbed_implicit_sources

# # # # # # # # # # # # # # # # # # # # # # # # # # # # # # # # # # # # # # # #
# Module:  generate_feature_command
# Variant:
# Type:    bob_generate_source
# Factory: github.com/ARM-software/bob-build/core.Main.func1.1
# Defined: build.bp:redacted

rule m.generate_feature_command_.gen_generate_feature_command
    command = python3 ${tool_1} --in ${in} --out ${_out_} --config linux_config_name
    description = ${out}
    restat = true

build ${g.bob.BuildDir}/gen/generate_feature_command/out1.out: $
        m.generate_feature_command_.gen_generate_feature_command $
        ${g.bob.SrcDir}/input1.in | ${g.bob.SrcDir}/generator.py
    _out_ = ${g.bob.BuildDir}/gen/generate_feature_command/out1.out
    tool_1 = ${g.bob.SrcDir}/generator.py

build generate_feature_command: phony $
        ${g.bob.BuildDir}/gen/generate_feature_command/out1.out
default generate_feature_command

# # # # # # # # # # # # # # # # # # # # # # # # # # # # # # # # # # # # # # # #
# Module:  generate_source_multiple_in
# Variant:
# Type:    bob_generate_source
# Factory: github.com/ARM-software/bob-build/core.Main.func1.1
# Defined: build.bp:redacted

rule m.generate_source_multiple_in_.gen_generate_source_multiple_in
    command = python ${tool} --in ${in} --out ${_out_} --expect-in before_generate.in before_generate2.in before_generate3.in
    description = ${out}
    restat = true

build ${g.bob.BuildDir}/gen/generate_source_multiple_in/multiple_in.cpp: $
        m.generate_source_multiple_in_.gen_generate_source_multiple_in $
        ${g.bob.SrcDir}/before_generate3.in ${g.bob.SrcDir}/before_generate.in $
        ${g.bob.SrcDir}/before_generate2.in | ${g.bob.SrcDir}/generator.py
    _out_ = ${g.bob.BuildDir}/gen/generate_source_multiple_in/multiple_in.cpp
    tool = ${g.bob.SrcDir}/generator.py

build generate_source_multiple_in: phony $
        ${g.bob.BuildDir}/gen/generate_source_multiple_in/multiple_in.cpp

# # # # # # # # # # # # # # # # # # # # # # # # # # # # # # # # # # # # # # # #
# Module:  generate_source_multiple_in_out
# Variant:
# Type:    bob_generate_source
# Factory: github.com/ARM-software/bob-build/core.Main.func1.1
# Defined: build.bp:redacted

rule m.generate_source_multiple_in_out_.gen_generate_source_multiple_in_out
    command = python ${tool} --in ${in} --out ${_out_} --expect-in before_generate.in before_generate2.in before_generate3.in
    description = ${out}
    restat = true

build $
        ${g.bob.BuildDir}/gen/generate_source_multiple_in_out/multiple_in_out.cpp $
        ${g.bob.BuildDir}/gen/generate_source_multiple_in_out/multiple_in_out2.cpp $
        : $
        m.generate_source_multiple_in_out_.gen_generate_source_multiple_in_out $
        ${g.bob.SrcDir}/before_generate.in ${g.bob.SrcDir}/before_generate2.in $
        ${g.bob.SrcDir}/before_generate3.in | ${g.bob.SrcDir}/generator.py
    _out_ = ${g.bob.BuildDir}/gen/generate_source_multiple_in_out/multiple_in_out.cpp ${g.bob.BuildDir}/gen/generate_source_multiple_in_out/multiple_in_out2.cpp
    tool = ${g.bob.SrcDir}/generator.py

build generate_source_multiple_in_out: phony $
        ${g.bob.BuildDir}/gen/generate_source_multiple_in_out/multiple_in_out.cpp $
        ${g.bob.BuildDir}/gen/generate_source_multiple_in_out/multiple_in_out2.cpp

# # # # # # # # # # # # # # # # # # # # # # # # # # # # # # # # # # # # # # # #
# Module:  generate_source_multiple_out
# Variant:
# Type:    bob_generate_source
# Factory: github.com/ARM-software/bob-build/core.Main.func1.1
# Defined: build.bp:redacted

rule m.generate_source_multiple_out_.gen_generate_source_multiple_out
    command = python ${tool} --in ${in} --out ${_out_} --depfile ${depfile} --config ${bob_config} --out-src ${gen_dir}/common.cpp --expect-in before_generate.in
    description = ${out}
    restat = true

build ${g.bob.BuildDir}/gen/generate_source_multiple_out/multiple_out2.cpp: $
        g.bob.touch $
        ${g.bob.BuildDir}/gen/generate_source_multiple_out/multiple_out.cpp

build ${g.bob.BuildDir}/gen/generate_source_multiple_out/multiple_out.cpp: $
        m.generate_source_multiple_out_.gen_generate_source_multiple_out $
        ${g.bob.SrcDir}/before_generate.in | ${g.bob.SrcDir}/generator.py
    depfile = ${g.bob.BuildDir}/gen/generate_source_multiple_out/generate_source_multiple_out.d
    deps = gcc
    _out_ = ${g.bob.BuildDir}/gen/generate_source_multiple_out/multiple_out.cpp ${g.bob.BuildDir}/gen/generate_source_multiple_out/multiple_out2.cpp
    bob_config = %REDACTED_CONFIG_FILE%
    gen_dir = ${g.bob.BuildDir}/gen/generate_source_multiple_out
    tool = ${g.bob.SrcDir}/generator.py

build generate_source_multiple_out: phony $
        ${g.bob.BuildDir}/gen/generate_source_multiple_out/multiple_out.cpp $
        ${g.bob.BuildDir}/gen/generate_source_multiple_out/multiple_out2.cpp

# # # # # # # # # # # # # # # # # # # # # # # # # # # # # # # # # # # # # # # #
# Module:  generate_source_single
# Variant:
# Type:    bob_generate_source
# Factory: github.com/ARM-software/bob-build/core.Main.func1.1
# Defined: nested/build.bp:redacted

rule m.generate_source_single_.gen_generate_source_single
    command = python ${tool} --in ${in} --out ${_out_} --expect-in before_generate.in
    description = ${out}
    restat = true

build ${g.bob.BuildDir}/gen/generate_source_single/single.cpp: $
        m.generate_source_single_.gen_generate_source_single $
        ${g.bob.SrcDir}/nested/before_generate.in | $
        ${g.bob.SrcDir}/nested/generator.py
    _out_ = ${g.bob.BuildDir}/gen/generate_source_single/single.cpp
    tool = ${g.bob.SrcDir}/nested/generator.py

build generate_source_single: phony $
        ${g.bob.BuildDir}/gen/generate_source_single/single.cpp

# # # # # # # # # # # # # # # # # # # # # # # # # # # # # # # # # # # # # # # #
# Module:  generate_source_single_dependend
# Variant:
# Type:    bob_generate_source
# Factory: github.com/ARM-software/bob-build/core.Main.func1.1
# Defined: build.bp:redacted

rule m.generate_source_single_dependend_.gen_generate_source_single_dependend
    command = python ${tool} --in ${in} ${generate_source_single_out} --out ${_out_} --expect-in before_generate.in single.cpp
    description = ${out}
    restat = true

build ${g.bob.BuildDir}/gen/generate_source_single_dependend/deps.cpp: $
        m.generate_source_single_dependend_.gen_generate_source_single_dependend $
        ${g.bob.SrcDir}/before_generate.in | $
        ${g.bob.BuildDir}/gen/generate_source_single/single.cpp $
        ${g.bob.SrcDir}/generator.py
    _out_ = ${g.bob.BuildDir}/gen/generate_source_single_dependend/deps.cpp
    generate_source_single_out = ${g.bob.BuildDir}/gen/generate_source_single/single.cpp
    tool = ${g.bob.SrcDir}/generator.py

build generate_source_single_dependend: phony $
        ${g.bob.BuildDir}/gen/generate_source_single_dependend/deps.cpp

# # # # # # # # # # # # # # # # # # # # # # # # # # # # # # # # # # # # # # # #
# Module:  generate_source_single_dependend_nested
# Variant:
# Type:    bob_generate_source
# Factory: github.com/ARM-software/bob-build/core.Main.func1.1
# Defined: build.bp:redacted

rule m.generate_source_single_dependend_nested_.gen_generate_source_single_dependend_nested
    command = python ${tool} --in ${in} --out ${_out_} --expect-in before_generate.in deps.cpp
    description = ${out}
    restat = true

build ${g.bob.BuildDir}/gen/generate_source_single_dependend_nested/deps2.cpp: $
        m.generate_source_single_dependend_nested_.gen_generate_source_single_dependend_nested $
        ${g.bob.SrcDir}/before_generate.in $
        ${g.bob.BuildDir}/gen/generate_source_single_dependend/deps.cpp | $
        ${g.bob.SrcDir}/generator.py
    _out_ = ${g.bob.BuildDir}/gen/generate_source_single_dependend_nested/deps2.cpp
    tool = ${g.bob.SrcDir}/generator.py

build generate_source_single_dependend_nested: phony $
        ${g.bob.BuildDir}/gen/generate_source_single_dependend_nested/deps2.cpp

# # # # # # # # # # # # # # # # # # # # # # # # # # # # # # # # # # # # # # # #
# Module:  generate_source_single_level1
# Variant:
# Type:    bob_generate_source
# Factory: github.com/ARM-software/bob-build/core.Main.func1.1
# Defined: build.bp:redacted

rule m.generate_source_single_level1_.gen_generate_source_single_level1
    command = python ${tool} --in ${in} --out ${_out_} --expect-in single.cpp
    description = ${out}
    restat = true

build ${g.bob.BuildDir}/gen/generate_source_single_level1/level_1_single.cpp: $
        m.generate_source_single_level1_.gen_generate_source_single_level1 $
        ${g.bob.BuildDir}/gen/generate_source_single/single.cpp | $
        ${g.bob.SrcDir}/generator.py
    _out_ = ${g.bob.BuildDir}/gen/generate_source_single_level1/level_1_single.cpp
    tool = ${g.bob.SrcDir}/generator.py

build generate_source_single_level1: phony $
        ${g.bob.BuildDir}/gen/generate_source_single_level1/level_1_single.cpp

# # # # # # # # # # # # # # # # # # # # # # # # # # # # # # # # # # # # # # # #
# Module:  generate_source_single_level2
# Variant:
# Type:    bob_generate_source
# Factory: github.com/ARM-software/bob-build/core.Main.func1.1
# Defined: build.bp:redacted

rule m.generate_source_single_level2_.gen_generate_source_single_level2
    command = python ${tool} --in ${in} --out ${_out_} --expect-in level_1_single.cpp
    description = ${out}
    restat = true

build ${g.bob.BuildDir}/gen/generate_source_single_level2/level_2_single.cpp: $
        m.generate_source_single_level2_.gen_generate_source_single_level2 $
        ${g.bob.BuildDir}/gen/generate_source_single_level1/level_1_single.cpp $
        | ${g.bob.SrcDir}/generator.py
    _out_ = ${g.bob.BuildDir}/gen/generate_source_single_level2/level_2_single.cpp
    tool = ${g.bob.SrcDir}/generator.py

build generate_source_single_level2: phony $
        ${g.bob.BuildDir}/gen/generate_source_single_level2/level_2_single.cpp

# # # # # # # # # # # # # # # # # # # # # # # # # # # # # # # # # # # # # # # #
# Module:  generate_source_single_level3
# Variant:
# Type:    bob_generate_source
# Factory: github.com/ARM-software/bob-build/core.Main.func1.1
# Defined: build.bp:redacted

rule m.generate_source_single_level3_.gen_generate_source_single_level3
    command = python ${tool} --in ${in} --out ${_out_} --expect-in level_2_single.cpp
    description = ${out}
    restat = true

build ${g.bob.BuildDir}/gen/generate_source_single_level3/level_3_single.cpp: $
        m.generate_source_single_level3_.gen_generate_source_single_level3 $
        ${g.bob.BuildDir}/gen/generate_source_single_level2/level_2_single.cpp $
        | ${g.bob.SrcDir}/generator.py
    _out_ = ${g.bob.BuildDir}/gen/generate_source_single_level3/level_3_single.cpp
    tool = ${g.bob.SrcDir}/generator.py

build generate_source_single_level3: phony $
        ${g.bob.BuildDir}/gen/generate_source_single_level3/level_3_single.cpp

# # # # # # # # # # # # # # # # # # # # # # # # # # # # # # # # # # # # # # # #
# Module:  generate_source_single_nested_with_extra
# Variant:
# Type:    bob_generate_source
# Factory: github.com/ARM-software/bob-build/core.Main.func1.1
# Defined: build.bp:redacted

rule m.generate_source_single_nested_with_extra_.gen_generate_source_single_nested_with_extra
    command = python ${tool} --in ${in} --out ${_out_} --expect-in before_generate.in level_2_single.cpp
    description = ${out}
    restat = true

build $
        ${g.bob.BuildDir}/gen/generate_source_single_nested_with_extra/extra_single.cpp $
        : $
        m.generate_source_single_nested_with_extra_.gen_generate_source_single_nested_with_extra $
        ${g.bob.SrcDir}/before_generate.in $
        ${g.bob.BuildDir}/gen/generate_source_single_level2/level_2_single.cpp $
        | ${g.bob.SrcDir}/generator.py
    _out_ = ${g.bob.BuildDir}/gen/generate_source_single_nested_with_extra/extra_single.cpp
    tool = ${g.bob.SrcDir}/generator.py

build generate_source_single_nested_with_extra: phony $
        ${g.bob.BuildDir}/gen/generate_source_single_nested_with_extra/extra_single.cpp

# # # # # # # # # # # # # # # # # # # # # # # # # # # # # # # # # # # # # # # #
# Module:  host_and_target_supported_binary
# Variant: host
# Type:    bob_binary
# Factory: github.com/ARM-software/bob-build/core.Main.func1.1
# Defined: build.bp:redacted

m.host_and_target_supported_binary_host.cflags = 
m.host_and_target_supported_binary_host.conlyflags = 

build ${g.bob.BuildDir}/host/objects/host_binary/simple_main.c.o: g.bob.cc $
        ${g.bob.SrcDir}/simple_main.c
    build_wrapper = 
    ccompiler = gcc
    cflags = ${m.host_and_target_supported_binary_host.cflags}
    conlyflags = ${m.host_and_target_supported_binary_host.conlyflags}

build ${g.bob.BuildDir}/host/executable/host_binary: g.bob.executable $
        ${g.bob.BuildDir}/host/objects/host_binary/simple_main.c.o
    build_wrapper = 
    ldflags = -Wl,--as-needed
    ldlibs = 
    linker = g++
    shared_libs_dir = ${g.bob.BuildDir}/host/shared
    shared_libs_flags = -Wl,-rpath-link,${g.bob.BuildDir}/host/shared
    static_libs = 

build host_and_target_supported_binary__host: phony $
        ${g.bob.BuildDir}/host/executable/host_binary
default host_and_target_supported_binary__host

# # # # # # # # # # # # # # # # # # # # # # # # # # # # # # # # # # # # # # # #
# Module:  host_and_target_supported_binary
# Variant: target
# Type:    bob_binary
# Factory: github.com/ARM-software/bob-build/core.Main.func1.1
# Defined: build.bp:redacted

m.host_and_target_supported_binary_target.cflags = 
m.host_and_target_supported_binary_target.conlyflags = 

build $
        ${g.bob.BuildDir}/target/objects/host_and_target_supported_binary/simple_main.c.o $
        : g.bob.cc ${g.bob.SrcDir}/simple_main.c
    build_wrapper = 
    ccompiler = gcc
    cflags = ${m.host_and_target_supported_binary_target.cflags}
    conlyflags = ${m.host_and_target_supported_binary_target.conlyflags}

build ${g.bob.BuildDir}/target/executable/host_and_target_supported_binary: $
        g.bob.executable $
        ${g.bob.BuildDir}/target/objects/host_and_target_supported_binary/simple_main.c.o
    build_wrapper = 
    ldflags = -Wl,--as-needed
    ldlibs = 
    linker = g++
    shared_libs_dir = ${g.bob.BuildDir}/target/shared
    shared_libs_flags = -Wl,-rpath-link,${g.bob.BuildDir}/target/shared
    static_libs = 

build host_and_target_supported_binary__target: phony $
        ${g.bob.BuildDir}/target/executable/host_and_target_supported_binary
default host_and_target_supported_binary__target

# # # # # # # # # # # # # # # # # # # # # # # # # # # # # # # # # # # # # # # #
# Module:  multiple_tools_generate_sources
# Variant:
# Type:    bob_generate_source
# Factory: github.com/ARM-software/bob-build/core.Main.func1.1
# Defined: nested/build.bp:redacted

rule m.multiple_tools_generate_sources_.gen_multiple_tools_generate_sources
    command = python ${tool_1} --in ${in} --out ${_out_} && python ${tool_2} --in ${_out_}
    description = ${out}
    restat = true

build ${g.bob.BuildDir}/gen/multiple_tools_generate_sources/tool_first_out.c $
        ${g.bob.BuildDir}/gen/multiple_tools_generate_sources/tool_second_out.c $
        : $
        m.multiple_tools_generate_sources_.gen_multiple_tools_generate_sources $
        ${g.bob.SrcDir}/nested/template.in | $
        ${g.bob.SrcDir}/nested/subtool/verify.py $
        ${g.bob.SrcDir}/nested/generate.py
    _out_ = ${g.bob.BuildDir}/gen/multiple_tools_generate_sources/tool_first_out.c ${g.bob.BuildDir}/gen/multiple_tools_generate_sources/tool_second_out.c
    tool_1 = ${g.bob.SrcDir}/nested/generate.py
    tool_2 = ${g.bob.SrcDir}/nested/subtool/verify.py

build multiple_tools_generate_sources: phony $
        ${g.bob.BuildDir}/gen/multiple_tools_generate_sources/tool_first_out.c $
        ${g.bob.BuildDir}/gen/multiple_tools_generate_sources/tool_second_out.c
default multiple_tools_generate_sources

# # # # # # # # # # # # # # # # # # # # # # # # # # # # # # # # # # # # # # # #
# Module:  use_miscellaneous_generated_source_tests
# Variant: target
# Type:    bob_binary
# Factory: github.com/ARM-software/bob-build/core.Main.func1.1
# Defined: build.bp:redacted

m.use_miscellaneous_generated_source_tests_target.cflags = 
m.use_miscellaneous_generated_source_tests_target.conlyflags = 

build $
        ${g.bob.BuildDir}/target/objects/use_miscellaneous_generated_source_tests/gen/gen_source_globbed_implicit_sources/validate_globbed_implicit_dependency.c.o $
        : g.bob.cc $
        ${g.bob.BuildDir}/gen/gen_source_globbed_implicit_sources/validate_globbed_implicit_dependency.c
    build_wrapper = 
    ccompiler = gcc
    cflags = ${m.use_miscellaneous_generated_source_tests_target.cflags}
    conlyflags = ${m.use_miscellaneous_generated_source_tests_target.conlyflags}

build $
        ${g.bob.BuildDir}/target/objects/use_miscellaneous_generated_source_tests/gen/gen_source_globbed_exclude_implicit_sources/validate_globbed_exclude_implicit_dependency.c.o $
        : g.bob.cc $
        ${g.bob.BuildDir}/gen/gen_source_globbed_exclude_implicit_sources/validate_globbed_exclude_implicit_dependency.c
    build_wrapper = 
    ccompiler = gcc
    cflags = ${m.use_miscellaneous_generated_source_tests_target.cflags}
    conlyflags = ${m.use_miscellaneous_generated_source_tests_target.conlyflags}

build $
        ${g.bob.BuildDir}/target/executable/use_miscellaneous_generated_source_tests $
        : g.bob.executable $
        ${g.bob.BuildDir}/target/objects/use_miscellaneous_generated_source_tests/gen/gen_source_globbed_implicit_sources/validate_globbed_implicit_dependency.c.o $
        ${g.bob.BuildDir}/target/objects/use_miscellaneous_generated_source_tests/gen/gen_source_globbed_exclude_implicit_sources/validate_globbed_exclude_implicit_dependency.c.o
    build_wrapper = 
    ldflags = -Wl,--as-needed
    ldlibs = 
    linker = g++
    shared_libs_dir = ${g.bob.BuildDir}/target/shared
    shared_libs_flags = -Wl,-rpath-link,${g.bob.BuildDir}/target/shared
    static_libs = 

build use_miscellaneous_generated_source_tests: phony $
        ${g.bob.BuildDir}/target/executable/use_miscellaneous_generated_source_tests
default use_miscellaneous_generated_source_tests

# # # # # # # # # # # # # # # # # # # # # # # # # # # # # # # # # # # # # # # #
# Module:  use_target_specific_library
# Variant:
# Type:    bob_generate_source
# Factory: github.com/ARM-software/bob-build/core.Main.func1.1
# Defined: build.bp:redacted

rule m.use_target_specific_library_.gen_use_target_specific_library
    command = test $$(basename ${host_and_target_supported_binary_out}) = host_binary && cp ${host_and_target_supported_binary_out} ${_out_}
    description = ${out}
    restat = true

build ${g.bob.BuildDir}/gen/use_target_specific_library/libout.a: $
        m.use_target_specific_library_.gen_use_target_specific_library | $
        ${g.bob.BuildDir}/host/executable/host_binary
    _out_ = ${g.bob.BuildDir}/gen/use_target_specific_library/libout.a
    host_and_target_supported_binary_out = ${g.bob.BuildDir}/host/executable/host_binary

build use_target_specific_library: phony $
        ${g.bob.BuildDir}/gen/use_target_specific_library/libout.a
default use_target_specific_library

# # # # # # # # # # # # # # # # # # # # # # # # # # # # # # # # # # # # # # # #
# Module:  validate_install_generate_sources
# Variant:
# Type:    bob_generate_source
# Factory: github.com/ARM-software/bob-build/core.Main.func1.1
# Defined: build.bp:redacted

rule m.validate_install_generate_sources_.gen_validate_install_generate_sources
    command = touch ${_out_}
    description = ${out}
    restat = true

build $
        ${g.bob.BuildDir}/gen/validate_install_generate_sources/validate_install_generate_sources.txt $
        : $
        m.validate_install_generate_sources_.gen_validate_install_generate_sources
    _out_ = ${g.bob.BuildDir}/gen/validate_install_generate_sources/validate_install_generate_sources.txt

build validate_install_generate_sources: phony $
        ${g.bob.BuildDir}/gen/validate_install_generate_sources/validate_install_generate_sources.txt
default validate_install_generate_sources

# # # # # # # # # # # # # # # # # # # # # # # # # # # # # # # # # # # # # # # #
# Module:  validate_link_generate_sources
# Variant: target
# Type:    bob_binary
# Factory: github.com/ARM-software/bob-build/core.Main.func1.1
# Defined: build.bp:redacted

m.validate_link_generate_sources_target.cflags = 
m.validate_link_generate_sources_target.cxxflags = 

build $
        ${g.bob.BuildDir}/target/objects/validate_link_generate_sources/main.cpp.o $
        : g.bob.cxx ${g.bob.SrcDir}/main.cpp || $
        ${g.bob.BuildDir}/gen/generate_source_single/single.cpp
    build_wrapper = 
    cflags = ${m.validate_link_generate_sources_target.cflags}
    cxxcompiler = g++
    cxxflags = ${m.validate_link_generate_sources_target.cxxflags}

build $
        ${g.bob.BuildDir}/target/objects/validate_link_generate_sources/gen/generate_source_single/single.cpp.o $
        : g.bob.cxx ${g.bob.BuildDir}/gen/generate_source_single/single.cpp || $
        ${g.bob.BuildDir}/gen/generate_source_single/single.cpp
    build_wrapper = 
    cflags = ${m.validate_link_generate_sources_target.cflags}
    cxxcompiler = g++
    cxxflags = ${m.validate_link_generate_sources_target.cxxflags}

build $
        ${g.bob.BuildDir}/target/objects/validate_link_generate_sources/gen/generate_source_multiple_in/multiple_in.cpp.o $
        : g.bob.cxx $
        ${g.bob.BuildDir}/gen/generate_source_multiple_in/multiple_in.cpp || $
        ${g.bob.BuildDir}/gen/generate_source_single/single.cpp
    build_wrapper = 
    cflags = ${m.validate_link_generate_sources_target.cflags}
    cxxcompiler = g++
    cxxflags = ${m.validate_link_generate_sources_target.cxxflags}

build $
        ${g.bob.BuildDir}/target/objects/validate_link_generate_sources/gen/generate_source_multiple_out/multiple_out.cpp.o $
        : g.bob.cxx $
        ${g.bob.BuildDir}/gen/generate_source_multiple_out/multiple_out.cpp || $
        ${g.bob.BuildDir}/gen/generate_source_single/single.cpp
    build_wrapper = 
    cflags = ${m.validate_link_generate_sources_target.cflags}
    cxxcompiler = g++
    cxxflags = ${m.validate_link_generate_sources_target.cxxflags}

build $
        ${g.bob.BuildDir}/target/objects/validate_link_generate_sources/gen/generate_source_multiple_out/multiple_out2.cpp.o $
        : g.bob.cxx $
        ${g.bob.BuildDir}/gen/generate_source_multiple_out/multiple_out2.cpp $
        || ${g.bob.BuildDir}/gen/generate_source_single/single.cpp
    build_wrapper = 
    cflags = ${m.validate_link_generate_sources_target.cflags}
    cxxcompiler = g++
    cxxflags = ${m.validate_link_generate_sources_target.cxxflags}

build $
        ${g.bob.BuildDir}/target/objects/validate_link_generate_sources/gen/generate_source_multiple_in_out/multiple_in_out.cpp.o $
        : g.bob.cxx $
        ${g.bob.BuildDir}/gen/generate_source_multiple_in_out/multiple_in_out.cpp $
        || ${g.bob.BuildDir}/gen/generate_source_single/single.cpp
    build_wrapper = 
    cflags = ${m.validate_link_generate_sources_target.cflags}
    cxxcompiler = g++
    cxxflags = ${m.validate_link_generate_sources_target.cxxflags}

build $
        ${g.bob.BuildDir}/target/objects/validate_link_generate_sources/gen/generate_source_multiple_in_out/multiple_in_out2.cpp.o $
        : g.bob.cxx $
        ${g.bob.BuildDir}/gen/generate_source_multiple_in_out/multiple_in_out2.cpp $
        || ${g.bob.BuildDir}/gen/generate_source_single/single.cpp
    build_wrapper = 
    cflags = ${m.validate_link_generate_sources_target.cflags}
    cxxcompiler = g++
    cxxflags = ${m.validate_link_generate_sources_target.cxxflags}

build $
        ${g.bob.BuildDir}/target/objects/validate_link_generate_sources/gen/generate_source_single_level1/level_1_single.cpp.o $
        : g.bob.cxx $
        ${g.bob.BuildDir}/gen/generate_source_single_level1/level_1_single.cpp $
        || ${g.bob.BuildDir}/gen/generate_source_single/single.cpp
    build_wrapper = 
    cflags = ${m.validate_link_generate_sources_target.cflags}
    cxxcompiler = g++
    cxxflags = ${m.validate_link_generate_sources_target.cxxflags}

build $
        ${g.bob.BuildDir}/target/objects/validate_link_generate_sources/gen/generate_source_single_level2/level_2_single.cpp.o $
        : g.bob.cxx $
        ${g.bob.BuildDir}/gen/generate_source_single_level2/level_2_single.cpp $
        || ${g.bob.BuildDir}/gen/generate_source_single/single.cpp
    build_wrapper = 
    cflags = ${m.validate_link_generate_sources_target.cflags}
    cxxcompiler = g++
    cxxflags = ${m.validate_link_generate_sources_target.cxxflags}

build $
        ${g.bob.BuildDir}/target/objects/validate_link_generate_sources/gen/generate_source_single_level3/level_3_single.cpp.o $
        : g.bob.cxx $
        ${g.bob.BuildDir}/gen/generate_source_single_level3/level_3_single.cpp $
        || ${g.bob.BuildDir}/gen/generate_source_single/single.cpp
    build_wrapper = 
    cflags = ${m.validate_link_generate_sources_target.cflags}
    cxxcompiler = g++
    cxxflags = ${m.validate_link_generate_sources_target.cxxflags}

build $
        ${g.bob.BuildDir}/target/objects/validate_link_generate_sources/gen/generate_source_single_nested_with_extra/extra_single.cpp.o $
        : g.bob.cxx $
        ${g.bob.BuildDir}/gen/generate_source_single_nested_with_extra/extra_single.cpp $
        || ${g.bob.BuildDir}/gen/generate_source_single/single.cpp
    build_wrapper = 
    cflags = ${m.validate_link_generate_sources_target.cflags}
    cxxcompiler = g++
    cxxflags = ${m.validate_link_generate_sources_target.cxxflags}

build $
        ${g.bob.BuildDir}/target/objects/validate_link_generate_sources/gen/generate_source_single_dependend/deps.cpp.o $
        : g.bob.cxx $
        ${g.bob.BuildDir}/gen/generate_source_single_dependend/deps.cpp || $
        ${g.bob.BuildDir}/gen/generate_source_single/single.cpp
    build_wrapper = 
    cflags = ${m.validate_link_generate_sources_target.cflags}
    cxxcompiler = g++
    cxxflags = ${m.validate_link_generate_sources_target.cxxflags}

build $
        ${g.bob.BuildDir}/target/objects/validate_link_generate_sources/gen/generate_source_single_dependend_nested/deps2.cpp.o $
        : g.bob.cxx $
        ${g.bob.BuildDir}/gen/generate_source_single_dependend_nested/deps2.cpp $
        || ${g.bob.BuildDir}/gen/generate_source_single/single.cpp
    build_wrapper = 
    cflags = ${m.validate_link_generate_sources_target.cflags}
    cxxcompiler = g++
    cxxflags = ${m.validate_link_generate_sources_target.cxxflags}

build ${g.bob.BuildDir}/target/executable/validate_link_generate_sources: $
        g.bob.executable $
        ${g.bob.BuildDir}/target/objects/validate_link_generate_sources/main.cpp.o $
        ${g.bob.BuildDir}/target/objects/validate_link_generate_sources/gen/generate_source_single/single.cpp.o $
        ${g.bob.BuildDir}/target/objects/validate_link_generate_sources/gen/generate_source_multiple_in/multiple_in.cpp.o $
        ${g.bob.BuildDir}/target/objects/validate_link_generate_sources/gen/generate_source_multiple_out/multiple_out.cpp.o $
        ${g.bob.BuildDir}/target/objects/validate_link_generate_sources/gen/generate_source_multiple_out/multiple_out2.cpp.o $
        ${g.bob.BuildDir}/target/objects/validate_link_generate_sources/gen/generate_source_multiple_in_out/multiple_in_out.cpp.o $
        ${g.bob.BuildDir}/target/objects/validate_link_generate_sources/gen/generate_source_multiple_in_out/multiple_in_out2.cpp.o $
        ${g.bob.BuildDir}/target/objects/validate_link_generate_sources/gen/generate_source_single_level1/level_1_single.cpp.o $
        ${g.bob.BuildDir}/target/objects/validate_link_generate_sources/gen/generate_source_single_level2/level_2_single.cpp.o $
        ${g.bob.BuildDir}/target/objects/validate_link_generate_sources/gen/generate_source_single_level3/level_3_single.cpp.o $
        ${g.bob.BuildDir}/target/objects/validate_link_generate_sources/gen/generate_source_single_nested_with_extra/extra_single.cpp.o $
        ${g.bob.BuildDir}/target/objects/validate_link_generate_sources/gen/generate_source_single_dependend/deps.cpp.o $
        ${g.bob.BuildDir}/target/objects/validate_link_generate_sources/gen/generate_source_single_dependend_nested/deps2.cpp.o
    build_wrapper = 
    ldflags = -Wl,--as-needed
    ldlibs = 
    linker = g++
    shared_libs_dir = ${g.bob.BuildDir}/target/shared
    shared_libs_flags = -Wl,-rpath-link,${g.bob.BuildDir}/target/shared
    static_libs = 

build validate_link_generate_sources: phony $
        ${g.bob.BuildDir}/target/executable/validate_link_generate_sources
default validate_link_generate_sources

# # # # # # # # # # # # # # # # # # # # # # # # # # # # # # # # # # # # # # # #
# Singleton: bootstrap
# Factory:   github.com/google/blueprint/bootstrap.Main.newSingletonFactory.func4

build ${g.bootstrap.buildDir}/bin/minibp: g.bootstrap.cp $
        ${g.bootstrap.BinDir}/minibp

build blueprint_tools: phony

