# ******************************************************************************
# ***            This file is generated and should not be edited             ***
# ******************************************************************************
#
# This file contains variables, rules, and pools with name prefixes indicating
# they were generated by the following Go packages:
#
#     bob       [from Go package bob]
#     bootstrap [from Go package github.com/google/blueprint/bootstrap]
#
ninja_required_version = 1.7.0

g.bob.BuildDir = redacted

g.bob.SrcDir = redacted

g.bootstrap.BinDir = redacted/.bootstrap/bin

g.bootstrap.buildDir = redacted

g.bootstrap.ninjaBuildDir = redacted

g.bootstrap.srcDir = redacted

# Limit the parallelization of linking, which is memory intensive
pool g.bob.link
    depth = 1

builddir = ${g.bootstrap.ninjaBuildDir}

rule g.bob.cc
    command = ${build_wrapper} ${ccompiler} -c ${cflags} ${conlyflags} -MD -MF ${depfile} ${in} -o ${out}
    depfile = ${out}.d
    deps = gcc
    description = ${out}

rule g.bob.cxx
    command = ${build_wrapper} ${cxxcompiler} -c ${cflags} ${cxxflags} -MD -MF ${depfile} ${in} -o ${out}
    depfile = ${out}.d
    deps = gcc
    description = ${out}

rule g.bob.shared_library
    pool = g.bob.link
    command = ${build_wrapper} ${linker} -shared ${in} -o ${out} ${ldflags} ${static_libs} -L${shared_libs_dir} ${shared_libs_flags} ${ldlibs}
    description = ${out}

rule g.bob.static_library
    command = rm -f ${out} && ${build_wrapper} ${ar} -rcs ${out} ${in}
    description = ${out}

rule g.bootstrap.cp
    command = cp ${in} ${out}
    description = cp ${out}

# # # # # # # # # # # # # # # # # # # # # # # # # # # # # # # # # # # # # # # #
# Module:  foo
# Variant: host
# Type:    bob_library
# Factory: github.com/ARM-software/bob-build/core.Main.func1.1
# Defined: build.bp:redacted

m.foo_host.cflags = -Wall -Werror -pedantic
m.foo_host.conlyflags = -std=c99
m.foo_host.cxxflags = -std=c++11 -Dcppflag_host

build ${g.bob.BuildDir}/host/objects/foo/f_simple.c.o: g.bob.cc $
        ${g.bob.SrcDir}/f_simple.c
    build_wrapper = 
    ccompiler = gcc
    cflags = ${m.foo_host.cflags}
    conlyflags = ${m.foo_host.conlyflags}

build ${g.bob.BuildDir}/host/objects/foo/f_complex.cpp.o: g.bob.cxx $
        ${g.bob.SrcDir}/f_complex.cpp
    build_wrapper = 
    cflags = ${m.foo_host.cflags}
    cxxcompiler = g++
    cxxflags = ${m.foo_host.cxxflags}

build ${g.bob.BuildDir}/host/shared/foo.so: g.bob.shared_library $
        ${g.bob.BuildDir}/host/objects/foo/f_simple.c.o $
        ${g.bob.BuildDir}/host/objects/foo/f_complex.cpp.o
    build_wrapper = 
    ldflags = -Wl,--as-needed -Wl,--stats -Wl,--allow-shlib-undefined
    ldlibs = 
    linker = g++
    shared_libs_dir = ${g.bob.BuildDir}/host/shared
    shared_libs_flags = -Wl,-rpath-link,${g.bob.BuildDir}/host/shared
    static_libs = 

build ${g.bob.BuildDir}/host/static/foo.a: g.bob.static_library $
        ${g.bob.BuildDir}/host/objects/foo/f_simple.c.o $
        ${g.bob.BuildDir}/host/objects/foo/f_complex.cpp.o
    ar = ar
    build_wrapper = 

build foo__host: phony ${g.bob.BuildDir}/host/static/foo.a $
        ${g.bob.BuildDir}/host/shared/foo.so
default foo__host

# # # # # # # # # # # # # # # # # # # # # # # # # # # # # # # # # # # # # # # #
# Module:  foo
# Variant: target
# Type:    bob_library
# Factory: github.com/ARM-software/bob-build/core.Main.func1.1
# Defined: build.bp:redacted

m.foo_target.cflags = -Wall -Werror -pedantic
m.foo_target.conlyflags = -std=c99 -Dconlyflag_target
m.foo_target.cxxflags = -std=c++11

build ${g.bob.BuildDir}/target/objects/foo/f_simple.c.o: g.bob.cc $
        ${g.bob.SrcDir}/f_simple.c
    build_wrapper = 
    ccompiler = gcc
    cflags = ${m.foo_target.cflags}
    conlyflags = ${m.foo_target.conlyflags}

build ${g.bob.BuildDir}/target/objects/foo/f_complex.cpp.o: g.bob.cxx $
        ${g.bob.SrcDir}/f_complex.cpp
    build_wrapper = 
    cflags = ${m.foo_target.cflags}
    cxxcompiler = g++
    cxxflags = ${m.foo_target.cxxflags}

build ${g.bob.BuildDir}/target/shared/foo.so: g.bob.shared_library $
        ${g.bob.BuildDir}/target/objects/foo/f_simple.c.o $
        ${g.bob.BuildDir}/target/objects/foo/f_complex.cpp.o
    build_wrapper = 
    ldflags = -Wl,--as-needed -Wl,--stats -Wl,--no-allow-shlib-undefined
    ldlibs = 
    linker = g++
    shared_libs_dir = ${g.bob.BuildDir}/target/shared
    shared_libs_flags = -Wl,-rpath-link,${g.bob.BuildDir}/target/shared
    static_libs = 

build ${g.bob.BuildDir}/target/static/foo.a: g.bob.static_library $
        ${g.bob.BuildDir}/target/objects/foo/f_simple.c.o $
        ${g.bob.BuildDir}/target/objects/foo/f_complex.cpp.o
    ar = ar
    build_wrapper = 

build foo__target: phony ${g.bob.BuildDir}/target/static/foo.a $
        ${g.bob.BuildDir}/target/shared/foo.so
default foo__target

# # # # # # # # # # # # # # # # # # # # # # # # # # # # # # # # # # # # # # # #
# Singleton: bootstrap
# Factory:   github.com/google/blueprint/bootstrap.Main.newSingletonFactory.func4

rule s.bootstrap.bigbpDocs
    command = ${g.bootstrap.BinDir}/minibp -p -l redacted/bplist -b ${g.bootstrap.buildDir} --docs ${out} ${g.bootstrap.srcDir}/build.bp
    description = minibp docs ${out}

build ${g.bootstrap.buildDir}/bin/minibp: g.bootstrap.cp $
        ${g.bootstrap.BinDir}/minibp
default ${g.bootstrap.buildDir}/bin/minibp

build ${g.bootstrap.buildDir}/.primary/docs/minibp.html: s.bootstrap.bigbpDocs $
        | ${g.bootstrap.BinDir}/minibp
default ${g.bootstrap.buildDir}/.primary/docs/minibp.html

build blueprint_docs: phony ${g.bootstrap.buildDir}/.primary/docs/minibp.html
default blueprint_docs

build blueprint_tools: phony
default blueprint_tools

