
genrule {
    name: "_check_buildbp_updates_redacted",
    srcs: ["build.bp"],
    out: ["androidbp_up_to_date"],
    tool_files: ["scripts/verify_hash.py"],
    cmd: "python $(location scripts/verify_hash.py) --hash redacted --out $(out) -- $(in)",
}

genrule_bob {
    name: "test_module1",
    srcs: [
        "Kbuild",
        "test_module1.c",
    ],
    out: ["test_module1.ko"],
    implicit_outs: ["Module.symvers"],
    tools: ["scripts/kmod_build.py"],
    depfile: true,
    cmd: "${tool} -o ${out} --depfile ${depfile} --sources ${in} --common-root redacted --kernel /tmp/thispathdoesnotexist --module-dir ${gen_dir}/. --make-command prebuilts/build-tools/linux-x86/bin/make --extra-cflags=''",
    install_path: "lib/modules",
}

genrule_bob {
    name: "test_module2",
    srcs: [
        "Kbuild",
        "test_module2.c",
    ],
    generated_deps: ["test_module1"],
    out: ["test_module2.ko"],
    implicit_outs: ["Module.symvers"],
    tools: ["scripts/kmod_build.py"],
    depfile: true,
    cmd: "${tool} -o ${out} --depfile ${depfile} --sources ${in} $$(dirname ${test_module1_out})/Module.symvers --common-root redacted --kernel /tmp/thispathdoesnotexist --module-dir ${gen_dir}/. --make-command prebuilts/build-tools/linux-x86/bin/make --extra-cflags=''",
    install_path: "lib/modules",
}

