# ******************************************************************************
# ***            This file is generated and should not be edited             ***
# ******************************************************************************
#
# This file contains variables, rules, and pools with name prefixes indicating
# they were generated by the following Go packages:
#
#     bob       [from Go package bob]
#     bootstrap [from Go package github.com/google/blueprint/bootstrap]
#
ninja_required_version = 1.7.0

g.bob.BobScriptsDir = redacted/scripts

g.bob.BuildDir = redacted

g.bob.SrcDir = redacted

g.bob.toc = ${g.bob.BobScriptsDir}/library_toc.py

g.bootstrap.BinDir = redacted/.bootstrap/bin

g.bootstrap.buildDir = redacted

g.bootstrap.ninjaBuildDir = redacted

# Limit the parallelization of linking, which is memory intensive
pool g.bob.link
    depth = 1

builddir = ${g.bootstrap.ninjaBuildDir}

rule g.bob.cc
    command = ${build_wrapper} ${ccompiler} -c ${cflags} ${conlyflags} -MD -MF ${depfile} ${in} -o ${out}
    depfile = ${out}.d
    deps = gcc
    description = ${out}

rule g.bob.executable
    pool = g.bob.link
    command = ${build_wrapper} ${linker} ${in} -o ${out} ${ldflags} ${static_libs} -L${shared_libs_dir} ${shared_libs_flags} ${ldlibs}
    description = ${out}

rule g.bob.shared_library
    pool = g.bob.link
    command = ${build_wrapper} ${linker} -shared ${in} -o ${out} ${ldflags} ${static_libs} -L${shared_libs_dir} ${shared_libs_flags} ${ldlibs}
    description = ${out}

rule g.bob.shared_library_toc
    command = ${g.bob.toc} ${in} -o ${out} ${tocflags}
    description = Generate toc ${out}
    restat = true

rule g.bob.static_library
    command = rm -f ${out} && ${build_wrapper} ${ar} -rcs ${out} ${in}
    description = ${out}

rule g.bootstrap.cp
    command = cp ${in} ${out}
    description = cp ${out}

# # # # # # # # # # # # # # # # # # # # # # # # # # # # # # # # # # # # # # # #
# Module:  binary_has_indirect_ldlibs
# Variant: target
# Type:    bob_binary
# Factory: github.com/ARM-software/bob-build/core.Main.func1.1
# Defined: build.bp:redacted

m.binary_has_indirect_ldlibs_target.cflags = 
m.binary_has_indirect_ldlibs_target.conlyflags = -DANDROID -Wno-unused-but-set-variable -march=armv8-a+crypto+sha2 -nostdlibinc -fPIC -Wno-nullability-extension -Wno-gcc-compat -Wno-deprecated-non-prototypes -Wno-shorten-64-to-32 -Wno-unused-but-set-variable -Wno-implicit-function-declaration -Wno-int-conversion -I/android/prebuilts/clang/host/linux-x86/clang-r522817/include/c++/v1/ -isystem /android/prebuilts/vndk/v34/arm64/include/generated-headers/bionic/libc/libc/android_vendor.34_arm64_armv8-a_shared/gen/include -isystem /android/prebuilts/vndk/v34/arm64/include/bionic/libc/kernel/uapi/asm-arm64/ -isystem /android/prebuilts/vndk/v34/arm64/include/bionic/libc/kernel/android/uapi/ -isystem /android/prebuilts/vndk/v34/arm64/include/bionic/libc/kernel/uapi/ -isystem /android/prebuilts/runtime/mainline/runtime/sdk/common_os/include/bionic/libc -Wno-format-insufficient-args -Wno-misleading-indentation -Wno-bitwise-instead-of-logical -Wno-unused -Wno-unused-parameter -Wno-unused-but-set-parameter -Wno-unqualified-std-cast-call -Wno-array-parameter -Wno-gnu-offsetof-extensions -Wno-fortify-source -Wno-tautological-constant-compare -Wno-tautological-type-limit-compare -Wno-implicit-int-float-conversion -Wno-tautological-overlap-compare -Wno-deprecated-copy -Wno-range-loop-construct -Wno-zero-as-null-pointer-constant -Wno-deprecated-anon-enum-enum-conversion -Wno-deprecated-enum-enum-conversion -Wno-pessimizing-move -Wno-non-c-typedef-for-linkage -Wno-align-mismatch -Wno-error=unused-but-set-variable -Wno-error=unused-but-set-parameter -Wno-error=deprecated-builtins -Wno-error=deprecated -Wno-error=single-bit-bitfield-constant-conversion -Wno-error=enum-constexpr-conversion -Wno-error=invalid-offsetof -Wno-error=thread-safety-reference-return -Wno-deprecated-dynamic-exception-spec -Wno-vla-cxx-extension -Wno-unused-variable -Wno-missing-field-initializers -Wno-packed-non-pod -Wno-void-pointer-to-enum-cast -Wno-void-pointer-to-int-cast -Wno-pointer-to-int-cast -Wno-error=deprecated-declarations -Wno-missing-field-initializers -Wno-gnu-include-next -Wno-unused-function -Wno-missing-field-initializers -Wno-unused-parameter -Wno-tautological-constant-out-of-range-compare -Wno-unknown-warning-option -Wno-tautological-constant-out-of-range-compare -Wno-duplicate-decl-specifier -Wno-format-pedantic -Wno-gnu-zero-variadic-macro-arguments -Wno-gnu-redeclared-enum -Wno-newline-eof -Wno-expansion-to-defined -Wno-embedded-directive -Wno-implicit-fallthrough -Wno-zero-length-array -Wno-c11-extensions -Wno-gnu-include-next -Wno-long-long -Wno-variadic-macros -Wno-overlength-strings -Wno-attributes -Wno-unused-parameter -Wno-type-limits -Wno-error=nested-anon-types -Wno-error=gnu-anonymous-struct -Wno-missing-field-initializers -Wno-disabled-macro-expansion -Wno-padded -Wno-unused-macros -Wno-c++98-compat -Wno-c++98-compat-pedantic -Wno-c++2a-compat -Wno-c++2a-compat-pedantic -Wno-return-std-move-in-c++11 -Wno-reserved-identifier -Wno-gnu-zero-variadic-macro-arguments -Wno-enum-compare -Wno-enum-compare-switch -Wno-null-pointer-arithmetic -Wno-null-dereference -Wno-pointer-compare -Wno-final-dtor-non-final-class -Wno-psabi -Wno-null-pointer-subtraction -Wno-string-concatenation -Wno-deprecated-non-prototype -Wno-unused -Wno-deprecated -Wno-error=deprecated-declarations -Wno-c99-designator -Wno-gnu-folding-constant -Wno-inconsistent-missing-override -Wno-error=reorder-init-list -Wno-reorder-init-list -Wno-sign-compare -Wno-unused -Wno-strict-prototypes -target aarch64-linux-android10000

build ${g.bob.BuildDir}/target/objects/binary_has_indirect_ldlibs/src.c.o: $
        g.bob.cc ${g.bob.SrcDir}/src.c
    build_wrapper = 
    ccompiler = prebuilts/clang/host/linux-x86/clang-r522817/bin/clang
    cflags = ${m.binary_has_indirect_ldlibs_target.cflags}
    conlyflags = ${m.binary_has_indirect_ldlibs_target.conlyflags}

build ${g.bob.BuildDir}/target/executable/binary_has_indirect_ldlibs: $
        g.bob.executable $
        ${g.bob.BuildDir}/target/objects/binary_has_indirect_ldlibs/src.c.o | $
        ${g.bob.BuildDir}/target/static/libstatic_with_ldlibs2.a $
        ${g.bob.BuildDir}/target/static/libstatic_with_ldlibs1.a
    build_wrapper = 
    ldflags = -target aarch64-linux-android10000 --export_flag1 --export_flag_duplicate --export_flag2 --export_flag_duplicate -Wl,--as-needed
    ldlibs = -l1 -luniquelib -l2
    linker = prebuilts/clang/host/linux-x86/clang-r522817/bin/clang++
    shared_libs_dir = ${g.bob.BuildDir}/target/shared
    shared_libs_flags = -Wl,-rpath-link,${g.bob.BuildDir}/target/shared
    static_libs = ${g.bob.BuildDir}/target/static/libstatic_with_ldlibs2.a ${g.bob.BuildDir}/target/static/libstatic_with_ldlibs1.a

build binary_has_indirect_ldlibs: phony $
        ${g.bob.BuildDir}/target/executable/binary_has_indirect_ldlibs
default binary_has_indirect_ldlibs

# # # # # # # # # # # # # # # # # # # # # # # # # # # # # # # # # # # # # # # #
# Module:  libshared_has_indirect_ldlibs
# Variant: target
# Type:    bob_shared_library
# Factory: github.com/ARM-software/bob-build/core.Main.func1.1
# Defined: build.bp:redacted

m.libshared_has_indirect_ldlibs_target.cflags = 
m.libshared_has_indirect_ldlibs_target.conlyflags = -DANDROID -Wno-unused-but-set-variable -march=armv8-a+crypto+sha2 -nostdlibinc -fPIC -Wno-nullability-extension -Wno-gcc-compat -Wno-deprecated-non-prototypes -Wno-shorten-64-to-32 -Wno-unused-but-set-variable -Wno-implicit-function-declaration -Wno-int-conversion -I/android/prebuilts/clang/host/linux-x86/clang-r522817/include/c++/v1/ -isystem /android/prebuilts/vndk/v34/arm64/include/generated-headers/bionic/libc/libc/android_vendor.34_arm64_armv8-a_shared/gen/include -isystem /android/prebuilts/vndk/v34/arm64/include/bionic/libc/kernel/uapi/asm-arm64/ -isystem /android/prebuilts/vndk/v34/arm64/include/bionic/libc/kernel/android/uapi/ -isystem /android/prebuilts/vndk/v34/arm64/include/bionic/libc/kernel/uapi/ -isystem /android/prebuilts/runtime/mainline/runtime/sdk/common_os/include/bionic/libc -Wno-format-insufficient-args -Wno-misleading-indentation -Wno-bitwise-instead-of-logical -Wno-unused -Wno-unused-parameter -Wno-unused-but-set-parameter -Wno-unqualified-std-cast-call -Wno-array-parameter -Wno-gnu-offsetof-extensions -Wno-fortify-source -Wno-tautological-constant-compare -Wno-tautological-type-limit-compare -Wno-implicit-int-float-conversion -Wno-tautological-overlap-compare -Wno-deprecated-copy -Wno-range-loop-construct -Wno-zero-as-null-pointer-constant -Wno-deprecated-anon-enum-enum-conversion -Wno-deprecated-enum-enum-conversion -Wno-pessimizing-move -Wno-non-c-typedef-for-linkage -Wno-align-mismatch -Wno-error=unused-but-set-variable -Wno-error=unused-but-set-parameter -Wno-error=deprecated-builtins -Wno-error=deprecated -Wno-error=single-bit-bitfield-constant-conversion -Wno-error=enum-constexpr-conversion -Wno-error=invalid-offsetof -Wno-error=thread-safety-reference-return -Wno-deprecated-dynamic-exception-spec -Wno-vla-cxx-extension -Wno-unused-variable -Wno-missing-field-initializers -Wno-packed-non-pod -Wno-void-pointer-to-enum-cast -Wno-void-pointer-to-int-cast -Wno-pointer-to-int-cast -Wno-error=deprecated-declarations -Wno-missing-field-initializers -Wno-gnu-include-next -Wno-unused-function -Wno-missing-field-initializers -Wno-unused-parameter -Wno-tautological-constant-out-of-range-compare -Wno-unknown-warning-option -Wno-tautological-constant-out-of-range-compare -Wno-duplicate-decl-specifier -Wno-format-pedantic -Wno-gnu-zero-variadic-macro-arguments -Wno-gnu-redeclared-enum -Wno-newline-eof -Wno-expansion-to-defined -Wno-embedded-directive -Wno-implicit-fallthrough -Wno-zero-length-array -Wno-c11-extensions -Wno-gnu-include-next -Wno-long-long -Wno-variadic-macros -Wno-overlength-strings -Wno-attributes -Wno-unused-parameter -Wno-type-limits -Wno-error=nested-anon-types -Wno-error=gnu-anonymous-struct -Wno-missing-field-initializers -Wno-disabled-macro-expansion -Wno-padded -Wno-unused-macros -Wno-c++98-compat -Wno-c++98-compat-pedantic -Wno-c++2a-compat -Wno-c++2a-compat-pedantic -Wno-return-std-move-in-c++11 -Wno-reserved-identifier -Wno-gnu-zero-variadic-macro-arguments -Wno-enum-compare -Wno-enum-compare-switch -Wno-null-pointer-arithmetic -Wno-null-dereference -Wno-pointer-compare -Wno-final-dtor-non-final-class -Wno-psabi -Wno-null-pointer-subtraction -Wno-string-concatenation -Wno-deprecated-non-prototype -Wno-unused -Wno-deprecated -Wno-error=deprecated-declarations -Wno-c99-designator -Wno-gnu-folding-constant -Wno-inconsistent-missing-override -Wno-error=reorder-init-list -Wno-reorder-init-list -Wno-sign-compare -Wno-unused -Wno-strict-prototypes -target aarch64-linux-android10000

build ${g.bob.BuildDir}/target/objects/libshared_has_indirect_ldlibs/lib.c.o: $
        g.bob.cc ${g.bob.SrcDir}/lib.c
    build_wrapper = 
    ccompiler = prebuilts/clang/host/linux-x86/clang-r522817/bin/clang
    cflags = ${m.libshared_has_indirect_ldlibs_target.cflags}
    conlyflags = ${m.libshared_has_indirect_ldlibs_target.conlyflags}

build ${g.bob.BuildDir}/target/shared/libshared_has_indirect_ldlibs.so: $
        g.bob.shared_library $
        ${g.bob.BuildDir}/target/objects/libshared_has_indirect_ldlibs/lib.c.o $
        | ${g.bob.BuildDir}/target/static/libstatic_with_ldlibs2.a $
        ${g.bob.BuildDir}/target/static/libstatic_with_ldlibs1.a
    build_wrapper = 
    ldflags = -target aarch64-linux-android10000 --export_flag1 --export_flag_duplicate --export_flag2 --export_flag_duplicate -Wl,--as-needed
    ldlibs = -l1 -luniquelib -l2
    linker = prebuilts/clang/host/linux-x86/clang-r522817/bin/clang++
    shared_libs_dir = ${g.bob.BuildDir}/target/shared
    shared_libs_flags = -Wl,-soname,libshared_has_indirect_ldlibs.so -Wl,-rpath-link,${g.bob.BuildDir}/target/shared
    static_libs = ${g.bob.BuildDir}/target/static/libstatic_with_ldlibs2.a ${g.bob.BuildDir}/target/static/libstatic_with_ldlibs1.a

build ${g.bob.BuildDir}/target/shared/libshared_has_indirect_ldlibs.so.toc: $
        g.bob.shared_library_toc $
        ${g.bob.BuildDir}/target/shared/libshared_has_indirect_ldlibs.so | $
        ${g.bob.toc}
    tocflags = --format elf --objdump-tool llvm-objdump

build libshared_has_indirect_ldlibs: phony $
        ${g.bob.BuildDir}/target/shared/libshared_has_indirect_ldlibs.so

# # # # # # # # # # # # # # # # # # # # # # # # # # # # # # # # # # # # # # # #
# Module:  libstatic_with_ldlibs1
# Variant: target
# Type:    bob_static_library
# Factory: github.com/ARM-software/bob-build/core.Main.func1.1
# Defined: build.bp:redacted

m.libstatic_with_ldlibs1_target.cflags = 
m.libstatic_with_ldlibs1_target.conlyflags = -DANDROID -Wno-unused-but-set-variable -march=armv8-a+crypto+sha2 -nostdlibinc -fPIC -Wno-nullability-extension -Wno-gcc-compat -Wno-deprecated-non-prototypes -Wno-shorten-64-to-32 -Wno-unused-but-set-variable -Wno-implicit-function-declaration -Wno-int-conversion -I/android/prebuilts/clang/host/linux-x86/clang-r522817/include/c++/v1/ -isystem /android/prebuilts/vndk/v34/arm64/include/generated-headers/bionic/libc/libc/android_vendor.34_arm64_armv8-a_shared/gen/include -isystem /android/prebuilts/vndk/v34/arm64/include/bionic/libc/kernel/uapi/asm-arm64/ -isystem /android/prebuilts/vndk/v34/arm64/include/bionic/libc/kernel/android/uapi/ -isystem /android/prebuilts/vndk/v34/arm64/include/bionic/libc/kernel/uapi/ -isystem /android/prebuilts/runtime/mainline/runtime/sdk/common_os/include/bionic/libc -Wno-format-insufficient-args -Wno-misleading-indentation -Wno-bitwise-instead-of-logical -Wno-unused -Wno-unused-parameter -Wno-unused-but-set-parameter -Wno-unqualified-std-cast-call -Wno-array-parameter -Wno-gnu-offsetof-extensions -Wno-fortify-source -Wno-tautological-constant-compare -Wno-tautological-type-limit-compare -Wno-implicit-int-float-conversion -Wno-tautological-overlap-compare -Wno-deprecated-copy -Wno-range-loop-construct -Wno-zero-as-null-pointer-constant -Wno-deprecated-anon-enum-enum-conversion -Wno-deprecated-enum-enum-conversion -Wno-pessimizing-move -Wno-non-c-typedef-for-linkage -Wno-align-mismatch -Wno-error=unused-but-set-variable -Wno-error=unused-but-set-parameter -Wno-error=deprecated-builtins -Wno-error=deprecated -Wno-error=single-bit-bitfield-constant-conversion -Wno-error=enum-constexpr-conversion -Wno-error=invalid-offsetof -Wno-error=thread-safety-reference-return -Wno-deprecated-dynamic-exception-spec -Wno-vla-cxx-extension -Wno-unused-variable -Wno-missing-field-initializers -Wno-packed-non-pod -Wno-void-pointer-to-enum-cast -Wno-void-pointer-to-int-cast -Wno-pointer-to-int-cast -Wno-error=deprecated-declarations -Wno-missing-field-initializers -Wno-gnu-include-next -Wno-unused-function -Wno-missing-field-initializers -Wno-unused-parameter -Wno-tautological-constant-out-of-range-compare -Wno-unknown-warning-option -Wno-tautological-constant-out-of-range-compare -Wno-duplicate-decl-specifier -Wno-format-pedantic -Wno-gnu-zero-variadic-macro-arguments -Wno-gnu-redeclared-enum -Wno-newline-eof -Wno-expansion-to-defined -Wno-embedded-directive -Wno-implicit-fallthrough -Wno-zero-length-array -Wno-c11-extensions -Wno-gnu-include-next -Wno-long-long -Wno-variadic-macros -Wno-overlength-strings -Wno-attributes -Wno-unused-parameter -Wno-type-limits -Wno-error=nested-anon-types -Wno-error=gnu-anonymous-struct -Wno-missing-field-initializers -Wno-disabled-macro-expansion -Wno-padded -Wno-unused-macros -Wno-c++98-compat -Wno-c++98-compat-pedantic -Wno-c++2a-compat -Wno-c++2a-compat-pedantic -Wno-return-std-move-in-c++11 -Wno-reserved-identifier -Wno-gnu-zero-variadic-macro-arguments -Wno-enum-compare -Wno-enum-compare-switch -Wno-null-pointer-arithmetic -Wno-null-dereference -Wno-pointer-compare -Wno-final-dtor-non-final-class -Wno-psabi -Wno-null-pointer-subtraction -Wno-string-concatenation -Wno-deprecated-non-prototype -Wno-unused -Wno-deprecated -Wno-error=deprecated-declarations -Wno-c99-designator -Wno-gnu-folding-constant -Wno-inconsistent-missing-override -Wno-error=reorder-init-list -Wno-reorder-init-list -Wno-sign-compare -Wno-unused -Wno-strict-prototypes -target aarch64-linux-android10000

build ${g.bob.BuildDir}/target/objects/libstatic_with_ldlibs1/lib.c.o: $
        g.bob.cc ${g.bob.SrcDir}/lib.c
    build_wrapper = 
    ccompiler = prebuilts/clang/host/linux-x86/clang-r522817/bin/clang
    cflags = ${m.libstatic_with_ldlibs1_target.cflags}
    conlyflags = ${m.libstatic_with_ldlibs1_target.conlyflags}

build ${g.bob.BuildDir}/target/static/libstatic_with_ldlibs1.a: $
        g.bob.static_library $
        ${g.bob.BuildDir}/target/objects/libstatic_with_ldlibs1/lib.c.o
    ar = ar
    build_wrapper = 

build libstatic_with_ldlibs1: phony $
        ${g.bob.BuildDir}/target/static/libstatic_with_ldlibs1.a

# # # # # # # # # # # # # # # # # # # # # # # # # # # # # # # # # # # # # # # #
# Module:  libstatic_with_ldlibs2
# Variant: target
# Type:    bob_static_library
# Factory: github.com/ARM-software/bob-build/core.Main.func1.1
# Defined: build.bp:redacted

m.libstatic_with_ldlibs2_target.cflags = 
m.libstatic_with_ldlibs2_target.conlyflags = -DANDROID -Wno-unused-but-set-variable -march=armv8-a+crypto+sha2 -nostdlibinc -fPIC -Wno-nullability-extension -Wno-gcc-compat -Wno-deprecated-non-prototypes -Wno-shorten-64-to-32 -Wno-unused-but-set-variable -Wno-implicit-function-declaration -Wno-int-conversion -I/android/prebuilts/clang/host/linux-x86/clang-r522817/include/c++/v1/ -isystem /android/prebuilts/vndk/v34/arm64/include/generated-headers/bionic/libc/libc/android_vendor.34_arm64_armv8-a_shared/gen/include -isystem /android/prebuilts/vndk/v34/arm64/include/bionic/libc/kernel/uapi/asm-arm64/ -isystem /android/prebuilts/vndk/v34/arm64/include/bionic/libc/kernel/android/uapi/ -isystem /android/prebuilts/vndk/v34/arm64/include/bionic/libc/kernel/uapi/ -isystem /android/prebuilts/runtime/mainline/runtime/sdk/common_os/include/bionic/libc -Wno-format-insufficient-args -Wno-misleading-indentation -Wno-bitwise-instead-of-logical -Wno-unused -Wno-unused-parameter -Wno-unused-but-set-parameter -Wno-unqualified-std-cast-call -Wno-array-parameter -Wno-gnu-offsetof-extensions -Wno-fortify-source -Wno-tautological-constant-compare -Wno-tautological-type-limit-compare -Wno-implicit-int-float-conversion -Wno-tautological-overlap-compare -Wno-deprecated-copy -Wno-range-loop-construct -Wno-zero-as-null-pointer-constant -Wno-deprecated-anon-enum-enum-conversion -Wno-deprecated-enum-enum-conversion -Wno-pessimizing-move -Wno-non-c-typedef-for-linkage -Wno-align-mismatch -Wno-error=unused-but-set-variable -Wno-error=unused-but-set-parameter -Wno-error=deprecated-builtins -Wno-error=deprecated -Wno-error=single-bit-bitfield-constant-conversion -Wno-error=enum-constexpr-conversion -Wno-error=invalid-offsetof -Wno-error=thread-safety-reference-return -Wno-deprecated-dynamic-exception-spec -Wno-vla-cxx-extension -Wno-unused-variable -Wno-missing-field-initializers -Wno-packed-non-pod -Wno-void-pointer-to-enum-cast -Wno-void-pointer-to-int-cast -Wno-pointer-to-int-cast -Wno-error=deprecated-declarations -Wno-missing-field-initializers -Wno-gnu-include-next -Wno-unused-function -Wno-missing-field-initializers -Wno-unused-parameter -Wno-tautological-constant-out-of-range-compare -Wno-unknown-warning-option -Wno-tautological-constant-out-of-range-compare -Wno-duplicate-decl-specifier -Wno-format-pedantic -Wno-gnu-zero-variadic-macro-arguments -Wno-gnu-redeclared-enum -Wno-newline-eof -Wno-expansion-to-defined -Wno-embedded-directive -Wno-implicit-fallthrough -Wno-zero-length-array -Wno-c11-extensions -Wno-gnu-include-next -Wno-long-long -Wno-variadic-macros -Wno-overlength-strings -Wno-attributes -Wno-unused-parameter -Wno-type-limits -Wno-error=nested-anon-types -Wno-error=gnu-anonymous-struct -Wno-missing-field-initializers -Wno-disabled-macro-expansion -Wno-padded -Wno-unused-macros -Wno-c++98-compat -Wno-c++98-compat-pedantic -Wno-c++2a-compat -Wno-c++2a-compat-pedantic -Wno-return-std-move-in-c++11 -Wno-reserved-identifier -Wno-gnu-zero-variadic-macro-arguments -Wno-enum-compare -Wno-enum-compare-switch -Wno-null-pointer-arithmetic -Wno-null-dereference -Wno-pointer-compare -Wno-final-dtor-non-final-class -Wno-psabi -Wno-null-pointer-subtraction -Wno-string-concatenation -Wno-deprecated-non-prototype -Wno-unused -Wno-deprecated -Wno-error=deprecated-declarations -Wno-c99-designator -Wno-gnu-folding-constant -Wno-inconsistent-missing-override -Wno-error=reorder-init-list -Wno-reorder-init-list -Wno-sign-compare -Wno-unused -Wno-strict-prototypes -target aarch64-linux-android10000

build ${g.bob.BuildDir}/target/objects/libstatic_with_ldlibs2/lib.c.o: $
        g.bob.cc ${g.bob.SrcDir}/lib.c
    build_wrapper = 
    ccompiler = prebuilts/clang/host/linux-x86/clang-r522817/bin/clang
    cflags = ${m.libstatic_with_ldlibs2_target.cflags}
    conlyflags = ${m.libstatic_with_ldlibs2_target.conlyflags}

build ${g.bob.BuildDir}/target/static/libstatic_with_ldlibs2.a: $
        g.bob.static_library $
        ${g.bob.BuildDir}/target/objects/libstatic_with_ldlibs2/lib.c.o
    ar = ar
    build_wrapper = 

build libstatic_with_ldlibs2: phony $
        ${g.bob.BuildDir}/target/static/libstatic_with_ldlibs2.a

# # # # # # # # # # # # # # # # # # # # # # # # # # # # # # # # # # # # # # # #
# Module:  uses_shared
# Variant: target
# Type:    bob_binary
# Factory: github.com/ARM-software/bob-build/core.Main.func1.1
# Defined: build.bp:redacted

m.uses_shared_target.cflags = 
m.uses_shared_target.conlyflags = -DANDROID -Wno-unused-but-set-variable -march=armv8-a+crypto+sha2 -nostdlibinc -fPIC -Wno-nullability-extension -Wno-gcc-compat -Wno-deprecated-non-prototypes -Wno-shorten-64-to-32 -Wno-unused-but-set-variable -Wno-implicit-function-declaration -Wno-int-conversion -I/android/prebuilts/clang/host/linux-x86/clang-r522817/include/c++/v1/ -isystem /android/prebuilts/vndk/v34/arm64/include/generated-headers/bionic/libc/libc/android_vendor.34_arm64_armv8-a_shared/gen/include -isystem /android/prebuilts/vndk/v34/arm64/include/bionic/libc/kernel/uapi/asm-arm64/ -isystem /android/prebuilts/vndk/v34/arm64/include/bionic/libc/kernel/android/uapi/ -isystem /android/prebuilts/vndk/v34/arm64/include/bionic/libc/kernel/uapi/ -isystem /android/prebuilts/runtime/mainline/runtime/sdk/common_os/include/bionic/libc -Wno-format-insufficient-args -Wno-misleading-indentation -Wno-bitwise-instead-of-logical -Wno-unused -Wno-unused-parameter -Wno-unused-but-set-parameter -Wno-unqualified-std-cast-call -Wno-array-parameter -Wno-gnu-offsetof-extensions -Wno-fortify-source -Wno-tautological-constant-compare -Wno-tautological-type-limit-compare -Wno-implicit-int-float-conversion -Wno-tautological-overlap-compare -Wno-deprecated-copy -Wno-range-loop-construct -Wno-zero-as-null-pointer-constant -Wno-deprecated-anon-enum-enum-conversion -Wno-deprecated-enum-enum-conversion -Wno-pessimizing-move -Wno-non-c-typedef-for-linkage -Wno-align-mismatch -Wno-error=unused-but-set-variable -Wno-error=unused-but-set-parameter -Wno-error=deprecated-builtins -Wno-error=deprecated -Wno-error=single-bit-bitfield-constant-conversion -Wno-error=enum-constexpr-conversion -Wno-error=invalid-offsetof -Wno-error=thread-safety-reference-return -Wno-deprecated-dynamic-exception-spec -Wno-vla-cxx-extension -Wno-unused-variable -Wno-missing-field-initializers -Wno-packed-non-pod -Wno-void-pointer-to-enum-cast -Wno-void-pointer-to-int-cast -Wno-pointer-to-int-cast -Wno-error=deprecated-declarations -Wno-missing-field-initializers -Wno-gnu-include-next -Wno-unused-function -Wno-missing-field-initializers -Wno-unused-parameter -Wno-tautological-constant-out-of-range-compare -Wno-unknown-warning-option -Wno-tautological-constant-out-of-range-compare -Wno-duplicate-decl-specifier -Wno-format-pedantic -Wno-gnu-zero-variadic-macro-arguments -Wno-gnu-redeclared-enum -Wno-newline-eof -Wno-expansion-to-defined -Wno-embedded-directive -Wno-implicit-fallthrough -Wno-zero-length-array -Wno-c11-extensions -Wno-gnu-include-next -Wno-long-long -Wno-variadic-macros -Wno-overlength-strings -Wno-attributes -Wno-unused-parameter -Wno-type-limits -Wno-error=nested-anon-types -Wno-error=gnu-anonymous-struct -Wno-missing-field-initializers -Wno-disabled-macro-expansion -Wno-padded -Wno-unused-macros -Wno-c++98-compat -Wno-c++98-compat-pedantic -Wno-c++2a-compat -Wno-c++2a-compat-pedantic -Wno-return-std-move-in-c++11 -Wno-reserved-identifier -Wno-gnu-zero-variadic-macro-arguments -Wno-enum-compare -Wno-enum-compare-switch -Wno-null-pointer-arithmetic -Wno-null-dereference -Wno-pointer-compare -Wno-final-dtor-non-final-class -Wno-psabi -Wno-null-pointer-subtraction -Wno-string-concatenation -Wno-deprecated-non-prototype -Wno-unused -Wno-deprecated -Wno-error=deprecated-declarations -Wno-c99-designator -Wno-gnu-folding-constant -Wno-inconsistent-missing-override -Wno-error=reorder-init-list -Wno-reorder-init-list -Wno-sign-compare -Wno-unused -Wno-strict-prototypes -target aarch64-linux-android10000

build ${g.bob.BuildDir}/target/objects/uses_shared/src.c.o: g.bob.cc $
        ${g.bob.SrcDir}/src.c
    build_wrapper = 
    ccompiler = prebuilts/clang/host/linux-x86/clang-r522817/bin/clang
    cflags = ${m.uses_shared_target.cflags}
    conlyflags = ${m.uses_shared_target.conlyflags}

build ${g.bob.BuildDir}/target/executable/uses_shared: g.bob.executable $
        ${g.bob.BuildDir}/target/objects/uses_shared/src.c.o | $
        ${g.bob.BuildDir}/target/shared/libshared_has_indirect_ldlibs.so.toc $
        || ${g.bob.BuildDir}/target/shared/libshared_has_indirect_ldlibs.so
    build_wrapper = 
    ldflags = -target aarch64-linux-android10000 -Wl,--as-needed
    ldlibs = 
    linker = prebuilts/clang/host/linux-x86/clang-r522817/bin/clang++
    shared_libs_dir = ${g.bob.BuildDir}/target/shared
    shared_libs_flags = -lshared_has_indirect_ldlibs -Wl,-rpath-link,${g.bob.BuildDir}/target/shared
    static_libs = 

build uses_shared: phony ${g.bob.BuildDir}/target/executable/uses_shared
default uses_shared

# # # # # # # # # # # # # # # # # # # # # # # # # # # # # # # # # # # # # # # #
# Singleton: bootstrap
# Factory:   github.com/google/blueprint/bootstrap.Main.newSingletonFactory.func4

build ${g.bootstrap.buildDir}/bin/minibp: g.bootstrap.cp $
        ${g.bootstrap.BinDir}/minibp
default ${g.bootstrap.buildDir}/bin/minibp

build blueprint_tools: phony
default blueprint_tools

