# ******************************************************************************
# ***            This file is generated and should not be edited             ***
# ******************************************************************************
#
# This file contains variables, rules, and pools with name prefixes indicating
# they were generated by the following Go packages:
#
#     bob       [from Go package bob]
#     bootstrap [from Go package github.com/google/blueprint/bootstrap]
#
ninja_required_version = 1.7.0

g.bob.BuildDir = redacted

g.bob.SrcDir = redacted

g.bootstrap.BinDir = redacted/.bootstrap/bin

g.bootstrap.buildDir = redacted

g.bootstrap.ninjaBuildDir = redacted

g.bootstrap.srcDir = redacted

# Limit the parallelization of linking, which is memory intensive
pool g.bob.link
    depth = 1

builddir = ${g.bootstrap.ninjaBuildDir}

rule g.bob.cc
    command = ${build_wrapper} ${ccompiler} -c ${cflags} ${conlyflags} -MD -MF ${depfile} ${in} -o ${out}
    depfile = ${out}.d
    deps = gcc
    description = ${out}

rule g.bob.executable
    pool = g.bob.link
    command = ${build_wrapper} ${linker} ${in} -o ${out} ${ldflags} ${static_libs} -L${shared_libs_dir} ${shared_libs_flags} ${ldlibs}
    description = ${out}

rule g.bootstrap.cp
    command = cp ${in} ${out}
    description = cp ${out}

# # # # # # # # # # # # # # # # # # # # # # # # # # # # # # # # # # # # # # # #
# Module:  glob_test_nested
# Variant: target
# Type:    bob_binary
# Factory: github.com/ARM-software/bob-build/core.Main.func1.1
# Defined: build.bp:redacted

m.glob_test_nested_target.cflags = 
m.glob_test_nested_target.conlyflags = -DANDROID -Wno-unused-but-set-variable -march=armv8-a+crypto+sha2 -nostdlibinc -fPIC -Wno-nullability-extension -Wno-gcc-compat -Wno-deprecated-non-prototypes -Wno-shorten-64-to-32 -Wno-unused-but-set-variable -Wno-implicit-function-declaration -Wno-int-conversion -I/android/prebuilts/clang/host/linux-x86/clang-r522817/include/c++/v1/ -isystem /android/prebuilts/vndk/v34/arm64/include/generated-headers/bionic/libc/libc/android_vendor.34_arm64_armv8-a_shared/gen/include -isystem /android/prebuilts/vndk/v34/arm64/include/bionic/libc/kernel/uapi/asm-arm64/ -isystem /android/prebuilts/vndk/v34/arm64/include/bionic/libc/kernel/android/uapi/ -isystem /android/prebuilts/vndk/v34/arm64/include/bionic/libc/kernel/uapi/ -isystem /android/prebuilts/runtime/mainline/runtime/sdk/common_os/include/bionic/libc -Wno-format-insufficient-args -Wno-misleading-indentation -Wno-bitwise-instead-of-logical -Wno-unused -Wno-unused-parameter -Wno-unused-but-set-parameter -Wno-unqualified-std-cast-call -Wno-array-parameter -Wno-gnu-offsetof-extensions -Wno-fortify-source -Wno-tautological-constant-compare -Wno-tautological-type-limit-compare -Wno-implicit-int-float-conversion -Wno-tautological-overlap-compare -Wno-deprecated-copy -Wno-range-loop-construct -Wno-zero-as-null-pointer-constant -Wno-deprecated-anon-enum-enum-conversion -Wno-deprecated-enum-enum-conversion -Wno-pessimizing-move -Wno-non-c-typedef-for-linkage -Wno-align-mismatch -Wno-error=unused-but-set-variable -Wno-error=unused-but-set-parameter -Wno-error=deprecated-builtins -Wno-error=deprecated -Wno-error=single-bit-bitfield-constant-conversion -Wno-error=enum-constexpr-conversion -Wno-error=invalid-offsetof -Wno-error=thread-safety-reference-return -Wno-deprecated-dynamic-exception-spec -Wno-vla-cxx-extension -Wno-unused-variable -Wno-missing-field-initializers -Wno-packed-non-pod -Wno-void-pointer-to-enum-cast -Wno-void-pointer-to-int-cast -Wno-pointer-to-int-cast -Wno-error=deprecated-declarations -Wno-missing-field-initializers -Wno-gnu-include-next -Wno-unused-function -Wno-missing-field-initializers -Wno-unused-parameter -Wno-tautological-constant-out-of-range-compare -Wno-unknown-warning-option -Wno-tautological-constant-out-of-range-compare -Wno-duplicate-decl-specifier -Wno-format-pedantic -Wno-gnu-zero-variadic-macro-arguments -Wno-gnu-redeclared-enum -Wno-newline-eof -Wno-expansion-to-defined -Wno-embedded-directive -Wno-implicit-fallthrough -Wno-zero-length-array -Wno-c11-extensions -Wno-gnu-include-next -Wno-long-long -Wno-variadic-macros -Wno-overlength-strings -Wno-attributes -Wno-unused-parameter -Wno-type-limits -Wno-error=nested-anon-types -Wno-error=gnu-anonymous-struct -Wno-missing-field-initializers -Wno-disabled-macro-expansion -Wno-padded -Wno-unused-macros -Wno-c++98-compat -Wno-c++98-compat-pedantic -Wno-c++2a-compat -Wno-c++2a-compat-pedantic -Wno-return-std-move-in-c++11 -Wno-reserved-identifier -Wno-gnu-zero-variadic-macro-arguments -Wno-enum-compare -Wno-enum-compare-switch -Wno-null-pointer-arithmetic -Wno-null-dereference -Wno-pointer-compare -Wno-final-dtor-non-final-class -Wno-psabi -Wno-null-pointer-subtraction -Wno-string-concatenation -Wno-deprecated-non-prototype -Wno-unused -Wno-deprecated -Wno-error=deprecated-declarations -Wno-c99-designator -Wno-gnu-folding-constant -Wno-inconsistent-missing-override -Wno-error=reorder-init-list -Wno-reorder-init-list -Wno-sign-compare -Wno-unused -Wno-strict-prototypes -target aarch64-linux-android10000

build ${g.bob.BuildDir}/target/objects/glob_test_nested/main.c.o: g.bob.cc $
        ${g.bob.SrcDir}/main.c
    build_wrapper = 
    ccompiler = prebuilts/clang/host/linux-x86/clang-r522817/bin/clang
    cflags = ${m.glob_test_nested_target.cflags}
    conlyflags = ${m.glob_test_nested_target.conlyflags}

build ${g.bob.BuildDir}/target/objects/glob_test_nested/test_glob.c.o: $
        g.bob.cc ${g.bob.SrcDir}/test_glob.c
    build_wrapper = 
    ccompiler = prebuilts/clang/host/linux-x86/clang-r522817/bin/clang
    cflags = ${m.glob_test_nested_target.cflags}
    conlyflags = ${m.glob_test_nested_target.conlyflags}

build ${g.bob.BuildDir}/target/objects/glob_test_nested/dir1/func1.c.o: $
        g.bob.cc ${g.bob.SrcDir}/dir1/func1.c
    build_wrapper = 
    ccompiler = prebuilts/clang/host/linux-x86/clang-r522817/bin/clang
    cflags = ${m.glob_test_nested_target.cflags}
    conlyflags = ${m.glob_test_nested_target.conlyflags}

build ${g.bob.BuildDir}/target/objects/glob_test_nested/dir2/func2.c.o: $
        g.bob.cc ${g.bob.SrcDir}/dir2/func2.c
    build_wrapper = 
    ccompiler = prebuilts/clang/host/linux-x86/clang-r522817/bin/clang
    cflags = ${m.glob_test_nested_target.cflags}
    conlyflags = ${m.glob_test_nested_target.conlyflags}

build ${g.bob.BuildDir}/target/executable/glob_test_nested: g.bob.executable $
        ${g.bob.BuildDir}/target/objects/glob_test_nested/main.c.o $
        ${g.bob.BuildDir}/target/objects/glob_test_nested/test_glob.c.o $
        ${g.bob.BuildDir}/target/objects/glob_test_nested/dir1/func1.c.o $
        ${g.bob.BuildDir}/target/objects/glob_test_nested/dir2/func2.c.o | $
        ${g.bob.BuildDir}/target/executable/nested_glob_test
    build_wrapper = 
    ldflags = -target aarch64-linux-android10000 -Wl,--as-needed
    ldlibs = 
    linker = prebuilts/clang/host/linux-x86/clang-r522817/bin/clang++
    shared_libs_dir = ${g.bob.BuildDir}/target/shared
    shared_libs_flags = -Wl,-rpath-link,${g.bob.BuildDir}/target/shared
    static_libs = 

build glob_test_nested: phony $
        ${g.bob.BuildDir}/target/executable/glob_test_nested
default glob_test_nested

# # # # # # # # # # # # # # # # # # # # # # # # # # # # # # # # # # # # # # # #
# Module:  nested_glob_test
# Variant: target
# Type:    bob_binary
# Factory: github.com/ARM-software/bob-build/core.Main.func1.1
# Defined: module/build.bp:redacted

m.nested_glob_test_target.cflags = 
m.nested_glob_test_target.conlyflags = -DANDROID -Wno-unused-but-set-variable -march=armv8-a+crypto+sha2 -nostdlibinc -fPIC -Wno-nullability-extension -Wno-gcc-compat -Wno-deprecated-non-prototypes -Wno-shorten-64-to-32 -Wno-unused-but-set-variable -Wno-implicit-function-declaration -Wno-int-conversion -I/android/prebuilts/clang/host/linux-x86/clang-r522817/include/c++/v1/ -isystem /android/prebuilts/vndk/v34/arm64/include/generated-headers/bionic/libc/libc/android_vendor.34_arm64_armv8-a_shared/gen/include -isystem /android/prebuilts/vndk/v34/arm64/include/bionic/libc/kernel/uapi/asm-arm64/ -isystem /android/prebuilts/vndk/v34/arm64/include/bionic/libc/kernel/android/uapi/ -isystem /android/prebuilts/vndk/v34/arm64/include/bionic/libc/kernel/uapi/ -isystem /android/prebuilts/runtime/mainline/runtime/sdk/common_os/include/bionic/libc -Wno-format-insufficient-args -Wno-misleading-indentation -Wno-bitwise-instead-of-logical -Wno-unused -Wno-unused-parameter -Wno-unused-but-set-parameter -Wno-unqualified-std-cast-call -Wno-array-parameter -Wno-gnu-offsetof-extensions -Wno-fortify-source -Wno-tautological-constant-compare -Wno-tautological-type-limit-compare -Wno-implicit-int-float-conversion -Wno-tautological-overlap-compare -Wno-deprecated-copy -Wno-range-loop-construct -Wno-zero-as-null-pointer-constant -Wno-deprecated-anon-enum-enum-conversion -Wno-deprecated-enum-enum-conversion -Wno-pessimizing-move -Wno-non-c-typedef-for-linkage -Wno-align-mismatch -Wno-error=unused-but-set-variable -Wno-error=unused-but-set-parameter -Wno-error=deprecated-builtins -Wno-error=deprecated -Wno-error=single-bit-bitfield-constant-conversion -Wno-error=enum-constexpr-conversion -Wno-error=invalid-offsetof -Wno-error=thread-safety-reference-return -Wno-deprecated-dynamic-exception-spec -Wno-vla-cxx-extension -Wno-unused-variable -Wno-missing-field-initializers -Wno-packed-non-pod -Wno-void-pointer-to-enum-cast -Wno-void-pointer-to-int-cast -Wno-pointer-to-int-cast -Wno-error=deprecated-declarations -Wno-missing-field-initializers -Wno-gnu-include-next -Wno-unused-function -Wno-missing-field-initializers -Wno-unused-parameter -Wno-tautological-constant-out-of-range-compare -Wno-unknown-warning-option -Wno-tautological-constant-out-of-range-compare -Wno-duplicate-decl-specifier -Wno-format-pedantic -Wno-gnu-zero-variadic-macro-arguments -Wno-gnu-redeclared-enum -Wno-newline-eof -Wno-expansion-to-defined -Wno-embedded-directive -Wno-implicit-fallthrough -Wno-zero-length-array -Wno-c11-extensions -Wno-gnu-include-next -Wno-long-long -Wno-variadic-macros -Wno-overlength-strings -Wno-attributes -Wno-unused-parameter -Wno-type-limits -Wno-error=nested-anon-types -Wno-error=gnu-anonymous-struct -Wno-missing-field-initializers -Wno-disabled-macro-expansion -Wno-padded -Wno-unused-macros -Wno-c++98-compat -Wno-c++98-compat-pedantic -Wno-c++2a-compat -Wno-c++2a-compat-pedantic -Wno-return-std-move-in-c++11 -Wno-reserved-identifier -Wno-gnu-zero-variadic-macro-arguments -Wno-enum-compare -Wno-enum-compare-switch -Wno-null-pointer-arithmetic -Wno-null-dereference -Wno-pointer-compare -Wno-final-dtor-non-final-class -Wno-psabi -Wno-null-pointer-subtraction -Wno-string-concatenation -Wno-deprecated-non-prototype -Wno-unused -Wno-deprecated -Wno-error=deprecated-declarations -Wno-c99-designator -Wno-gnu-folding-constant -Wno-inconsistent-missing-override -Wno-error=reorder-init-list -Wno-reorder-init-list -Wno-sign-compare -Wno-unused -Wno-strict-prototypes -target aarch64-linux-android10000

build ${g.bob.BuildDir}/target/objects/nested_glob_test/module/main.c.o: $
        g.bob.cc ${g.bob.SrcDir}/module/main.c
    build_wrapper = 
    ccompiler = prebuilts/clang/host/linux-x86/clang-r522817/bin/clang
    cflags = ${m.nested_glob_test_target.cflags}
    conlyflags = ${m.nested_glob_test_target.conlyflags}

build ${g.bob.BuildDir}/target/objects/nested_glob_test/module/test_glob.c.o: $
        g.bob.cc ${g.bob.SrcDir}/module/test_glob.c
    build_wrapper = 
    ccompiler = prebuilts/clang/host/linux-x86/clang-r522817/bin/clang
    cflags = ${m.nested_glob_test_target.cflags}
    conlyflags = ${m.nested_glob_test_target.conlyflags}

build ${g.bob.BuildDir}/target/objects/nested_glob_test/module/dir1/func1.c.o: $
        g.bob.cc ${g.bob.SrcDir}/module/dir1/func1.c
    build_wrapper = 
    ccompiler = prebuilts/clang/host/linux-x86/clang-r522817/bin/clang
    cflags = ${m.nested_glob_test_target.cflags}
    conlyflags = ${m.nested_glob_test_target.conlyflags}

build ${g.bob.BuildDir}/target/objects/nested_glob_test/module/dir2/func2.c.o: $
        g.bob.cc ${g.bob.SrcDir}/module/dir2/func2.c
    build_wrapper = 
    ccompiler = prebuilts/clang/host/linux-x86/clang-r522817/bin/clang
    cflags = ${m.nested_glob_test_target.cflags}
    conlyflags = ${m.nested_glob_test_target.conlyflags}

build ${g.bob.BuildDir}/target/executable/nested_glob_test: g.bob.executable $
        ${g.bob.BuildDir}/target/objects/nested_glob_test/module/main.c.o $
        ${g.bob.BuildDir}/target/objects/nested_glob_test/module/test_glob.c.o $
        ${g.bob.BuildDir}/target/objects/nested_glob_test/module/dir1/func1.c.o $
        ${g.bob.BuildDir}/target/objects/nested_glob_test/module/dir2/func2.c.o
    build_wrapper = 
    ldflags = -target aarch64-linux-android10000 -Wl,--as-needed
    ldlibs = 
    linker = prebuilts/clang/host/linux-x86/clang-r522817/bin/clang++
    shared_libs_dir = ${g.bob.BuildDir}/target/shared
    shared_libs_flags = -Wl,-rpath-link,${g.bob.BuildDir}/target/shared
    static_libs = 

build nested_glob_test: phony $
        ${g.bob.BuildDir}/target/executable/nested_glob_test
default nested_glob_test

# # # # # # # # # # # # # # # # # # # # # # # # # # # # # # # # # # # # # # # #
# Singleton: bootstrap
# Factory:   github.com/google/blueprint/bootstrap.Main.func4

rule s.bootstrap.bigbpDocs
    command = ${g.bootstrap.BinDir}/minibp -p -l redacted/bplist -b ${g.bootstrap.buildDir} --docs ${out} ${g.bootstrap.srcDir}/build.bp
    description = minibp docs ${out}

build ${g.bootstrap.buildDir}/bin/minibp: g.bootstrap.cp $
        ${g.bootstrap.BinDir}/minibp
default ${g.bootstrap.buildDir}/bin/minibp

build ${g.bootstrap.buildDir}/.primary/docs/minibp.html: s.bootstrap.bigbpDocs $
        | ${g.bootstrap.BinDir}/minibp
default ${g.bootstrap.buildDir}/.primary/docs/minibp.html

build blueprint_docs: phony ${g.bootstrap.buildDir}/.primary/docs/minibp.html
default blueprint_docs

build blueprint_tools: phony
default blueprint_tools

