load("@bazel_skylib//rules:common_settings.bzl", "bool_flag")

bool_flag(
    name = "feature_b",
    build_setting_default = True,
)

config_setting(
    name = "config_feature_b",
    flag_values = {
        ":feature_b": "true",
    },
)

filegroup(
    name = "fg_201",
    srcs = [
        "srcs/input_201.c",
    ],
)

filegroup(
    name = "fg_202",
    srcs = [
        "srcs/input_202.c",
    ],
)

filegroup(
    name = "fg_203",
    srcs = [
        "srcs/input_203.c",
    ],
)

filegroup(
    name = "fg_204",
    srcs = [
        "srcs/input_204.c",
    ],
)

filegroup(
    name = "glob_204_1",
    srcs = glob(
        ["lib/**/*_204_1.c"],
        exclude_directories = 1,
        allow_empty = True,
    ),
)

filegroup(
    name = "fg_205",
    srcs = [
        "srcs/input_205.c",
    ],
)

filegroup(
    name = "fg_206",
    srcs = [
        "srcs/input_206.c",
    ],
)

filegroup(
    name = "glob_lib_207",
    srcs = glob(
        ["lib/**/*_207.c"],
        exclude = ["lib/**/exclude_*_207.cpp"],
        exclude_directories = 1,
        allow_empty = True,
    ),
)

filegroup(
    name = "glob_lib_208",
    srcs = glob(
        ["lib/**/*_208.c"],
        exclude = ["lib/**/exclude_*_208.cpp"],
        exclude_directories = 1,
        allow_empty = True,
    ),
)

filegroup(
    name = "glob_lib_209",
    srcs = glob(
        ["lib/**/*_209.c"],
        exclude = ["lib/**/exclude_*_209.cpp"],
        exclude_directories = 1,
        allow_empty = True,
    ),
)

filegroup(
    name = "glob_lib_210",
    srcs = glob(
        ["lib/**/*_210.c"],
        exclude = ["lib/**/exclude_*_210.cpp"],
        exclude_directories = 1,
        allow_empty = True,
    ),
)

filegroup(
    name = "glob_lib_211",
    srcs = glob(
        ["lib/**/*_211.c"],
        exclude = ["lib/**/exclude_*_211.cpp"],
        exclude_directories = 1,
        allow_empty = True,
    ),
)

filegroup(
    name = "glob_lib_212",
    srcs = glob(
        ["lib/**/*_212.c"],
        exclude = ["lib/**/exclude_*_212.cpp"],
        exclude_directories = 1,
        allow_empty = True,
    ),
)
