# ******************************************************************************
# ***            This file is generated and should not be edited             ***
# ******************************************************************************
#
# This file contains variables, rules, and pools with name prefixes indicating
# they were generated by the following Go packages:
#
#     bob       [from Go package bob]
#     bootstrap [from Go package github.com/google/blueprint/bootstrap]
#
ninja_required_version = 1.7.0

g.bob.BuildDir = redacted

g.bob.SrcDir = redacted

g.bootstrap.BinDir = redacted/.bootstrap/bin

g.bootstrap.buildDir = redacted

g.bootstrap.ninjaBuildDir = redacted

# Limit the parallelization of linking, which is memory intensive
pool g.bob.link
    depth = 1

builddir = ${g.bootstrap.ninjaBuildDir}

rule g.bob.cxx
    command = ${build_wrapper} ${cxxcompiler} -c ${cflags} ${cxxflags} -MD -MF ${depfile} ${in} -o ${out}
    depfile = ${out}.d
    deps = gcc
    description = ${out}

rule g.bob.install
    command = rm -f ${out}; cp ${in} ${out}
    description = ${out}

rule g.bob.shared_library
    pool = g.bob.link
    command = ${build_wrapper} ${linker} -shared ${in} -o ${out} ${ldflags} ${static_libs} -L${shared_libs_dir} ${shared_libs_flags} ${ldlibs}
    description = ${out}

rule g.bob.static_library
    command = rm -f ${out} && ${build_wrapper} ${ar} -rcs ${out} ${in}
    description = ${out}

rule g.bootstrap.cp
    command = cp ${in} ${out}
    description = cp ${out}

# # # # # # # # # # # # # # # # # # # # # # # # # # # # # # # # # # # # # # # #
# Module:  libfoo
# Variant: host
# Type:    bob_library
# Factory: github.com/ARM-software/bob-build/core.Main.func1.1
# Defined: build.bp:redacted

m.libfoo_host.cflags = 
m.libfoo_host.cxxflags = 

build ${g.bob.BuildDir}/host/objects/libfoo/main.cpp.o: g.bob.cxx $
        ${g.bob.SrcDir}/main.cpp
    build_wrapper = 
    cflags = ${m.libfoo_host.cflags}
    cxxcompiler = g++
    cxxflags = ${m.libfoo_host.cxxflags}

build ${g.bob.BuildDir}/host/shared/libfoo.so: g.bob.shared_library $
        ${g.bob.BuildDir}/host/objects/libfoo/main.cpp.o
    build_wrapper = 
    ldflags = -Wl,--as-needed
    ldlibs = 
    linker = g++
    shared_libs_dir = ${g.bob.BuildDir}/host/shared
    shared_libs_flags = -Wl,-rpath-link,${g.bob.BuildDir}/host/shared
    static_libs = 

build ${g.bob.BuildDir}/host/static/libfoo.a: g.bob.static_library $
        ${g.bob.BuildDir}/host/objects/libfoo/main.cpp.o
    ar = ar
    build_wrapper = 

build ${g.bob.BuildDir}/install/host/lib/libfoo.a: g.bob.install $
        ${g.bob.BuildDir}/host/static/libfoo.a

build ${g.bob.BuildDir}/install/host/lib/libfoo.so: g.bob.install $
        ${g.bob.BuildDir}/host/shared/libfoo.so

build libfoo__host: phony ${g.bob.BuildDir}/install/host/lib/libfoo.a $
        ${g.bob.BuildDir}/install/host/lib/libfoo.so $
        ${g.bob.BuildDir}/host/static/libfoo.a $
        ${g.bob.BuildDir}/host/shared/libfoo.so
default libfoo__host

# # # # # # # # # # # # # # # # # # # # # # # # # # # # # # # # # # # # # # # #
# Module:  libfoo
# Variant: target
# Type:    bob_library
# Factory: github.com/ARM-software/bob-build/core.Main.func1.1
# Defined: build.bp:redacted

m.libfoo_target.cflags = 
m.libfoo_target.cxxflags = 

build ${g.bob.BuildDir}/target/objects/libfoo/main.cpp.o: g.bob.cxx $
        ${g.bob.SrcDir}/main.cpp
    build_wrapper = 
    cflags = ${m.libfoo_target.cflags}
    cxxcompiler = g++
    cxxflags = ${m.libfoo_target.cxxflags}

build ${g.bob.BuildDir}/target/shared/libfoo.so: g.bob.shared_library $
        ${g.bob.BuildDir}/target/objects/libfoo/main.cpp.o
    build_wrapper = 
    ldflags = -Wl,--as-needed
    ldlibs = 
    linker = g++
    shared_libs_dir = ${g.bob.BuildDir}/target/shared
    shared_libs_flags = -Wl,-rpath-link,${g.bob.BuildDir}/target/shared
    static_libs = 

build ${g.bob.BuildDir}/target/static/libfoo.a: g.bob.static_library $
        ${g.bob.BuildDir}/target/objects/libfoo/main.cpp.o
    ar = ar
    build_wrapper = 

build ${g.bob.BuildDir}/install/lib/libfoo.a: g.bob.install $
        ${g.bob.BuildDir}/target/static/libfoo.a

build ${g.bob.BuildDir}/install/lib/libfoo.so: g.bob.install $
        ${g.bob.BuildDir}/target/shared/libfoo.so

build libfoo__target: phony ${g.bob.BuildDir}/install/lib/libfoo.a $
        ${g.bob.BuildDir}/install/lib/libfoo.so $
        ${g.bob.BuildDir}/target/static/libfoo.a $
        ${g.bob.BuildDir}/target/shared/libfoo.so
default libfoo__target

# # # # # # # # # # # # # # # # # # # # # # # # # # # # # # # # # # # # # # # #
# Singleton: bootstrap
# Factory:   github.com/google/blueprint/bootstrap.Main.newSingletonFactory.func4

build ${g.bootstrap.buildDir}/bin/minibp: g.bootstrap.cp $
        ${g.bootstrap.BinDir}/minibp

build blueprint_tools: phony

